Archive member included to satisfy reference by file (symbol)

/usr/lib/gcc/arm-none-eabi/13.2.1/../../../arm-none-eabi/lib/thumb/v8-m.main+fp/softfp/libm.a(libm_a-wf_sqrt.o)
                              CMakeFiles/blink.dir/home/pico2/pico-sdk/src/rp2_common/pico_float/float_math.c.o (sqrtf)
/usr/lib/gcc/arm-none-eabi/13.2.1/../../../arm-none-eabi/lib/thumb/v8-m.main+fp/softfp/libm.a(libm_a-ef_sqrt.o)
                              /usr/lib/gcc/arm-none-eabi/13.2.1/../../../arm-none-eabi/lib/thumb/v8-m.main+fp/softfp/libm.a(libm_a-wf_sqrt.o) (__ieee754_sqrtf)
/usr/lib/gcc/arm-none-eabi/13.2.1/thumb/v8-m.main+fp/softfp/libgcc.a(_arm_addsubdf3.o)
                              CMakeFiles/blink.dir/home/pico2/pico-sdk/src/rp2_common/pico_float/float_math.c.o (__aeabi_f2d)
/usr/lib/gcc/arm-none-eabi/13.2.1/thumb/v8-m.main+fp/softfp/libgcc.a(_aeabi_ldivmod.o)
                              CMakeFiles/blink.dir/home/pico2/pico-sdk/src/common/pico_time/time.c.o (__aeabi_ldivmod)
/usr/lib/gcc/arm-none-eabi/13.2.1/thumb/v8-m.main+fp/softfp/libgcc.a(_aeabi_uldivmod.o)
                              CMakeFiles/blink.dir/home/pico2/pico-sdk/src/rp2_common/hardware_clocks/clocks.c.o (__aeabi_uldivmod)
/usr/lib/gcc/arm-none-eabi/13.2.1/thumb/v8-m.main+fp/softfp/libgcc.a(_udivmoddi4.o)
                              /usr/lib/gcc/arm-none-eabi/13.2.1/thumb/v8-m.main+fp/softfp/libgcc.a(_aeabi_ldivmod.o) (__udivmoddi4)
/usr/lib/gcc/arm-none-eabi/13.2.1/thumb/v8-m.main+fp/softfp/libgcc.a(_dvmd_tls.o)
                              /usr/lib/gcc/arm-none-eabi/13.2.1/thumb/v8-m.main+fp/softfp/libgcc.a(_aeabi_ldivmod.o) (__aeabi_ldiv0)
/usr/lib/gcc/arm-none-eabi/13.2.1/../../../arm-none-eabi/lib/thumb/v8-m.main+fp/softfp/libg.a(libc_a-memset.o)
                              /usr/lib/gcc/arm-none-eabi/13.2.1/../../../arm-none-eabi/lib/thumb/v8-m.main+fp/softfp/crt0.o (memset)
/usr/lib/gcc/arm-none-eabi/13.2.1/../../../arm-none-eabi/lib/thumb/v8-m.main+fp/softfp/libg.a(libc_a-calloc.o)
                              CMakeFiles/blink.dir/home/pico2/pico-sdk/src/rp2_common/pico_malloc/malloc.c.o (calloc)
/usr/lib/gcc/arm-none-eabi/13.2.1/../../../arm-none-eabi/lib/thumb/v8-m.main+fp/softfp/libg.a(libc_a-errno.o)
                              /usr/lib/gcc/arm-none-eabi/13.2.1/../../../arm-none-eabi/lib/thumb/v8-m.main+fp/softfp/libm.a(libm_a-wf_sqrt.o) (__errno)
/usr/lib/gcc/arm-none-eabi/13.2.1/../../../arm-none-eabi/lib/thumb/v8-m.main+fp/softfp/libg.a(libc_a-impure.o)
                              /usr/lib/gcc/arm-none-eabi/13.2.1/../../../arm-none-eabi/lib/thumb/v8-m.main+fp/softfp/libg.a(libc_a-calloc.o) (_impure_ptr)
/usr/lib/gcc/arm-none-eabi/13.2.1/../../../arm-none-eabi/lib/thumb/v8-m.main+fp/softfp/libg.a(libc_a-callocr.o)
                              /usr/lib/gcc/arm-none-eabi/13.2.1/../../../arm-none-eabi/lib/thumb/v8-m.main+fp/softfp/libg.a(libc_a-calloc.o) (_calloc_r)
/usr/lib/gcc/arm-none-eabi/13.2.1/../../../arm-none-eabi/lib/thumb/v8-m.main+fp/softfp/libg.a(libc_a-realloc.o)
                              CMakeFiles/blink.dir/home/pico2/pico-sdk/src/rp2_common/pico_malloc/malloc.c.o (realloc)
/usr/lib/gcc/arm-none-eabi/13.2.1/../../../arm-none-eabi/lib/thumb/v8-m.main+fp/softfp/libg.a(libc_a-mallocr.o)
                              /usr/lib/gcc/arm-none-eabi/13.2.1/../../../arm-none-eabi/lib/thumb/v8-m.main+fp/softfp/libg.a(libc_a-callocr.o) (_malloc_r)
/usr/lib/gcc/arm-none-eabi/13.2.1/../../../arm-none-eabi/lib/thumb/v8-m.main+fp/softfp/libg.a(libc_a-freer.o)
                              /usr/lib/gcc/arm-none-eabi/13.2.1/../../../arm-none-eabi/lib/thumb/v8-m.main+fp/softfp/libg.a(libc_a-mallocr.o) (_free_r)
/usr/lib/gcc/arm-none-eabi/13.2.1/../../../arm-none-eabi/lib/thumb/v8-m.main+fp/softfp/libg.a(libc_a-memcmp.o)
                              CMakeFiles/blink.dir/home/pico2/pico-sdk/src/rp2_common/pico_atomic/atomic.c.o (memcmp)
/usr/lib/gcc/arm-none-eabi/13.2.1/../../../arm-none-eabi/lib/thumb/v8-m.main+fp/softfp/libg.a(libc_a-malloc.o)
                              CMakeFiles/blink.dir/home/pico2/pico-sdk/src/rp2_common/pico_malloc/malloc.c.o (malloc)
/usr/lib/gcc/arm-none-eabi/13.2.1/../../../arm-none-eabi/lib/thumb/v8-m.main+fp/softfp/libg.a(libc_a-memcpy.o)
                              CMakeFiles/blink.dir/home/pico2/pico-sdk/src/common/pico_util/queue.c.o (memcpy)
/usr/lib/gcc/arm-none-eabi/13.2.1/../../../arm-none-eabi/lib/thumb/v8-m.main+fp/softfp/libg.a(libc_a-sysconf.o)
                              /usr/lib/gcc/arm-none-eabi/13.2.1/../../../arm-none-eabi/lib/thumb/v8-m.main+fp/softfp/libg.a(libc_a-mallocr.o) (sysconf)
/usr/lib/gcc/arm-none-eabi/13.2.1/../../../arm-none-eabi/lib/thumb/v8-m.main+fp/softfp/libg.a(libc_a-init.o)
                              /usr/lib/gcc/arm-none-eabi/13.2.1/../../../arm-none-eabi/lib/thumb/v8-m.main+fp/softfp/crt0.o (__libc_init_array)
/usr/lib/gcc/arm-none-eabi/13.2.1/../../../arm-none-eabi/lib/thumb/v8-m.main+fp/softfp/libg.a(libc_a-reallocr.o)
[...]
Memory Configuration

Name             Origin             Length             Attributes
FLASH            0x10000000         0x00400000         xr
RAM              0x20000000         0x00080000         xrw
SCRATCH_X        0x20080000         0x00001000         xrw
SCRATCH_Y        0x20081000         0x00001000         xrw
*default*        0x00000000         0xffffffff

Linker script and memory map

LOAD /usr/lib/gcc/arm-none-eabi/13.2.1/thumb/v8-m.main+fp/softfp/crti.o
LOAD /usr/lib/gcc/arm-none-eabi/13.2.1/thumb/v8-m.main+fp/softfp/crtbegin.o
LOAD /usr/lib/gcc/arm-none-eabi/13.2.1/../../../arm-none-eabi/lib/thumb/v8-m.main+fp/softfp/crt0.o

.flash_begin    0x10000000        0x0
                0x10000000                        __flash_binary_start = .

.text           0x10000000     0x33e0
                0x10000000                        __logical_binary_start = .
 *(.vectors)
 .vectors       0x10000000      0x124 CMakeFiles/blink.dir/home/pico2/pico-sdk/src/rp2_common/pico_crt0/crt0.S.o
                0x10000000                __vectors
                0x10000000                __VECTOR_TABLE
                0x10000110                isr_securefault
                0x10000110                isr_irq30
                0x10000110                __unhandled_user_irq
                0x10000110                isr_irq49
                0x10000110                isr_irq13
                0x10000110                isr_irq43
                0x10000110                isr_irq45
                0x10000110                isr_irq27
                0x10000110                isr_irq32
                0x10000110                isr_irq31
                0x10000110                isr_irq5
                0x10000110                isr_irq11
                0x10000110                isr_irq23
                0x10000110                isr_usagefault
                0x10000110                isr_irq48
                0x10000110                isr_irq35
                0x10000110                isr_irq18
                0x10000110                isr_irq50
                0x10000110                isr_irq40
                0x10000110                isr_irq28
                0x10000110                isr_irq19
                0x10000110                isr_irq36
                0x10000110                isr_irq41
                0x10000110                isr_irq0
                0x10000110                isr_irq6
                0x10000110                isr_memmanage
                0x10000110                isr_irq37
                0x10000110                isr_irq42
                0x10000110                isr_irq22
                0x10000110                isr_irq17
                0x10000110                isr_irq38
                0x10000110                isr_irq14
                0x10000110                __vectors_end
                0x10000110                __default_isrs_start
                0x10000110                isr_irq2
                0x10000110                isr_irq10
                0x10000110                isr_irq8
                0x10000110                isr_debugmonitor
                0x10000110                isr_irq24
                0x10000110                isr_irq46
                0x10000110                isr_irq1
                0x10000110                isr_irq47
                0x10000110                isr_irq51
                0x10000110                isr_irq7
                0x10000110                isr_irq21
                0x10000110                isr_irq39
                0x10000110                isr_irq20
                0x10000110                isr_irq15
                0x10000110                isr_irq25
                0x10000110                isr_irq34
                0x10000110                isr_irq4
                0x10000110                isr_busfault
                0x10000110                isr_irq16
                0x10000110                isr_irq44
                0x10000110                isr_irq29
                0x10000110                isr_irq26
                0x10000110                isr_irq33
                0x10000110                isr_irq3
                0x10000110                isr_irq12
                0x10000110                isr_irq9
                0x10000116                unhandled_user_irq_num_in_r0
                0x10000118                isr_invalid
                0x1000011a                isr_nmi
                0x1000011c                isr_hardfault
                0x1000011e                isr_svcall
                0x10000120                isr_pendsv
                0x10000122                isr_systick
                0x10000124                __default_isrs_end
 *(.binary_info_header)
 .binary_info_header
                0x10000124       0x14 CMakeFiles/blink.dir/home/pico2/pico-sdk/src/rp2_common/pico_crt0/crt0.S.o
                0x10000138                        __binary_info_header_end = .
 *(.embedded_block)
 .embedded_block
                0x10000138       0x14 CMakeFiles/blink.dir/home/pico2/pico-sdk/src/rp2_common/pico_crt0/crt0.S.o
                0x1000014c                        __embedded_block_end = .
 *(.reset)
 .reset         0x1000014c       0x98 CMakeFiles/blink.dir/home/pico2/pico-sdk/src/rp2_common/pico_crt0/crt0.S.o
                0x1000014c                _entry_point
 *(.init)
 .init          0x100001e4        0x4 /usr/lib/gcc/arm-none-eabi/13.2.1/thumb/v8-m.main+fp/softfp/crti.o
                0x100001e4                _init
 *libgcc.a:cmse_nonsecure_call.o()
 *(EXCLUDE_FILE(*libm.a: *libc.a:*lib_a-mem*.o *libgcc.a:) .text*)
 .text          0x100001e8       0x8c /usr/lib/gcc/arm-none-eabi/13.2.1/thumb/v8-m.main+fp/softfp/crtbegin.o
 .text.main     0x10000274       0x50 CMakeFiles/blink.dir/blink.c.o
                0x10000274                main
 .text.gpio_set_function
                0x100002c4       0x38 CMakeFiles/blink.dir/home/pico2/pico-sdk/src/rp2_common/hardware_gpio/gpio.c.o
                0x100002c4                gpio_set_function
 .text.gpio_init
                0x100002fc       0x16 CMakeFiles/blink.dir/home/pico2/pico-sdk/src/rp2_common/hardware_gpio/gpio.c.o
                0x100002fc                gpio_init
 *fill*         0x10000312        0x2 
 .text.panic    0x10000314       0x30 CMakeFiles/blink.dir/home/pico2/pico-sdk/src/rp2_common/pico_platform_panic/panic.c.o
                0x10000314                panic
 .text.hw_claim_lock
                0x10000344       0x24 CMakeFiles/blink.dir/home/pico2/pico-sdk/src/common/hardware_claim/claim.c.o
                0x10000344                hw_claim_lock
 .text.hw_claim_unlock
                0x10000368       0x14 CMakeFiles/blink.dir/home/pico2/pico-sdk/src/common/hardware_claim/claim.c.o
                0x10000368                hw_claim_unlock
 .text.hw_claim_or_assert
                0x1000037c       0x32 CMakeFiles/blink.dir/home/pico2/pico-sdk/src/common/hardware_claim/claim.c.o
                0x1000037c                hw_claim_or_assert
 *fill*         0x100003ae        0x2 
 .text.next_striped_spin_lock_num
                0x100003b0       0x1c CMakeFiles/blink.dir/home/pico2/pico-sdk/src/rp2_common/hardware_sync/sync.c.o
                0x100003b0                next_striped_spin_lock_num
 .text.spinlock_set_extexclall
                0x100003cc        0xe CMakeFiles/blink.dir/home/pico2/pico-sdk/src/rp2_common/hardware_sync_spin_lock/sync_spin_lock.c.o
 *fill*         0x100003da        0x2 
 .text.spin_locks_reset
                0x100003dc       0x1c CMakeFiles/blink.dir/home/pico2/pico-sdk/src/rp2_common/hardware_sync_spin_lock/sync_spin_lock.c.o
                0x100003dc                spin_locks_reset
 .text.set_raw_irq_handler_and_unlock
                0x100003f8       0x24 CMakeFiles/blink.dir/home/pico2/pico-sdk/src/rp2_common/hardware_irq/irq.c.o
 .text.nvic_ipr0
                0x1000041c        0x8 CMakeFiles/blink.dir/home/pico2/pico-sdk/src/rp2_common/hardware_irq/irq.c.o
 .text.runtime_init_per_core_irq_priorities
                0x10000424       0x1c CMakeFiles/blink.dir/home/pico2/pico-sdk/src/rp2_common/hardware_irq/irq.c.o
                0x10000424                runtime_init_per_core_irq_priorities
 .text.resolve_j_16
                0x10000440       0x40 CMakeFiles/blink.dir/home/pico2/pico-sdk/src/rp2_common/hardware_irq/irq.c.o
 .text.make_j_16
                0x10000480       0x3c CMakeFiles/blink.dir/home/pico2/pico-sdk/src/rp2_common/hardware_irq/irq.c.o
 .text.insert_bl_32
                0x100004bc       0x3c CMakeFiles/blink.dir/home/pico2/pico-sdk/src/rp2_common/hardware_irq/irq.c.o
 .text.irq_is_enabled
                0x100004f8       0x20 CMakeFiles/blink.dir/home/pico2/pico-sdk/src/rp2_common/hardware_irq/irq.c.o
                0x100004f8                irq_is_enabled
 .text.irq_set_mask_n_enabled
                0x10000518       0x20 CMakeFiles/blink.dir/home/pico2/pico-sdk/src/rp2_common/hardware_irq/irq.c.o
                0x10000518                irq_set_mask_n_enabled
 .text.irq_set_enabled
                0x10000538       0x14 CMakeFiles/blink.dir/home/pico2/pico-sdk/src/rp2_common/hardware_irq/irq.c.o
                0x10000538                irq_set_enabled
 .text.irq_get_vtable_handler
                0x1000054c       0x10 CMakeFiles/blink.dir/home/pico2/pico-sdk/src/rp2_common/hardware_irq/irq.c.o
                0x1000054c                irq_get_vtable_handler
 .text.irq_set_exclusive_handler
                0x1000055c       0x60 CMakeFiles/blink.dir/home/pico2/pico-sdk/src/rp2_common/hardware_irq/irq.c.o
                0x1000055c                irq_set_exclusive_handler
 .text.irq_remove_handler
                0x100005bc      0x178 CMakeFiles/blink.dir/home/pico2/pico-sdk/src/rp2_common/hardware_irq/irq.c.o
                0x100005bc                irq_remove_handler
 .text.irq_add_tail_to_free_list
                0x10000734       0xf8 CMakeFiles/blink.dir/home/pico2/pico-sdk/src/rp2_common/hardware_irq/irq.c.o
                0x10000734                irq_add_tail_to_free_list
 .text.lock_init
                0x1000082c        0xc CMakeFiles/blink.dir/home/pico2/pico-sdk/src/common/pico_sync/lock_core.c.o
                0x1000082c                lock_init
 .text.mutex_init
                0x10000838       0x1a CMakeFiles/blink.dir/home/pico2/pico-sdk/src/common/pico_sync/mutex.c.o
                0x10000838                mutex_init
 .text.recursive_mutex_init
                0x10000852       0x1e CMakeFiles/blink.dir/home/pico2/pico-sdk/src/common/pico_sync/mutex.c.o
                0x10000852                recursive_mutex_init
 .text.runtime_init_mutex
                0x10000870       0x4c CMakeFiles/blink.dir/home/pico2/pico-sdk/src/common/pico_sync/mutex.c.o
                0x10000870                runtime_init_mutex
 .text.ta_from_current_irq
                0x100008bc       0x24 CMakeFiles/blink.dir/home/pico2/pico-sdk/src/common/pico_time/time.c.o
 .text.ta_set_timeout
                0x100008e0       0x2a CMakeFiles/blink.dir/home/pico2/pico-sdk/src/common/pico_time/time.c.o
 .text.make_alarm_id
                0x1000090a        0x6 CMakeFiles/blink.dir/home/pico2/pico-sdk/src/common/pico_time/time.c.o
 .text.sleep_until_callback
                0x10000910       0x3c CMakeFiles/blink.dir/home/pico2/pico-sdk/src/common/pico_time/time.c.o
 .text.alarm_pool_irq_handler
                0x1000094c      0x2d4 CMakeFiles/blink.dir/home/pico2/pico-sdk/src/common/pico_time/time.c.o
 .text.ta_enable_irq_handler
                0x10000c20       0x38 CMakeFiles/blink.dir/home/pico2/pico-sdk/src/common/pico_time/time.c.o
 .text.alarm_pool_post_alloc_init
                0x10000c58       0x7c CMakeFiles/blink.dir/home/pico2/pico-sdk/src/common/pico_time/time.c.o
 .text.alarm_pool_get_default
                0x10000cd4       0x28 CMakeFiles/blink.dir/home/pico2/pico-sdk/src/common/pico_time/time.c.o
                0x10000cd4                alarm_pool_get_default
 .text.alarm_pool_add_alarm_at_force_in_context
                0x10000cfc       0xc0 CMakeFiles/blink.dir/home/pico2/pico-sdk/src/common/pico_time/time.c.o
                0x10000cfc                alarm_pool_add_alarm_at_force_in_context
 .text.alarm_pool_add_alarm_at
                0x10000dbc       0x38 CMakeFiles/blink.dir/home/pico2/pico-sdk/src/common/pico_time/time.c.o
                0x10000dbc                alarm_pool_add_alarm_at
 .text.add_alarm_at
                0x10000df4       0x26 CMakeFiles/blink.dir/home/pico2/pico-sdk/src/common/pico_time/time.c.o
 .text.alarm_pool_cancel_alarm
                0x10000e1a       0x72 CMakeFiles/blink.dir/home/pico2/pico-sdk/src/common/pico_time/time.c.o
                0x10000e1a                alarm_pool_cancel_alarm
 .text.cancel_alarm
                0x10000e8c       0x10 CMakeFiles/blink.dir/home/pico2/pico-sdk/src/common/pico_time/time.c.o
 .text.sleep_until
                0x10000e9c       0xc4 CMakeFiles/blink.dir/home/pico2/pico-sdk/src/common/pico_time/time.c.o
                0x10000e9c                sleep_until
 .text.sleep_us
                0x10000f60       0x24 CMakeFiles/blink.dir/home/pico2/pico-sdk/src/common/pico_time/time.c.o
                0x10000f60                sleep_us
 .text.sleep_ms
                0x10000f84       0x28 CMakeFiles/blink.dir/home/pico2/pico-sdk/src/common/pico_time/time.c.o
                0x10000f84                sleep_ms
 .text.best_effort_wfe_or_timeout
                0x10000fac      0x10c CMakeFiles/blink.dir/home/pico2/pico-sdk/src/common/pico_time/time.c.o
                0x10000fac                best_effort_wfe_or_timeout
 .text.alarm_pool_get_default_timer
                0x100010b8        0x8 CMakeFiles/blink.dir/home/pico2/pico-sdk/src/common/pico_time/time.c.o
                0x100010b8                alarm_pool_get_default_timer
 .text.runtime_init_default_alarm_pool
                0x100010c0       0x34 CMakeFiles/blink.dir/home/pico2/pico-sdk/src/common/pico_time/time.c.o
                0x100010c0                runtime_init_default_alarm_pool
 .text.timer_hardware_alarm_claim
                0x100010f4       0x24 CMakeFiles/blink.dir/home/pico2/pico-sdk/src/rp2_common/hardware_timer/timer.c.o
                0x100010f4                timer_hardware_alarm_claim
 .text.timer_time_us_64
                0x10001118       0x10 CMakeFiles/blink.dir/home/pico2/pico-sdk/src/rp2_common/hardware_timer/timer.c.o
                0x10001118                timer_time_us_64
 .text.timer_busy_wait_until
                0x10001128       0x1a CMakeFiles/blink.dir/home/pico2/pico-sdk/src/rp2_common/hardware_timer/timer.c.o
                0x10001128                timer_busy_wait_until
 .text.timer_busy_wait_us
                0x10001142       0x28 CMakeFiles/blink.dir/home/pico2/pico-sdk/src/rp2_common/hardware_timer/timer.c.o
                0x10001142                timer_busy_wait_us
 *fill*         0x1000116a        0x2 
 .text.time_us_64
                0x1000116c       0x10 CMakeFiles/blink.dir/home/pico2/pico-sdk/src/rp2_common/hardware_timer/timer.c.o
                0x1000116c                time_us_64
 .text.busy_wait_us
                0x1000117c       0x14 CMakeFiles/blink.dir/home/pico2/pico-sdk/src/rp2_common/hardware_timer/timer.c.o
                0x1000117c                busy_wait_us
 .text.busy_wait_until
                0x10001190       0x14 CMakeFiles/blink.dir/home/pico2/pico-sdk/src/rp2_common/hardware_timer/timer.c.o
                0x10001190                busy_wait_until
 .text.uart_unreset
                0x100011a4       0x2c CMakeFiles/blink.dir/home/pico2/pico-sdk/src/rp2_common/hardware_uart/uart.c.o
 .text.uart_disable_before_lcr_write
                0x100011d0       0x40 CMakeFiles/blink.dir/home/pico2/pico-sdk/src/rp2_common/hardware_uart/uart.c.o
 .text.uart_write_lcr_bits_masked
                0x10001210       0x1c CMakeFiles/blink.dir/home/pico2/pico-sdk/src/rp2_common/hardware_uart/uart.c.o
 .text.uart_set_baudrate
                0x1000122c       0x52 CMakeFiles/blink.dir/home/pico2/pico-sdk/src/rp2_common/hardware_uart/uart.c.o
                0x1000122c                uart_set_baudrate
 *fill*         0x1000127e        0x2 
 .text.uart_set_translate_crlf
                0x10001280       0x24 CMakeFiles/blink.dir/home/pico2/pico-sdk/src/rp2_common/hardware_uart/uart.c.o
                0x10001280                uart_set_translate_crlf
 .text.uart_init
                0x100012a4       0x5c CMakeFiles/blink.dir/home/pico2/pico-sdk/src/rp2_common/hardware_uart/uart.c.o
                0x100012a4                uart_init
 .text.clock_configure_internal
                0x10001300       0xb8 CMakeFiles/blink.dir/home/pico2/pico-sdk/src/rp2_common/hardware_clocks/clocks.c.o
 .text.clock_configure_undivided
                0x100013b8       0x12 CMakeFiles/blink.dir/home/pico2/pico-sdk/src/rp2_common/hardware_clocks/clocks.c.o
                0x100013b8                clock_configure_undivided
 *fill*         0x100013ca        0x2 
 .text.clock_get_hz
                0x100013cc        0xc CMakeFiles/blink.dir/home/pico2/pico-sdk/src/rp2_common/hardware_clocks/clocks.c.o
                0x100013cc                clock_get_hz
 .text.pll_init
                0x100013d8      0x108 CMakeFiles/blink.dir/home/pico2/pico-sdk/src/rp2_common/hardware_pll/pll.c.o
                0x100013d8                pll_init
 .text.tick_start
                0x100014e0       0x1c CMakeFiles/blink.dir/home/pico2/pico-sdk/src/rp2_common/hardware_ticks/ticks.c.o
                0x100014e0                tick_start
 .text.rom_func_lookup
                0x100014fc       0x1e CMakeFiles/blink.dir/home/pico2/pico-sdk/src/rp2_common/pico_bootrom/bootrom.c.o
                0x100014fc                rom_func_lookup
 *fill*         0x1000151a        0x2 
 .text.runtime_init_bootrom_locking_enable
                0x1000151c       0x14 CMakeFiles/blink.dir/home/pico2/pico-sdk/src/rp2_common/pico_bootrom/bootrom_lock.c.o
                0x1000151c                runtime_init_bootrom_locking_enable
 .text.boot_locks_reset
                0x10001530       0x20 CMakeFiles/blink.dir/home/pico2/pico-sdk/src/rp2_common/hardware_boot_lock/boot_lock.c.o
                0x10001530                boot_locks_reset
 .text.runtime_init_boot_locks_reset
                0x10001550        0x8 CMakeFiles/blink.dir/home/pico2/pico-sdk/src/rp2_common/hardware_boot_lock/boot_lock.c.o
                0x10001550                runtime_init_boot_locks_reset
 .text.xosc_init
                0x10001558       0x28 CMakeFiles/blink.dir/home/pico2/pico-sdk/src/rp2_common/hardware_xosc/xosc.c.o
                0x10001558                xosc_init
 .text.runtime_run_initializers_from
                0x10001580       0x18 CMakeFiles/blink.dir/home/pico2/pico-sdk/src/rp2_common/pico_runtime/runtime.c.o
 .text.first_per_core_initializer
                0x10001598        0x2 CMakeFiles/blink.dir/home/pico2/pico-sdk/src/rp2_common/pico_runtime/runtime.c.o
 *fill*         0x1000159a        0x2 
 .text.runtime_run_initializers
                0x1000159c       0x10 CMakeFiles/blink.dir/home/pico2/pico-sdk/src/rp2_common/pico_runtime/runtime.c.o
                0x1000159c                runtime_run_initializers
 .text.runtime_init_early_resets
                0x100015ac       0x2c CMakeFiles/blink.dir/home/pico2/pico-sdk/src/rp2_common/pico_runtime_init/runtime_init.c.o
                0x100015ac                runtime_init_early_resets
 .text.runtime_init_usb_power_down
                0x100015d8       0x20 CMakeFiles/blink.dir/home/pico2/pico-sdk/src/rp2_common/pico_runtime_init/runtime_init.c.o
                0x100015d8                runtime_init_usb_power_down
 .text.runtime_init_per_core_enable_coprocessors
                0x100015f8       0x1c CMakeFiles/blink.dir/home/pico2/pico-sdk/src/rp2_common/pico_runtime_init/runtime_init.c.o
                0x100015f8                runtime_init_per_core_enable_coprocessors
 .text.runtime_init_post_clock_resets
                0x10001614       0x20 CMakeFiles/blink.dir/home/pico2/pico-sdk/src/rp2_common/pico_runtime_init/runtime_init.c.o
                0x10001614                runtime_init_post_clock_resets
 .text.runtime_init_bootrom_reset
                0x10001634       0x12 CMakeFiles/blink.dir/home/pico2/pico-sdk/src/rp2_common/pico_runtime_init/runtime_init.c.o
                0x10001634                runtime_init_bootrom_reset
 .text.runtime_init_per_core_bootrom_reset
                0x10001646       0x12 CMakeFiles/blink.dir/home/pico2/pico-sdk/src/rp2_common/pico_runtime_init/runtime_init.c.o
                0x10001646                runtime_init_per_core_bootrom_reset
 .text.runtime_init_spin_locks_reset
                0x10001658        0x8 CMakeFiles/blink.dir/home/pico2/pico-sdk/src/rp2_common/pico_runtime_init/runtime_init.c.o
                0x10001658                runtime_init_spin_locks_reset
 .text.runtime_init_install_ram_vector_table
                0x10001660       0x48 CMakeFiles/blink.dir/home/pico2/pico-sdk/src/rp2_common/pico_runtime_init/runtime_init.c.o
                0x10001660                runtime_init_install_ram_vector_table
 .text.start_all_ticks
                0x100016a8       0x28 CMakeFiles/blink.dir/home/pico2/pico-sdk/src/rp2_common/pico_runtime_init/runtime_init_clocks.c.o
 .text.runtime_init_clocks
                0x100016d0       0xc4 CMakeFiles/blink.dir/home/pico2/pico-sdk/src/rp2_common/pico_runtime_init/runtime_init_clocks.c.o
                0x100016d0                runtime_init_clocks
 .text.__rp2350_dcp_engaged_state_save_restore
                0x10001794       0x3a CMakeFiles/blink.dir/home/pico2/pico-sdk/src/rp2_common/pico_double/double_aeabi_dcp.S.o
 *fill*         0x100017ce        0x2 
 .text.__wrap___aeabi_dadd
                0x100017d0       0x28 CMakeFiles/blink.dir/home/pico2/pico-sdk/src/rp2_common/pico_double/double_aeabi_dcp.S.o
                0x100017d8                __wrap___aeabi_dadd
 .text.__wrap___aeabi_dsub
                0x100017f8       0x28 CMakeFiles/blink.dir/home/pico2/pico-sdk/src/rp2_common/pico_double/double_aeabi_dcp.S.o
                0x10001800                __wrap___aeabi_dsub
 .text.__wrap___aeabi_dmul
                0x10001820       0x4c CMakeFiles/blink.dir/home/pico2/pico-sdk/src/rp2_common/pico_double/double_aeabi_dcp.S.o
                0x10001828                __wrap___aeabi_dmul
 .text.__wrap___aeabi_ddiv
                0x1000186c       0x9c CMakeFiles/blink.dir/home/pico2/pico-sdk/src/rp2_common/pico_double/double_aeabi_dcp.S.o
                0x10001874                __wrap___aeabi_ddiv
 .text.__wrap___aeabi_i2d
                0x10001908       0x24 CMakeFiles/blink.dir/home/pico2/pico-sdk/src/rp2_common/pico_double/double_aeabi_dcp.S.o
                0x10001910                __wrap___aeabi_i2d
                0x10001910                int2double
 .text.__wrap___aeabi_ui2d
                0x1000192c       0x24 CMakeFiles/blink.dir/home/pico2/pico-sdk/src/rp2_common/pico_double/double_aeabi_dcp.S.o
                0x10001934                __wrap___aeabi_ui2d
                0x10001934                uint2double
 .text.__wrap___aeabi_d2iz
                0x10001950       0x24 CMakeFiles/blink.dir/home/pico2/pico-sdk/src/rp2_common/pico_double/double_aeabi_dcp.S.o
                0x10001958                __wrap___aeabi_d2iz
                0x10001958                double2int_z
 .text.__wrap___aeabi_d2uiz
                0x10001974       0x24 CMakeFiles/blink.dir/home/pico2/pico-sdk/src/rp2_common/pico_double/double_aeabi_dcp.S.o
                0x1000197c                double2uint_z
                0x1000197c                double2uint
                0x1000197c                __wrap___aeabi_d2uiz
 .text.__wrap___aeabi_dcmpun
                0x10001998       0x24 CMakeFiles/blink.dir/home/pico2/pico-sdk/src/rp2_common/pico_double/double_aeabi_dcp.S.o
                0x100019a0                __wrap___aeabi_dcmpun
 .text.__wrap___aeabi_dcmplt
                0x100019bc       0x28 CMakeFiles/blink.dir/home/pico2/pico-sdk/src/rp2_common/pico_double/double_aeabi_dcp.S.o
                0x100019c4                __wrap___aeabi_dcmplt
 .text.__wrap___aeabi_dcmple
                0x100019e4       0x28 CMakeFiles/blink.dir/home/pico2/pico-sdk/src/rp2_common/pico_double/double_aeabi_dcp.S.o
                0x100019ec                __wrap___aeabi_dcmple
 .text.__wrap___aeabi_dcmpge
                0x10001a0c       0x28 CMakeFiles/blink.dir/home/pico2/pico-sdk/src/rp2_common/pico_double/double_aeabi_dcp.S.o
                0x10001a14                __wrap___aeabi_dcmpge
 .text.__wrap___aeabi_dcmpgt
                0x10001a34       0x28 CMakeFiles/blink.dir/home/pico2/pico-sdk/src/rp2_common/pico_double/double_aeabi_dcp.S.o
                0x10001a3c                __wrap___aeabi_dcmpgt
 .text._out_null
                0x10001a5c        0x2 CMakeFiles/blink.dir/home/pico2/pico-sdk/src/rp2_common/pico_printf/printf.c.o
 .text._out_fct
                0x10001a5e        0xe CMakeFiles/blink.dir/home/pico2/pico-sdk/src/rp2_common/pico_printf/printf.c.o
 .text._atoi    0x10001a6c       0x26 CMakeFiles/blink.dir/home/pico2/pico-sdk/src/rp2_common/pico_printf/printf.c.o
 .text._out_rev
                0x10001a92       0x7e CMakeFiles/blink.dir/home/pico2/pico-sdk/src/rp2_common/pico_printf/printf.c.o
 .text._ntoa_format
                0x10001b10      0x136 CMakeFiles/blink.dir/home/pico2/pico-sdk/src/rp2_common/pico_printf/printf.c.o
 .text._ntoa_long
                0x10001c46       0x94 CMakeFiles/blink.dir/home/pico2/pico-sdk/src/rp2_common/pico_printf/printf.c.o
 .text._ntoa_long_long
                0x10001cda       0xc2 CMakeFiles/blink.dir/home/pico2/pico-sdk/src/rp2_common/pico_printf/printf.c.o
 *fill*         0x10001d9c        0x4 
 .text._etoa    0x10001da0      0x41c CMakeFiles/blink.dir/home/pico2/pico-sdk/src/rp2_common/pico_printf/printf.c.o
 *fill*         0x100021bc        0x4 
 .text._ftoa    0x100021c0      0x398 CMakeFiles/blink.dir/home/pico2/pico-sdk/src/rp2_common/pico_printf/printf.c.o
 .text._vsnprintf
                0x10002558      0x6d0 CMakeFiles/blink.dir/home/pico2/pico-sdk/src/rp2_common/pico_printf/printf.c.o
 .text.vfctprintf
                0x10002c28       0x24 CMakeFiles/blink.dir/home/pico2/pico-sdk/src/rp2_common/pico_printf/printf.c.o
                0x10002c28                vfctprintf
 .text._exit    0x10002c4c        0x4 CMakeFiles/blink.dir/home/pico2/pico-sdk/src/rp2_common/pico_clib_interface/newlib_interface.c.o
                0x10002c4c                _exit
 .text.exit     0x10002c50        0x6 CMakeFiles/blink.dir/home/pico2/pico-sdk/src/rp2_common/pico_clib_interface/newlib_interface.c.o
                0x10002c50                exit
 *fill*         0x10002c56        0x2 
 .text.__assert_func
                0x10002c58       0x34 CMakeFiles/blink.dir/home/pico2/pico-sdk/src/rp2_common/pico_clib_interface/newlib_interface.c.o
                0x10002c58                __assert_func
 .text.runtime_init
                0x10002c8c       0x2c CMakeFiles/blink.dir/home/pico2/pico-sdk/src/rp2_common/pico_clib_interface/newlib_interface.c.o
                0x10002c8c                runtime_init
 .text.stdio_out_chars_no_crlf
                0x10002cb8        0xe CMakeFiles/blink.dir/home/pico2/pico-sdk/src/rp2_common/pico_stdio/stdio.c.o
 *fill*         0x10002cc6        0x2 
 .text.stdio_out_chars_crlf
                0x10002cc8       0x80 CMakeFiles/blink.dir/home/pico2/pico-sdk/src/rp2_common/pico_stdio/stdio.c.o
 .text.stdio_stack_buffer_flush
                0x10002d48       0x40 CMakeFiles/blink.dir/home/pico2/pico-sdk/src/rp2_common/pico_stdio/stdio.c.o
 .text.stdio_buffered_printer
                0x10002d88       0x20 CMakeFiles/blink.dir/home/pico2/pico-sdk/src/rp2_common/pico_stdio/stdio.c.o
 .text.stdout_serialize_begin
                0x10002da8       0x2c CMakeFiles/blink.dir/home/pico2/pico-sdk/src/rp2_common/pico_stdio/stdio.c.o
                0x10002da8                stdout_serialize_begin
 .text.stdout_serialize_end
                0x10002dd4       0x10 CMakeFiles/blink.dir/home/pico2/pico-sdk/src/rp2_common/pico_stdio/stdio.c.o
                0x10002dd4                stdout_serialize_end
 .text.stdio_put_string
                0x10002de4       0x8c CMakeFiles/blink.dir/home/pico2/pico-sdk/src/rp2_common/pico_stdio/stdio.c.o
                0x10002de4                stdio_put_string
 .text.stdio_set_driver_enabled
                0x10002e70       0x28 CMakeFiles/blink.dir/home/pico2/pico-sdk/src/rp2_common/pico_stdio/stdio.c.o
                0x10002e70                stdio_set_driver_enabled
 .text.stdio_flush
                0x10002e98       0x1c CMakeFiles/blink.dir/home/pico2/pico-sdk/src/rp2_common/pico_stdio/stdio.c.o
                0x10002e98                stdio_flush
 .text.stdio_init_all
                0x10002eb4        0xa CMakeFiles/blink.dir/home/pico2/pico-sdk/src/rp2_common/pico_stdio/stdio.c.o
                0x10002eb4                stdio_init_all
 .text.__wrap_puts
                0x10002ebe       0x1e CMakeFiles/blink.dir/home/pico2/pico-sdk/src/rp2_common/pico_stdio/stdio.c.o
                0x10002ebe                __wrap_puts
                0x10002ebe                stdio_puts
 .text.__wrap_vprintf
                0x10002edc       0x3c CMakeFiles/blink.dir/home/pico2/pico-sdk/src/rp2_common/pico_stdio/stdio.c.o
                0x10002edc                __wrap_vprintf
                0x10002edc                stdio_vprintf
 .text.__wrap_printf
                0x10002f18       0x1c CMakeFiles/blink.dir/home/pico2/pico-sdk/src/rp2_common/pico_stdio/stdio.c.o
                0x10002f18                stdio_printf
                0x10002f18                __wrap_printf
 .text.uart_putc
                0x10002f34       0x70 CMakeFiles/blink.dir/home/pico2/pico-sdk/src/rp2_common/pico_stdio_uart/stdio_uart.c.o
 .text.uart_getc
                0x10002fa4       0x30 CMakeFiles/blink.dir/home/pico2/pico-sdk/src/rp2_common/pico_stdio_uart/stdio_uart.c.o
 .text.stdio_uart_out_chars
                0x10002fd4       0x20 CMakeFiles/blink.dir/home/pico2/pico-sdk/src/rp2_common/pico_stdio_uart/stdio_uart.c.o
 .text.stdio_uart_in_chars
                0x10002ff4       0x54 CMakeFiles/blink.dir/home/pico2/pico-sdk/src/rp2_common/pico_stdio_uart/stdio_uart.c.o
                0x10002ff4                stdio_uart_in_chars
 .text.on_uart_rx
                0x10003048       0x24 CMakeFiles/blink.dir/home/pico2/pico-sdk/src/rp2_common/pico_stdio_uart/stdio_uart.c.o
 .text.stdio_uart_out_flush
                0x1000306c       0x14 CMakeFiles/blink.dir/home/pico2/pico-sdk/src/rp2_common/pico_stdio_uart/stdio_uart.c.o
 .text.stdio_uart_set_chars_available_callback
                0x10003080       0x84 CMakeFiles/blink.dir/home/pico2/pico-sdk/src/rp2_common/pico_stdio_uart/stdio_uart.c.o
 .text.stdio_uart_init_full
                0x10003104       0x50 CMakeFiles/blink.dir/home/pico2/pico-sdk/src/rp2_common/pico_stdio_uart/stdio_uart.c.o
                0x10003104                stdio_uart_init_full
 .text.stdio_uart_init
                0x10003154       0x30 CMakeFiles/blink.dir/home/pico2/pico-sdk/src/rp2_common/pico_stdio_uart/stdio_uart.c.o
                0x10003154                stdio_uart_init
 .text          0x10003184       0xec /usr/lib/gcc/arm-none-eabi/13.2.1/../../../arm-none-eabi/lib/thumb/v8-m.main+fp/softfp/libg.a(libc_a-memcpy.o)
                0x10003184                memcpy
 .text          0x10003270        0xc /usr/lib/gcc/arm-none-eabi/13.2.1/../../../arm-none-eabi/lib/thumb/v8-m.main+fp/softfp/libg.a(libc_a-atexit.o)
                0x10003270                atexit
 .text          0x1000327c       0x5c /usr/lib/gcc/arm-none-eabi/13.2.1/../../../arm-none-eabi/lib/thumb/v8-m.main+fp/softfp/libg.a(libc_a-strlen-stub.o)
                0x1000327c                strlen
 .text          0x100032d8       0x28 /usr/lib/gcc/arm-none-eabi/13.2.1/../../../arm-none-eabi/lib/thumb/v8-m.main+fp/softfp/libg.a(libc_a-fini.o)
                0x100032d8                __libc_fini_array
 .text          0x10003300       0x64 /usr/lib/gcc/arm-none-eabi/13.2.1/../../../arm-none-eabi/lib/thumb/v8-m.main+fp/softfp/libg.a(libc_a-__atexit.o)
                0x10003300                __register_exitproc
 .text.startup  0x10003364       0x14 /usr/lib/gcc/arm-none-eabi/13.2.1/../../../arm-none-eabi/lib/thumb/v8-m.main+fp/softfp/libg.a(libc_a-__call_atexit.o)
 *(.fini)
 .fini          0x10003378        0x4 /usr/lib/gcc/arm-none-eabi/13.2.1/thumb/v8-m.main+fp/softfp/crti.o
                0x10003378                _fini
 *fill*         0x1000337c        0x4 
 .fini.__stub   0x10003380       0x18 linker stubs
 *crtbegin.o(.ctors)
 *crtbegin?.o(.ctors)
 *(EXCLUDE_FILE(*crtend.o *crtend?.o) .ctors)
 *(SORT_BY_NAME(.ctors.*))
 *(.ctors)
 *crtbegin.o(.dtors)
 *crtbegin?.o(.dtors)
 *(EXCLUDE_FILE(*crtend.o *crtend?.o) .dtors)
 *(SORT_BY_NAME(.dtors.*))
 *(.dtors)
                0x10003398                        . = ALIGN (0x4)
                0x10003398                        PROVIDE (__preinit_array_start = .)
 *(SORT_BY_NAME(.preinit_array.*))
 .preinit_array.00050
                0x10003398        0x4 CMakeFiles/blink.dir/home/pico2/pico-sdk/src/rp2_common/pico_runtime_init/runtime_init.c.o
                0x10003398                __pre_init_runtime_init_bootrom_reset
 .preinit_array.00100
                0x1000339c        0x4 CMakeFiles/blink.dir/home/pico2/pico-sdk/src/rp2_common/pico_runtime_init/runtime_init.c.o
                0x1000339c                __pre_init_runtime_init_early_resets
 .preinit_array.00101
                0x100033a0        0x4 CMakeFiles/blink.dir/home/pico2/pico-sdk/src/rp2_common/pico_runtime_init/runtime_init.c.o
                0x100033a0                __pre_init_runtime_init_usb_power_down
 .preinit_array.00500
                0x100033a4        0x4 CMakeFiles/blink.dir/home/pico2/pico-sdk/src/rp2_common/pico_runtime_init/runtime_init.c.o
                0x100033a4                __pre_init_runtime_init_clocks
 .preinit_array.00600
                0x100033a8        0x4 CMakeFiles/blink.dir/home/pico2/pico-sdk/src/rp2_common/pico_runtime_init/runtime_init.c.o
                0x100033a8                __pre_init_runtime_init_post_clock_resets
 .preinit_array.01000
                0x100033ac        0x4 CMakeFiles/blink.dir/home/pico2/pico-sdk/src/rp2_common/hardware_boot_lock/boot_lock.c.o
                0x100033ac                __pre_init_runtime_init_boot_locks_reset
 .preinit_array.01000
                0x100033b0        0x4 CMakeFiles/blink.dir/home/pico2/pico-sdk/src/rp2_common/pico_runtime_init/runtime_init.c.o
                0x100033b0                __pre_init_runtime_init_spin_locks_reset
 .preinit_array.01010
                0x100033b4        0x4 CMakeFiles/blink.dir/home/pico2/pico-sdk/src/rp2_common/pico_bootrom/bootrom_lock.c.o
                0x100033b4                __pre_init_runtime_init_bootrom_locking_enable
 .preinit_array.01100
                0x100033b8        0x4 CMakeFiles/blink.dir/home/pico2/pico-sdk/src/common/pico_sync/mutex.c.o
                0x100033b8                __pre_init_runtime_init_mutex
 .preinit_array.10080
                0x100033bc        0x4 CMakeFiles/blink.dir/home/pico2/pico-sdk/src/rp2_common/pico_runtime_init/runtime_init.c.o
                0x100033bc                __pre_init_runtime_init_install_ram_vector_table
 .preinit_array.11000
                0x100033c0        0x4 CMakeFiles/blink.dir/home/pico2/pico-sdk/src/common/pico_time/time.c.o
                0x100033c0                __pre_init_runtime_init_default_alarm_pool
 .preinit_array.YYYYY
                0x100033c4        0x4 CMakeFiles/blink.dir/home/pico2/pico-sdk/src/rp2_common/pico_runtime/runtime.c.o
                0x100033c4                __pre_init_first_per_core_initializer
 .preinit_array.ZZZZZ.00051
                0x100033c8        0x4 CMakeFiles/blink.dir/home/pico2/pico-sdk/src/rp2_common/pico_runtime_init/runtime_init.c.o
                0x100033c8                __pre_init_runtime_init_per_core_bootrom_reset
 .preinit_array.ZZZZZ.00200
                0x100033cc        0x4 CMakeFiles/blink.dir/home/pico2/pico-sdk/src/rp2_common/pico_runtime_init/runtime_init.c.o
                0x100033cc                __pre_init_runtime_init_per_core_enable_coprocessors
 .preinit_array.ZZZZZ.01000
                0x100033d0        0x4 CMakeFiles/blink.dir/home/pico2/pico-sdk/src/rp2_common/hardware_sync_spin_lock/sync_spin_lock.c.o
                0x100033d0                __pre_init_spinlock_set_extexclall
 .preinit_array.ZZZZZ.01200
                0x100033d4        0x4 CMakeFiles/blink.dir/home/pico2/pico-sdk/src/rp2_common/hardware_irq/irq.c.o
                0x100033d4                __pre_init_runtime_init_per_core_irq_priorities
 *(.preinit_array)
                0x100033d8                        PROVIDE (__preinit_array_end = .)
                0x100033d8                        . = ALIGN (0x4)
                0x100033d8                        PROVIDE (__init_array_start = .)
 *(SORT_BY_NAME(.init_array.*))
 .init_array.00000
                0x100033d8        0x4 /usr/lib/gcc/arm-none-eabi/13.2.1/../../../arm-none-eabi/lib/thumb/v8-m.main+fp/softfp/libg.a(libc_a-__call_atexit.o)
 *(.init_array)
 .init_array    0x100033dc        0x4 /usr/lib/gcc/arm-none-eabi/13.2.1/thumb/v8-m.main+fp/softfp/crtbegin.o
                0x100033e0                        PROVIDE (__init_array_end = .)
                0x100033e0                        . = ALIGN (0x4)
                0x100033e0                        PROVIDE (__fini_array_start = .)
 *(SORT_BY_NAME(.fini_array.*))
 *(.fini_array)
                0x100033e0                        PROVIDE (__fini_array_end = .)
 *(.eh_frame*)
 .eh_frame      0x100033e0        0x0 /usr/lib/gcc/arm-none-eabi/13.2.1/thumb/v8-m.main+fp/softfp/crtbegin.o
                0x100033e0                        . = ALIGN (0x4)

.glue_7         0x100033e0        0x0
 .glue_7        0x100033e0        0x0 linker stubs

.glue_7t        0x100033e0        0x0
 .glue_7t       0x100033e0        0x0 linker stubs

.vfp11_veneer   0x100033e0        0x0
 .vfp11_veneer  0x100033e0        0x0 linker stubs

.v4_bx          0x100033e0        0x0
 .v4_bx         0x100033e0        0x0 linker stubs

.iplt           0x100033e0        0x0
 .iplt          0x100033e0        0x0 /usr/lib/gcc/arm-none-eabi/13.2.1/thumb/v8-m.main+fp/softfp/crtbegin.o

.boot2          0x100033e0        0x0
                0x100033e0                        __boot2_start__ = .
 *(.boot2)
                0x100033e0                        __boot2_end__ = .
                0x00000001                        ASSERT (((__boot2_end__ - __boot2_start__) <= 0x100), ERROR: Pico second stage bootloader must be no more than 256 bytes in size)

.rodata         0x100033e0      0x670
 *(EXCLUDE_FILE(*libm.a: *libc.a:*lib_a-mem*.o *libgcc.a:) .rodata*)
 .rodata.panic.str1.4
                0x100033e0      0x4c0 CMakeFiles/blink.dir/home/pico2/pico-sdk/src/rp2_common/pico_platform_panic/panic.c.o
                                 0x12 (size before relaxing)
 .rodata.resolve_j_16.str1.4
                0x100038a0       0x4f CMakeFiles/blink.dir/home/pico2/pico-sdk/src/rp2_common/hardware_irq/irq.c.o
 .rodata.make_j_16.str1.4
                0x100038a0       0x30 CMakeFiles/blink.dir/home/pico2/pico-sdk/src/rp2_common/hardware_irq/irq.c.o
 .rodata.insert_bl_32.str1.4
                0x100038a0       0x10 CMakeFiles/blink.dir/home/pico2/pico-sdk/src/rp2_common/hardware_irq/irq.c.o
 .rodata.irq_set_exclusive_handler.str1.4
                0x100038a0       0x36 CMakeFiles/blink.dir/home/pico2/pico-sdk/src/rp2_common/hardware_irq/irq.c.o
 .rodata.irq_remove_handler.str1.4
                0x100038a0       0x3a CMakeFiles/blink.dir/home/pico2/pico-sdk/src/rp2_common/hardware_irq/irq.c.o
 .rodata.irq_add_tail_to_free_list.str1.4
                0x100038a0       0x3a CMakeFiles/blink.dir/home/pico2/pico-sdk/src/rp2_common/hardware_irq/irq.c.o
 .rodata.__func__.0
                0x100038a0       0x1a CMakeFiles/blink.dir/home/pico2/pico-sdk/src/rp2_common/hardware_irq/irq.c.o
 *fill*         0x100038ba        0x2 
 .rodata.__func__.1
                0x100038bc        0xd CMakeFiles/blink.dir/home/pico2/pico-sdk/src/rp2_common/hardware_irq/irq.c.o
 *fill*         0x100038c9        0x3 
 .rodata.__func__.2
                0x100038cc       0x13 CMakeFiles/blink.dir/home/pico2/pico-sdk/src/rp2_common/hardware_irq/irq.c.o
 *fill*         0x100038df        0x1 
 .rodata.__func__.3
                0x100038e0        0xa CMakeFiles/blink.dir/home/pico2/pico-sdk/src/rp2_common/hardware_irq/irq.c.o
 *fill*         0x100038ea        0x2 
 .rodata.__func__.4
                0x100038ec        0xd CMakeFiles/blink.dir/home/pico2/pico-sdk/src/rp2_common/hardware_irq/irq.c.o
 *fill*         0x100038f9        0x3 
 .rodata.__func__.6
                0x100038fc       0x1a CMakeFiles/blink.dir/home/pico2/pico-sdk/src/rp2_common/hardware_irq/irq.c.o
 .rodata.runtime_init_mutex.str1.4
                0x10003916       0x52 CMakeFiles/blink.dir/home/pico2/pico-sdk/src/common/pico_sync/mutex.c.o
 .rodata.str1.4
                0x10003916       0x51 CMakeFiles/blink.dir/home/pico2/pico-sdk/src/common/pico_sync/mutex.c.o
 *fill*         0x10003916        0x2 
 .rodata.__func__.1
                0x10003918        0xb CMakeFiles/blink.dir/home/pico2/pico-sdk/src/common/pico_sync/mutex.c.o
 *fill*         0x10003923        0x1 
 .rodata.__func__.3
                0x10003924       0x18 CMakeFiles/blink.dir/home/pico2/pico-sdk/src/common/pico_sync/mutex.c.o
 .rodata.__func__.6
                0x1000393c       0x13 CMakeFiles/blink.dir/home/pico2/pico-sdk/src/common/pico_sync/mutex.c.o
 .rodata.alarm_pool_irq_handler.str1.4
                0x1000394f       0x5d CMakeFiles/blink.dir/home/pico2/pico-sdk/src/common/pico_time/time.c.o
 .rodata.alarm_pool_get_default.str1.4
                0x1000394f       0x21 CMakeFiles/blink.dir/home/pico2/pico-sdk/src/common/pico_time/time.c.o
 .rodata.sleep_until.str1.4
                0x1000394f       0x4d CMakeFiles/blink.dir/home/pico2/pico-sdk/src/common/pico_time/time.c.o
 *fill*         0x1000394f        0x1 
 .rodata.__func__.1
                0x10003950       0x17 CMakeFiles/blink.dir/home/pico2/pico-sdk/src/common/pico_time/time.c.o
 *fill*         0x10003967        0x1 
 .rodata.__func__.2
                0x10003968       0x17 CMakeFiles/blink.dir/home/pico2/pico-sdk/src/common/pico_time/time.c.o
 .rodata.timer_hardware_alarm_claim.str1.4
                0x1000397f       0x22 CMakeFiles/blink.dir/home/pico2/pico-sdk/src/rp2_common/hardware_timer/timer.c.o
 .rodata.pll_init.str1.4
                0x1000397f      0x10c CMakeFiles/blink.dir/home/pico2/pico-sdk/src/rp2_common/hardware_pll/pll.c.o
 *fill*         0x1000397f        0x1 
 .rodata.__func__.0
                0x10003980        0x9 CMakeFiles/blink.dir/home/pico2/pico-sdk/src/rp2_common/hardware_pll/pll.c.o
 .rodata.str1.4
                0x10003989       0x3c CMakeFiles/blink.dir/home/pico2/pico-sdk/src/rp2_common/pico_standard_binary_info/standard_binary_info.c.o
 *fill*         0x10003989        0x3 
 .rodata.__bi_84
                0x1000398c        0xc CMakeFiles/blink.dir/home/pico2/pico-sdk/src/rp2_common/pico_standard_binary_info/standard_binary_info.c.o
 .rodata.__bi_78
                0x10003998        0xc CMakeFiles/blink.dir/home/pico2/pico-sdk/src/rp2_common/pico_standard_binary_info/standard_binary_info.c.o
 .rodata.__bi_54
                0x100039a4        0xc CMakeFiles/blink.dir/home/pico2/pico-sdk/src/rp2_common/pico_standard_binary_info/standard_binary_info.c.o
 .rodata.__bi_48
                0x100039b0        0xc CMakeFiles/blink.dir/home/pico2/pico-sdk/src/rp2_common/pico_standard_binary_info/standard_binary_info.c.o
 .rodata.__bi_42
                0x100039bc        0xc CMakeFiles/blink.dir/home/pico2/pico-sdk/src/rp2_common/pico_standard_binary_info/standard_binary_info.c.o
 .rodata.__bi_34
                0x100039c8        0xc CMakeFiles/blink.dir/home/pico2/pico-sdk/src/rp2_common/pico_standard_binary_info/standard_binary_info.c.o
 .rodata.__bi_26
                0x100039d4        0xc CMakeFiles/blink.dir/home/pico2/pico-sdk/src/rp2_common/pico_standard_binary_info/standard_binary_info.c.o
 .rodata._ftoa.str1.4
                0x100039e0       0x15 CMakeFiles/blink.dir/home/pico2/pico-sdk/src/rp2_common/pico_printf/printf.c.o
 .rodata.pow10.0
                0x100039e0       0x50 CMakeFiles/blink.dir/home/pico2/pico-sdk/src/rp2_common/pico_printf/printf.c.o
 .rodata.__assert_func.str1.4
                0x10003a30       0x43 CMakeFiles/blink.dir/home/pico2/pico-sdk/src/rp2_common/pico_clib_interface/newlib_interface.c.o
 .rodata.crlf_str.0
                0x10003a30        0x2 CMakeFiles/blink.dir/home/pico2/pico-sdk/src/rp2_common/pico_stdio/stdio.c.o
 .rodata.str1.4
                0x10003a32       0x2c CMakeFiles/blink.dir/home/pico2/pico-sdk/src/rp2_common/pico_stdio_uart/stdio_uart.c.o
 *fill*         0x10003a32        0x2 
 .rodata.__bi_45.4
                0x10003a34        0xc CMakeFiles/blink.dir/home/pico2/pico-sdk/src/rp2_common/pico_stdio_uart/stdio_uart.c.o
 .rodata.__bi_49.5
                0x10003a40        0x8 CMakeFiles/blink.dir/home/pico2/pico-sdk/src/rp2_common/pico_stdio_uart/stdio_uart.c.o
 .rodata.__bi_50.6
                0x10003a48        0x8 CMakeFiles/blink.dir/home/pico2/pico-sdk/src/rp2_common/pico_stdio_uart/stdio_uart.c.o
 *(.srodata*)
                0x10003a50                        . = ALIGN (0x4)
 *(SORT_BY_ALIGNMENT(SORT_BY_NAME(.flashdata*)))
                0x10003a50                        . = ALIGN (0x4)

.ARM.extab
 *(.ARM.extab* .gnu.linkonce.armextab.*)
                0x10003a50                        __exidx_start = .

.ARM.exidx      0x10003a50        0x8
 *(.ARM.exidx* .gnu.linkonce.armexidx.*)
 .ARM.exidx     0x10003a50        0x8 /usr/lib/gcc/arm-none-eabi/13.2.1/../../../arm-none-eabi/lib/thumb/v8-m.main+fp/softfp/libg.a(libc_a-memcpy.o)
 .ARM.exidx     0x10003a58        0x0 /usr/lib/gcc/arm-none-eabi/13.2.1/thumb/v8-m.main+fp/softfp/libgcc.a(_udivmoddi4.o)
                                  0x8 (size before relaxing)
                0x10003a58                        __exidx_end = .
                0x10003a58                        . = ALIGN (0x4)
                0x10003a58                        __binary_info_start = .

.binary_info    0x10003a58       0x28
 *(.binary_info.keep.*)
 .binary_info.keep.__bi_ptr84
                0x10003a58        0x4 CMakeFiles/blink.dir/home/pico2/pico-sdk/src/rp2_common/pico_standard_binary_info/standard_binary_info.c.o
 .binary_info.keep.__bi_ptr78
                0x10003a5c        0x4 CMakeFiles/blink.dir/home/pico2/pico-sdk/src/rp2_common/pico_standard_binary_info/standard_binary_info.c.o
 .binary_info.keep.__bi_ptr54
                0x10003a60        0x4 CMakeFiles/blink.dir/home/pico2/pico-sdk/src/rp2_common/pico_standard_binary_info/standard_binary_info.c.o
 .binary_info.keep.__bi_ptr48
                0x10003a64        0x4 CMakeFiles/blink.dir/home/pico2/pico-sdk/src/rp2_common/pico_standard_binary_info/standard_binary_info.c.o
 .binary_info.keep.__bi_ptr42
                0x10003a68        0x4 CMakeFiles/blink.dir/home/pico2/pico-sdk/src/rp2_common/pico_standard_binary_info/standard_binary_info.c.o
 .binary_info.keep.__bi_ptr34
                0x10003a6c        0x4 CMakeFiles/blink.dir/home/pico2/pico-sdk/src/rp2_common/pico_standard_binary_info/standard_binary_info.c.o
 .binary_info.keep.__bi_ptr26
                0x10003a70        0x4 CMakeFiles/blink.dir/home/pico2/pico-sdk/src/rp2_common/pico_standard_binary_info/standard_binary_info.c.o
 *(.binary_info.*)
 .binary_info.__bi_ptr50
                0x10003a74        0x4 CMakeFiles/blink.dir/home/pico2/pico-sdk/src/rp2_common/pico_stdio_uart/stdio_uart.c.o
 .binary_info.__bi_ptr49
                0x10003a78        0x4 CMakeFiles/blink.dir/home/pico2/pico-sdk/src/rp2_common/pico_stdio_uart/stdio_uart.c.o
 .binary_info.__bi_ptr45
                0x10003a7c        0x4 CMakeFiles/blink.dir/home/pico2/pico-sdk/src/rp2_common/pico_stdio_uart/stdio_uart.c.o
                0x10003a80                        __binary_info_end = .
                0x10003a80                        . = ALIGN (0x4)

.ram_vector_table
                0x20000000      0x110
 *(.ram_vector_table)
 .ram_vector_table
                0x20000000      0x110 CMakeFiles/blink.dir/home/pico2/pico-sdk/src/rp2_common/pico_runtime_init/runtime_init.c.o
                0x20000000                ram_vector_table

.uninitialized_data
                0x20000110        0x0
                0x20000110                        . = ALIGN (0x4)
 *(.uninitialized_data*)

.data           0x20000110      0x534 load address 0x10003a80
                0x20000110                        __data_start__ = .
 *(vtable)
 *(.time_critical*)
 .time_critical.mutex_try_enter
                0x20000110       0x58 CMakeFiles/blink.dir/home/pico2/pico-sdk/src/common/pico_sync/mutex.c.o
                0x20000110                mutex_try_enter
 .time_critical.mutex_enter_block_until
                0x20000168       0x84 CMakeFiles/blink.dir/home/pico2/pico-sdk/src/common/pico_sync/mutex.c.o
                0x20000168                mutex_enter_block_until
 .time_critical.mutex_try_enter_block_until
                0x200001ec       0x32 CMakeFiles/blink.dir/home/pico2/pico-sdk/src/common/pico_sync/mutex.c.o
                0x200001ec                mutex_try_enter_block_until
 *fill*         0x2000021e        0x2 
 .time_critical.mutex_exit
                0x20000220       0x58 CMakeFiles/blink.dir/home/pico2/pico-sdk/src/common/pico_sync/mutex.c.o
                0x20000220                mutex_exit
 *(.text*)
 .text          0x20000278       0x30 /usr/lib/gcc/arm-none-eabi/13.2.1/thumb/v8-m.main+fp/softfp/libgcc.a(_aeabi_uldivmod.o)
                0x20000278                __aeabi_uldivmod
 .text          0x200002a8      0x300 /usr/lib/gcc/arm-none-eabi/13.2.1/thumb/v8-m.main+fp/softfp/libgcc.a(_udivmoddi4.o)
                0x200002a8                __udivmoddi4
 .text          0x200005a8        0x4 /usr/lib/gcc/arm-none-eabi/13.2.1/thumb/v8-m.main+fp/softfp/libgcc.a(_dvmd_tls.o)
                0x200005a8                __aeabi_ldiv0
                0x200005a8                __aeabi_idiv0
 *fill*         0x200005ac        0x4 
 .text.__stub   0x200005b0       0x10 linker stubs
                0x200005c0                        . = ALIGN (0x4)
 *(.rodata*)
                0x200005c0                        . = ALIGN (0x4)
 *(.data*)
 .data.striped_spin_lock_num
                0x200005c0        0x1 CMakeFiles/blink.dir/home/pico2/pico-sdk/src/rp2_common/hardware_sync/sync.c.o
 *fill*         0x200005c1        0x3 
 .data          0x200005c4       0x48 CMakeFiles/blink.dir/home/pico2/pico-sdk/src/rp2_common/hardware_irq/irq_handler_chain.S.o
                0x200005c4                irq_handler_chain_slots
                0x200005f4                irq_handler_chain_first_slot
                0x200005fe                irq_handler_chain_remove_tail
 .data.default_alarm_pool
                0x2000060c       0x18 CMakeFiles/blink.dir/home/pico2/pico-sdk/src/common/pico_time/time.c.o
 .data.stdio_uart
                0x20000624       0x18 CMakeFiles/blink.dir/home/pico2/pico-sdk/src/rp2_common/pico_stdio_uart/stdio_uart.c.o
                0x20000624                stdio_uart
 *(.sdata*)
                0x2000063c                        . = ALIGN (0x4)
 *(.after_data.*)
                0x2000063c                        . = ALIGN (0x4)
                0x2000063c                        PROVIDE (__mutex_array_start = .)
 *(SORT_BY_NAME(.mutex_array.*))
 *(.mutex_array)
 .mutex_array   0x2000063c        0x8 CMakeFiles/blink.dir/home/pico2/pico-sdk/src/rp2_common/pico_stdio/stdio.c.o
                0x20000644                        PROVIDE (__mutex_array_end = .)
 *(.jcr)
                0x20000644                        . = ALIGN (0x4)

.tm_clone_table
                0x20000644        0x0 load address 0x10003fb4
 .tm_clone_table
                0x20000644        0x0 /usr/lib/gcc/arm-none-eabi/13.2.1/thumb/v8-m.main+fp/softfp/crtbegin.o
 .tm_clone_table
                0x20000644        0x0 /usr/lib/gcc/arm-none-eabi/13.2.1/thumb/v8-m.main+fp/softfp/crtend.o

.igot.plt       0x20000644        0x0 load address 0x10003fb4
 .igot.plt      0x20000644        0x0 /usr/lib/gcc/arm-none-eabi/13.2.1/thumb/v8-m.main+fp/softfp/crtbegin.o

.tdata          0x20000644        0x0 load address 0x10003fb4
                0x20000644                        . = ALIGN (0x4)
 *(.tdata .tdata.* .gnu.linkonce.td.*)
                0x20000644                        __tdata_end = .
                0x20000644                        PROVIDE (__data_end__ = .)
                0x10003a80                        __etext = LOADADDR (.data)

.tbss           0x20000644        0x0 load address 0x10003fb4
                0x20000644                        . = ALIGN (0x4)
                0x20000644                        __bss_start__ = .
                0x20000644                        __tls_base = .
 *(.tbss .tbss.* .gnu.linkonce.tb.*)
 *(.tcommon)
                0x20000644                        __tls_end = .

.bss            0x20000648      0x3bc load address 0x10003fb4
                0x20000648                        . = ALIGN (0x4)
                0x20000648                        __tbss_end = .
 *(SORT_BY_ALIGNMENT(SORT_BY_NAME(.bss*)))
 .bss.default_alarm_pool_entries
                0x20000648      0x180 CMakeFiles/blink.dir/home/pico2/pico-sdk/src/common/pico_time/time.c.o
 .bss           0x200007c8       0x1c /usr/lib/gcc/arm-none-eabi/13.2.1/thumb/v8-m.main+fp/softfp/crtbegin.o
 .bss           0x200007e4      0x190 /usr/lib/gcc/arm-none-eabi/13.2.1/../../../arm-none-eabi/lib/thumb/v8-m.main+fp/softfp/libg.a(libc_a-__atexit.o)
                0x200007e4                __atexit0
 .bss           0x20000974        0x4 /usr/lib/gcc/arm-none-eabi/13.2.1/../../../arm-none-eabi/lib/thumb/v8-m.main+fp/softfp/libg.a(libc_a-__call_atexit.o)
                0x20000974                __atexit
 .bss._sw_spin_locks
                0x20000978       0x20 CMakeFiles/blink.dir/home/pico2/pico-sdk/src/rp2_common/hardware_sync_spin_lock/sync_spin_lock.c.o
                0x20000978                _sw_spin_locks
 .bss.chars_available_callback
                0x20000998        0x4 CMakeFiles/blink.dir/home/pico2/pico-sdk/src/rp2_common/pico_stdio_uart/stdio_uart.c.o
 .bss.chars_available_param
                0x2000099c        0x4 CMakeFiles/blink.dir/home/pico2/pico-sdk/src/rp2_common/pico_stdio_uart/stdio_uart.c.o
 .bss.claimed   0x200009a0        0x2 CMakeFiles/blink.dir/home/pico2/pico-sdk/src/rp2_common/hardware_timer/timer.c.o
 *fill*         0x200009a2        0x2 
 .bss.configured_freq
                0x200009a4       0x28 CMakeFiles/blink.dir/home/pico2/pico-sdk/src/rp2_common/hardware_clocks/clocks.c.o
 .bss.drivers   0x200009cc        0x4 CMakeFiles/blink.dir/home/pico2/pico-sdk/src/rp2_common/pico_stdio/stdio.c.o
 .bss.filter    0x200009d0        0x4 CMakeFiles/blink.dir/home/pico2/pico-sdk/src/rp2_common/pico_stdio/stdio.c.o
 .bss.pools     0x200009d4       0x20 CMakeFiles/blink.dir/home/pico2/pico-sdk/src/common/pico_time/time.c.o
 .bss.sleep_notifier
                0x200009f4        0x4 CMakeFiles/blink.dir/home/pico2/pico-sdk/src/common/pico_time/time.c.o
 .bss.uart_char_to_line_feed
                0x200009f8        0x4 CMakeFiles/blink.dir/home/pico2/pico-sdk/src/rp2_common/hardware_uart/uart.c.o
                0x200009f8                uart_char_to_line_feed
 .bss.uart_instance
                0x200009fc        0x4 CMakeFiles/blink.dir/home/pico2/pico-sdk/src/rp2_common/pico_stdio_uart/stdio_uart.c.o
 .bss.irq_handler_chain_free_slot_head
                0x20000a00        0x1 CMakeFiles/blink.dir/home/pico2/pico-sdk/src/rp2_common/hardware_irq/irq.c.o
 *(COMMON)
                [!provide]                        PROVIDE (__global_pointer$ = (. + 0x800))
 *(.sbss*)
                0x20000a04                        . = ALIGN (0x4)
 *fill*         0x20000a01        0x3 
                0x20000a04                        __bss_end__ = .

.heap           0x20000a04      0x800 load address 0x10003fb4
                0x20000a04                        __end__ = .
                0x20000a04                        end = __end__
 *(.heap*)
 .heap          0x20000a04      0x800 CMakeFiles/blink.dir/home/pico2/pico-sdk/src/rp2_common/pico_crt0/crt0.S.o
                0x20080000                        __HeapLimit = (ORIGIN (RAM) + LENGTH (RAM))

.scratch_x      0x20080000        0x0 load address 0x10003fb4
                0x20080000                        __scratch_x_start__ = .
 *(.scratch_x.*)
                0x20080000                        . = ALIGN (0x4)
                0x20080000                        __scratch_x_end__ = .
                0x10003fb4                        __scratch_x_source__ = LOADADDR (.scratch_x)

.scratch_y      0x20081000        0x0 load address 0x10003fb4
                0x20081000                        __scratch_y_start__ = .
 *(.scratch_y.*)
                0x20081000                        . = ALIGN (0x4)
                0x20081000                        __scratch_y_end__ = .
                0x10003fb4                        __scratch_y_source__ = LOADADDR (.scratch_y)

.stack1_dummy
 *(.stack1*)

.stack_dummy    0x20081000      0x800
 *(.stack*)
 .stack         0x20081000      0x800 CMakeFiles/blink.dir/home/pico2/pico-sdk/src/rp2_common/pico_crt0/crt0.S.o

.flash_end      0x10003fb4       0x14
 *(.embedded_end_block*)
 .embedded_end_block
                0x10003fb4       0x14 CMakeFiles/blink.dir/home/pico2/pico-sdk/src/rp2_common/pico_crt0/crt0.S.o
                0x10003fc8                        PROVIDE (__flash_binary_end = .)
                0x20080000                        __StackLimit = (ORIGIN (RAM) + LENGTH (RAM))
                0x20081000                        __StackOneTop = (ORIGIN (SCRATCH_X) + LENGTH (SCRATCH_X))
                0x20082000                        __StackTop = (ORIGIN (SCRATCH_Y) + LENGTH (SCRATCH_Y))
                0x20081000                        __StackOneBottom = (__StackOneTop - SIZEOF (.stack1_dummy))
                0x20081800                        __StackBottom = (__StackTop - SIZEOF (.stack_dummy))
                0x20082000                        PROVIDE (__stack = __StackTop)
                [!provide]                        PROVIDE (__heap_start = __end__)
                [!provide]                        PROVIDE (__heap_end = __HeapLimit)
                [!provide]                        PROVIDE (__tls_align = MAX (ALIGNOF (.tdata), ALIGNOF (.tbss)))
                [!provide]                        PROVIDE (__tls_size_align = (((__tls_size + __tls_align) - 0x1) & ~ ((__tls_align - 0x1))))
                [!provide]                        PROVIDE (__arm32_tls_tcb_offset = MAX (0x8, __tls_align))
                [!provide]                        PROVIDE (_end = __end__)
                [!provide]                        PROVIDE (__llvm_libc_heap_limit = __HeapLimit)
                0x00000001                        ASSERT ((__StackLimit >= __HeapLimit), region RAM overflowed)
                0x00000001                        ASSERT (((__binary_info_header_end - __logical_binary_start) <= 0x400), Binary info must be in first 1024 bytes of the binary)
                0x00000001                        ASSERT (((__embedded_block_end - __logical_binary_start) <= 0x1000), Embedded block must be in first 4096 bytes of the binary)
LOAD CMakeFiles/blink.dir/blink.c.o
LOAD CMakeFiles/blink.dir/home/pico2/pico-sdk/src/rp2_common/pico_stdlib/stdlib.c.o
LOAD CMakeFiles/blink.dir/home/pico2/pico-sdk/src/rp2_common/hardware_gpio/gpio.c.o
LOAD CMakeFiles/blink.dir/home/pico2/pico-sdk/src/rp2350/pico_platform/platform.c.o
LOAD CMakeFiles/blink.dir/home/pico2/pico-sdk/src/rp2_common/pico_platform_common/common.c.o
LOAD CMakeFiles/blink.dir/home/pico2/pico-sdk/src/rp2_common/pico_platform_panic/panic.c.o
LOAD CMakeFiles/blink.dir/home/pico2/pico-sdk/src/common/hardware_claim/claim.c.o
LOAD CMakeFiles/blink.dir/home/pico2/pico-sdk/src/rp2_common/hardware_sync/sync.c.o
LOAD CMakeFiles/blink.dir/home/pico2/pico-sdk/src/rp2_common/hardware_sync_spin_lock/sync_spin_lock.c.o
LOAD CMakeFiles/blink.dir/home/pico2/pico-sdk/src/rp2_common/hardware_irq/irq.c.o
LOAD CMakeFiles/blink.dir/home/pico2/pico-sdk/src/rp2_common/hardware_irq/irq_handler_chain.S.o
LOAD CMakeFiles/blink.dir/home/pico2/pico-sdk/src/common/pico_sync/sem.c.o
LOAD CMakeFiles/blink.dir/home/pico2/pico-sdk/src/common/pico_sync/lock_core.c.o
LOAD CMakeFiles/blink.dir/home/pico2/pico-sdk/src/common/pico_sync/mutex.c.o
LOAD CMakeFiles/blink.dir/home/pico2/pico-sdk/src/common/pico_sync/critical_section.c.o
LOAD CMakeFiles/blink.dir/home/pico2/pico-sdk/src/common/pico_time/time.c.o
LOAD CMakeFiles/blink.dir/home/pico2/pico-sdk/src/common/pico_time/timeout_helper.c.o
LOAD CMakeFiles/blink.dir/home/pico2/pico-sdk/src/rp2_common/hardware_timer/timer.c.o
LOAD CMakeFiles/blink.dir/home/pico2/pico-sdk/src/common/pico_util/datetime.c.o
LOAD CMakeFiles/blink.dir/home/pico2/pico-sdk/src/common/pico_util/pheap.c.o
LOAD CMakeFiles/blink.dir/home/pico2/pico-sdk/src/common/pico_util/queue.c.o
LOAD CMakeFiles/blink.dir/home/pico2/pico-sdk/src/rp2_common/hardware_uart/uart.c.o
LOAD CMakeFiles/blink.dir/home/pico2/pico-sdk/src/rp2_common/hardware_clocks/clocks.c.o
LOAD CMakeFiles/blink.dir/home/pico2/pico-sdk/src/rp2_common/hardware_pll/pll.c.o
LOAD CMakeFiles/blink.dir/home/pico2/pico-sdk/src/rp2_common/hardware_vreg/vreg.c.o
LOAD CMakeFiles/blink.dir/home/pico2/pico-sdk/src/rp2_common/hardware_watchdog/watchdog.c.o
LOAD CMakeFiles/blink.dir/home/pico2/pico-sdk/src/rp2_common/hardware_ticks/ticks.c.o
LOAD CMakeFiles/blink.dir/home/pico2/pico-sdk/src/rp2_common/pico_bootrom/bootrom.c.o
LOAD CMakeFiles/blink.dir/home/pico2/pico-sdk/src/rp2_common/pico_bootrom/bootrom_lock.c.o
LOAD CMakeFiles/blink.dir/home/pico2/pico-sdk/src/rp2_common/hardware_boot_lock/boot_lock.c.o
LOAD CMakeFiles/blink.dir/home/pico2/pico-sdk/src/rp2_common/pico_flash/flash.c.o
LOAD CMakeFiles/blink.dir/home/pico2/pico-sdk/src/rp2_common/hardware_xosc/xosc.c.o
LOAD CMakeFiles/blink.dir/home/pico2/pico-sdk/src/rp2_common/hardware_divider/divider.c.o
LOAD CMakeFiles/blink.dir/home/pico2/pico-sdk/src/rp2_common/pico_runtime/runtime.c.o
LOAD CMakeFiles/blink.dir/home/pico2/pico-sdk/src/rp2_common/pico_runtime_init/runtime_init.c.o
LOAD CMakeFiles/blink.dir/home/pico2/pico-sdk/src/rp2_common/pico_runtime_init/runtime_init_clocks.c.o
LOAD CMakeFiles/blink.dir/home/pico2/pico-sdk/src/rp2_common/pico_runtime_init/runtime_init_stack_guard.c.o
LOAD CMakeFiles/blink.dir/home/pico2/pico-sdk/src/rp2_common/pico_bit_ops/bit_ops_aeabi.S.o
LOAD CMakeFiles/blink.dir/home/pico2/pico-sdk/src/rp2_common/pico_divider/divider_compiler.c.o
LOAD CMakeFiles/blink.dir/home/pico2/pico-sdk/src/rp2_common/pico_double/double_math.c.o
LOAD CMakeFiles/blink.dir/home/pico2/pico-sdk/src/rp2_common/pico_double/double_aeabi_dcp.S.o
LOAD CMakeFiles/blink.dir/home/pico2/pico-sdk/src/rp2_common/pico_double/double_fma_dcp.S.o
LOAD CMakeFiles/blink.dir/home/pico2/pico-sdk/src/rp2_common/pico_double/double_sci_m33.S.o
LOAD CMakeFiles/blink.dir/home/pico2/pico-sdk/src/rp2_common/pico_double/double_conv_m33.S.o
LOAD CMakeFiles/blink.dir/home/pico2/pico-sdk/src/rp2_common/pico_float/float_math.c.o
LOAD CMakeFiles/blink.dir/home/pico2/pico-sdk/src/rp2_common/pico_float/float_conv32_vfp.S.o
LOAD CMakeFiles/blink.dir/home/pico2/pico-sdk/src/rp2_common/pico_float/float_common_m33.S.o
LOAD CMakeFiles/blink.dir/home/pico2/pico-sdk/src/rp2_common/pico_float/float_sci_m33_vfp.S.o
LOAD CMakeFiles/blink.dir/home/pico2/pico-sdk/src/rp2_common/pico_malloc/malloc.c.o
LOAD CMakeFiles/blink.dir/home/pico2/pico-sdk/src/rp2_common/pico_atomic/atomic.c.o
LOAD CMakeFiles/blink.dir/home/pico2/pico-sdk/src/rp2_common/pico_cxx_options/new_delete.cpp.o
LOAD CMakeFiles/blink.dir/home/pico2/pico-sdk/src/rp2_common/pico_standard_binary_info/standard_binary_info.c.o
LOAD CMakeFiles/blink.dir/home/pico2/pico-sdk/src/rp2_common/pico_printf/printf.c.o
LOAD CMakeFiles/blink.dir/home/pico2/pico-sdk/src/rp2_common/pico_crt0/crt0.S.o
LOAD CMakeFiles/blink.dir/home/pico2/pico-sdk/src/rp2_common/pico_clib_interface/newlib_interface.c.o
LOAD CMakeFiles/blink.dir/home/pico2/pico-sdk/src/rp2_common/pico_stdio/stdio.c.o
LOAD CMakeFiles/blink.dir/home/pico2/pico-sdk/src/rp2_common/pico_stdio_uart/stdio_uart.c.o
LOAD pico-sdk/src/rp2350/boot_stage2/CMakeFiles/bs2_default_library.dir/bs2_default_padded_checksummed.S.o
LOAD /usr/lib/gcc/arm-none-eabi/13.2.1/../../../arm-none-eabi/lib/thumb/v8-m.main+fp/softfp/libstdc++.a
LOAD /usr/lib/gcc/arm-none-eabi/13.2.1/../../../arm-none-eabi/lib/thumb/v8-m.main+fp/softfp/libm.a
START GROUP
LOAD /usr/lib/gcc/arm-none-eabi/13.2.1/thumb/v8-m.main+fp/softfp/libgcc.a
LOAD /usr/lib/gcc/arm-none-eabi/13.2.1/../../../arm-none-eabi/lib/thumb/v8-m.main+fp/softfp/libg.a
LOAD /usr/lib/gcc/arm-none-eabi/13.2.1/../../../arm-none-eabi/lib/thumb/v8-m.main+fp/softfp/libc.a
END GROUP
START GROUP
LOAD /usr/lib/gcc/arm-none-eabi/13.2.1/thumb/v8-m.main+fp/softfp/libgcc.a
LOAD /usr/lib/gcc/arm-none-eabi/13.2.1/../../../arm-none-eabi/lib/thumb/v8-m.main+fp/softfp/libc.a
LOAD /usr/lib/gcc/arm-none-eabi/13.2.1/../../../arm-none-eabi/lib/thumb/v8-m.main+fp/softfp/libnosys.a
END GROUP
LOAD /usr/lib/gcc/arm-none-eabi/13.2.1/thumb/v8-m.main+fp/softfp/crtend.o
LOAD /usr/lib/gcc/arm-none-eabi/13.2.1/thumb/v8-m.main+fp/softfp/crtn.o
OUTPUT(blink.elf elf32-littlearm)
LOAD linker stubs

.rel.dyn        0x10003fc8        0x0
 .rel.iplt      0x10003fc8        0x0 /usr/lib/gcc/arm-none-eabi/13.2.1/thumb/v8-m.main+fp/softfp/crtbegin.o

.ARM.attributes
                0x00000000       0x34
 .ARM.attributes
                0x00000000       0x26 /usr/lib/gcc/arm-none-eabi/13.2.1/thumb/v8-m.main+fp/softfp/crti.o
 .ARM.attributes
                0x00000026       0x36 /usr/lib/gcc/arm-none-eabi/13.2.1/thumb/v8-m.main+fp/softfp/crtbegin.o
 .ARM.attributes
                0x0000005c       0x38 CMakeFiles/blink.dir/blink.c.o
 .ARM.attributes
                0x00000094       0x38 CMakeFiles/blink.dir/home/pico2/pico-sdk/src/rp2_common/hardware_gpio/gpio.c.o
 .ARM.attributes
                0x000000cc       0x38 CMakeFiles/blink.dir/home/pico2/pico-sdk/src/rp2_common/pico_platform_panic/panic.c.o
 .ARM.attributes
                0x00000104       0x38 CMakeFiles/blink.dir/home/pico2/pico-sdk/src/common/hardware_claim/claim.c.o
 .ARM.attributes
                0x0000013c       0x38 CMakeFiles/blink.dir/home/pico2/pico-sdk/src/rp2_common/hardware_sync/sync.c.o
 .ARM.attributes
                0x00000174       0x38 CMakeFiles/blink.dir/home/pico2/pico-sdk/src/rp2_common/hardware_sync_spin_lock/sync_spin_lock.c.o
 .ARM.attributes
                0x000001ac       0x38 CMakeFiles/blink.dir/home/pico2/pico-sdk/src/rp2_common/hardware_irq/irq.c.o
 .ARM.attributes
                0x000001e4       0x28 CMakeFiles/blink.dir/home/pico2/pico-sdk/src/rp2_common/hardware_irq/irq_handler_chain.S.o
 .ARM.attributes
                0x0000020c       0x38 CMakeFiles/blink.dir/home/pico2/pico-sdk/src/common/pico_sync/lock_core.c.o
 .ARM.attributes
                0x00000244       0x38 CMakeFiles/blink.dir/home/pico2/pico-sdk/src/common/pico_sync/mutex.c.o
 .ARM.attributes
                0x0000027c       0x38 CMakeFiles/blink.dir/home/pico2/pico-sdk/src/common/pico_time/time.c.o
 .ARM.attributes
                0x000002b4       0x38 CMakeFiles/blink.dir/home/pico2/pico-sdk/src/rp2_common/hardware_timer/timer.c.o
 .ARM.attributes
                0x000002ec       0x38 CMakeFiles/blink.dir/home/pico2/pico-sdk/src/rp2_common/hardware_uart/uart.c.o
 .ARM.attributes
                0x00000324       0x38 CMakeFiles/blink.dir/home/pico2/pico-sdk/src/rp2_common/hardware_clocks/clocks.c.o
 .ARM.attributes
                0x0000035c       0x38 CMakeFiles/blink.dir/home/pico2/pico-sdk/src/rp2_common/hardware_pll/pll.c.o
 .ARM.attributes
                0x00000394       0x38 CMakeFiles/blink.dir/home/pico2/pico-sdk/src/rp2_common/hardware_ticks/ticks.c.o
 .ARM.attributes
                0x000003cc       0x38 CMakeFiles/blink.dir/home/pico2/pico-sdk/src/rp2_common/pico_bootrom/bootrom.c.o
 .ARM.attributes
                0x00000404       0x38 CMakeFiles/blink.dir/home/pico2/pico-sdk/src/rp2_common/pico_bootrom/bootrom_lock.c.o
 .ARM.attributes
                0x0000043c       0x38 CMakeFiles/blink.dir/home/pico2/pico-sdk/src/rp2_common/hardware_boot_lock/boot_lock.c.o
 .ARM.attributes
                0x00000474       0x38 CMakeFiles/blink.dir/home/pico2/pico-sdk/src/rp2_common/hardware_xosc/xosc.c.o
 .ARM.attributes
                0x000004ac       0x38 CMakeFiles/blink.dir/home/pico2/pico-sdk/src/rp2_common/pico_runtime/runtime.c.o
 .ARM.attributes
                0x000004e4       0x38 CMakeFiles/blink.dir/home/pico2/pico-sdk/src/rp2_common/pico_runtime_init/runtime_init.c.o
 .ARM.attributes
                0x0000051c       0x38 CMakeFiles/blink.dir/home/pico2/pico-sdk/src/rp2_common/pico_runtime_init/runtime_init_clocks.c.o
 .ARM.attributes
                0x00000554       0x28 CMakeFiles/blink.dir/home/pico2/pico-sdk/src/rp2_common/pico_double/double_aeabi_dcp.S.o
 .ARM.attributes
                0x0000057c       0x38 CMakeFiles/blink.dir/home/pico2/pico-sdk/src/rp2_common/pico_standard_binary_info/standard_binary_info.c.o
 .ARM.attributes
                0x000005b4       0x38 CMakeFiles/blink.dir/home/pico2/pico-sdk/src/rp2_common/pico_printf/printf.c.o
 .ARM.attributes
                0x000005ec       0x28 CMakeFiles/blink.dir/home/pico2/pico-sdk/src/rp2_common/pico_crt0/crt0.S.o
 .ARM.attributes
                0x00000614       0x38 CMakeFiles/blink.dir/home/pico2/pico-sdk/src/rp2_common/pico_clib_interface/newlib_interface.c.o
 .ARM.attributes
                0x0000064c       0x38 CMakeFiles/blink.dir/home/pico2/pico-sdk/src/rp2_common/pico_stdio/stdio.c.o
 .ARM.attributes
                0x00000684       0x38 CMakeFiles/blink.dir/home/pico2/pico-sdk/src/rp2_common/pico_stdio_uart/stdio_uart.c.o
 .ARM.attributes
                0x000006bc       0x26 /usr/lib/gcc/arm-none-eabi/13.2.1/thumb/v8-m.main+fp/softfp/libgcc.a(_aeabi_uldivmod.o)
 .ARM.attributes
                0x000006e2       0x36 /usr/lib/gcc/arm-none-eabi/13.2.1/thumb/v8-m.main+fp/softfp/libgcc.a(_udivmoddi4.o)
 .ARM.attributes
                0x00000718       0x26 /usr/lib/gcc/arm-none-eabi/13.2.1/thumb/v8-m.main+fp/softfp/libgcc.a(_dvmd_tls.o)
 .ARM.attributes
                0x0000073e       0x24 /usr/lib/gcc/arm-none-eabi/13.2.1/../../../arm-none-eabi/lib/thumb/v8-m.main+fp/softfp/libg.a(libc_a-memcpy.o)
 .ARM.attributes
                0x00000762       0x36 /usr/lib/gcc/arm-none-eabi/13.2.1/../../../arm-none-eabi/lib/thumb/v8-m.main+fp/softfp/libg.a(libc_a-atexit.o)
 .ARM.attributes
                0x00000798       0x36 /usr/lib/gcc/arm-none-eabi/13.2.1/../../../arm-none-eabi/lib/thumb/v8-m.main+fp/softfp/libg.a(libc_a-strlen-stub.o)
 .ARM.attributes
                0x000007ce       0x36 /usr/lib/gcc/arm-none-eabi/13.2.1/../../../arm-none-eabi/lib/thumb/v8-m.main+fp/softfp/libg.a(libc_a-fini.o)
 .ARM.attributes
                0x00000804       0x36 /usr/lib/gcc/arm-none-eabi/13.2.1/../../../arm-none-eabi/lib/thumb/v8-m.main+fp/softfp/libg.a(libc_a-__atexit.o)
 .ARM.attributes
                0x0000083a       0x36 /usr/lib/gcc/arm-none-eabi/13.2.1/../../../arm-none-eabi/lib/thumb/v8-m.main+fp/softfp/libg.a(libc_a-__call_atexit.o)
 .ARM.attributes
                0x00000870       0x36 /usr/lib/gcc/arm-none-eabi/13.2.1/thumb/v8-m.main+fp/softfp/crtend.o

.comment        0x00000000       0x26
 .comment       0x00000000       0x26 /usr/lib/gcc/arm-none-eabi/13.2.1/thumb/v8-m.main+fp/softfp/crtbegin.o
                                 0x27 (size before relaxing)
 .comment       0x00000026       0x27 CMakeFiles/blink.dir/blink.c.o
 .comment       0x00000026       0x27 CMakeFiles/blink.dir/home/pico2/pico-sdk/src/rp2_common/hardware_gpio/gpio.c.o
 .comment       0x00000026       0x27 CMakeFiles/blink.dir/home/pico2/pico-sdk/src/rp2_common/pico_platform_panic/panic.c.o
 .comment       0x00000026       0x27 CMakeFiles/blink.dir/home/pico2/pico-sdk/src/common/hardware_claim/claim.c.o
 .comment       0x00000026       0x27 CMakeFiles/blink.dir/home/pico2/pico-sdk/src/rp2_common/hardware_sync/sync.c.o
 .comment       0x00000026       0x27 CMakeFiles/blink.dir/home/pico2/pico-sdk/src/rp2_common/hardware_sync_spin_lock/sync_spin_lock.c.o
 .comment       0x00000026       0x27 CMakeFiles/blink.dir/home/pico2/pico-sdk/src/rp2_common/hardware_irq/irq.c.o
 .comment       0x00000026       0x27 CMakeFiles/blink.dir/home/pico2/pico-sdk/src/common/pico_sync/lock_core.c.o
 .comment       0x00000026       0x27 CMakeFiles/blink.dir/home/pico2/pico-sdk/src/common/pico_sync/mutex.c.o
 .comment       0x00000026       0x27 CMakeFiles/blink.dir/home/pico2/pico-sdk/src/common/pico_time/time.c.o
 .comment       0x00000026       0x27 CMakeFiles/blink.dir/home/pico2/pico-sdk/src/rp2_common/hardware_timer/timer.c.o
 .comment       0x00000026       0x27 CMakeFiles/blink.dir/home/pico2/pico-sdk/src/rp2_common/hardware_uart/uart.c.o
 .comment       0x00000026       0x27 CMakeFiles/blink.dir/home/pico2/pico-sdk/src/rp2_common/hardware_clocks/clocks.c.o
 .comment       0x00000026       0x27 CMakeFiles/blink.dir/home/pico2/pico-sdk/src/rp2_common/hardware_pll/pll.c.o
 .comment       0x00000026       0x27 CMakeFiles/blink.dir/home/pico2/pico-sdk/src/rp2_common/hardware_ticks/ticks.c.o
 .comment       0x00000026       0x27 CMakeFiles/blink.dir/home/pico2/pico-sdk/src/rp2_common/pico_bootrom/bootrom.c.o
 .comment       0x00000026       0x27 CMakeFiles/blink.dir/home/pico2/pico-sdk/src/rp2_common/pico_bootrom/bootrom_lock.c.o
 .comment       0x00000026       0x27 CMakeFiles/blink.dir/home/pico2/pico-sdk/src/rp2_common/hardware_boot_lock/boot_lock.c.o
 .comment       0x00000026       0x27 CMakeFiles/blink.dir/home/pico2/pico-sdk/src/rp2_common/hardware_xosc/xosc.c.o
 .comment       0x00000026       0x27 CMakeFiles/blink.dir/home/pico2/pico-sdk/src/rp2_common/pico_runtime/runtime.c.o
 .comment       0x00000026       0x27 CMakeFiles/blink.dir/home/pico2/pico-sdk/src/rp2_common/pico_runtime_init/runtime_init.c.o
 .comment       0x00000026       0x27 CMakeFiles/blink.dir/home/pico2/pico-sdk/src/rp2_common/pico_runtime_init/runtime_init_clocks.c.o
 .comment       0x00000026       0x27 CMakeFiles/blink.dir/home/pico2/pico-sdk/src/rp2_common/pico_standard_binary_info/standard_binary_info.c.o
 .comment       0x00000026       0x27 CMakeFiles/blink.dir/home/pico2/pico-sdk/src/rp2_common/pico_printf/printf.c.o
 .comment       0x00000026       0x27 CMakeFiles/blink.dir/home/pico2/pico-sdk/src/rp2_common/pico_clib_interface/newlib_interface.c.o
 .comment       0x00000026       0x27 CMakeFiles/blink.dir/home/pico2/pico-sdk/src/rp2_common/pico_stdio/stdio.c.o
 .comment       0x00000026       0x27 CMakeFiles/blink.dir/home/pico2/pico-sdk/src/rp2_common/pico_stdio_uart/stdio_uart.c.o
 .comment       0x00000026       0x27 /usr/lib/gcc/arm-none-eabi/13.2.1/thumb/v8-m.main+fp/softfp/libgcc.a(_udivmoddi4.o)
 .comment       0x00000026       0x27 /usr/lib/gcc/arm-none-eabi/13.2.1/../../../arm-none-eabi/lib/thumb/v8-m.main+fp/softfp/libg.a(libc_a-atexit.o)
 .comment       0x00000026       0x27 /usr/lib/gcc/arm-none-eabi/13.2.1/../../../arm-none-eabi/lib/thumb/v8-m.main+fp/softfp/libg.a(libc_a-strlen-stub.o)
 .comment       0x00000026       0x27 /usr/lib/gcc/arm-none-eabi/13.2.1/../../../arm-none-eabi/lib/thumb/v8-m.main+fp/softfp/libg.a(libc_a-fini.o)
 .comment       0x00000026       0x27 /usr/lib/gcc/arm-none-eabi/13.2.1/../../../arm-none-eabi/lib/thumb/v8-m.main+fp/softfp/libg.a(libc_a-__atexit.o)
 .comment       0x00000026       0x27 /usr/lib/gcc/arm-none-eabi/13.2.1/../../../arm-none-eabi/lib/thumb/v8-m.main+fp/softfp/libg.a(libc_a-__call_atexit.o)
 .comment       0x00000026       0x27 /usr/lib/gcc/arm-none-eabi/13.2.1/thumb/v8-m.main+fp/softfp/crtend.o

.debug_info     0x00000000    0x1afa9
 .debug_info    0x00000000      0x42b CMakeFiles/blink.dir/blink.c.o
 .debug_info    0x0000042b     0x1c2b CMakeFiles/blink.dir/home/pico2/pico-sdk/src/rp2_common/hardware_gpio/gpio.c.o
 .debug_info    0x00002056      0x1b3 CMakeFiles/blink.dir/home/pico2/pico-sdk/src/rp2_common/pico_platform_panic/panic.c.o
 .debug_info    0x00002209      0x72d CMakeFiles/blink.dir/home/pico2/pico-sdk/src/common/hardware_claim/claim.c.o
 .debug_info    0x00002936      0x465 CMakeFiles/blink.dir/home/pico2/pico-sdk/src/rp2_common/hardware_sync/sync.c.o
 .debug_info    0x00002d9b     0x1506 CMakeFiles/blink.dir/home/pico2/pico-sdk/src/rp2_common/hardware_sync_spin_lock/sync_spin_lock.c.o
 .debug_info    0x000042a1     0x23dd CMakeFiles/blink.dir/home/pico2/pico-sdk/src/rp2_common/hardware_irq/irq.c.o
 .debug_info    0x0000667e      0x1c3 CMakeFiles/blink.dir/home/pico2/pico-sdk/src/common/pico_sync/lock_core.c.o
 .debug_info    0x00006841     0x1ecf CMakeFiles/blink.dir/home/pico2/pico-sdk/src/common/pico_sync/mutex.c.o
 .debug_info    0x00008710     0x381f CMakeFiles/blink.dir/home/pico2/pico-sdk/src/common/pico_time/time.c.o
 .debug_info    0x0000bf2f     0x1e69 CMakeFiles/blink.dir/home/pico2/pico-sdk/src/rp2_common/hardware_timer/timer.c.o
 .debug_info    0x0000dd98     0x13b6 CMakeFiles/blink.dir/home/pico2/pico-sdk/src/rp2_common/hardware_uart/uart.c.o
 .debug_info    0x0000f14e     0x163f CMakeFiles/blink.dir/home/pico2/pico-sdk/src/rp2_common/hardware_clocks/clocks.c.o
 .debug_info    0x0001078d      0x664 CMakeFiles/blink.dir/home/pico2/pico-sdk/src/rp2_common/hardware_pll/pll.c.o
 .debug_info    0x00010df1      0x2be CMakeFiles/blink.dir/home/pico2/pico-sdk/src/rp2_common/hardware_ticks/ticks.c.o
 .debug_info    0x000110af      0xfff CMakeFiles/blink.dir/home/pico2/pico-sdk/src/rp2_common/pico_bootrom/bootrom.c.o
 .debug_info    0x000120ae      0x1bd CMakeFiles/blink.dir/home/pico2/pico-sdk/src/rp2_common/pico_bootrom/bootrom_lock.c.o
 .debug_info    0x0001226b      0x31c CMakeFiles/blink.dir/home/pico2/pico-sdk/src/rp2_common/hardware_boot_lock/boot_lock.c.o
 .debug_info    0x00012587      0x19d CMakeFiles/blink.dir/home/pico2/pico-sdk/src/rp2_common/hardware_xosc/xosc.c.o
 .debug_info    0x00012724      0x1b0 CMakeFiles/blink.dir/home/pico2/pico-sdk/src/rp2_common/pico_runtime/runtime.c.o
 .debug_info    0x000128d4     0x1c45 CMakeFiles/blink.dir/home/pico2/pico-sdk/src/rp2_common/pico_runtime_init/runtime_init.c.o
 .debug_info    0x00014519      0x797 CMakeFiles/blink.dir/home/pico2/pico-sdk/src/rp2_common/pico_runtime_init/runtime_init_clocks.c.o
 .debug_info    0x00014cb0       0x23 CMakeFiles/blink.dir/home/pico2/pico-sdk/src/rp2_common/pico_double/double_aeabi_dcp.S.o
 .debug_info    0x00014cd3      0x288 CMakeFiles/blink.dir/home/pico2/pico-sdk/src/rp2_common/pico_standard_binary_info/standard_binary_info.c.o
 .debug_info    0x00014f5b     0x1936 CMakeFiles/blink.dir/home/pico2/pico-sdk/src/rp2_common/pico_printf/printf.c.o
 .debug_info    0x00016891       0x23 CMakeFiles/blink.dir/home/pico2/pico-sdk/src/rp2_common/pico_crt0/crt0.S.o
 .debug_info    0x000168b4      0xcab CMakeFiles/blink.dir/home/pico2/pico-sdk/src/rp2_common/pico_clib_interface/newlib_interface.c.o
 .debug_info    0x0001755f     0x15e4 CMakeFiles/blink.dir/home/pico2/pico-sdk/src/rp2_common/pico_stdio/stdio.c.o
 .debug_info    0x00018b43     0x158b CMakeFiles/blink.dir/home/pico2/pico-sdk/src/rp2_common/pico_stdio_uart/stdio_uart.c.o
 .debug_info    0x0001a0ce       0x24 /usr/lib/gcc/arm-none-eabi/13.2.1/thumb/v8-m.main+fp/softfp/libgcc.a(_aeabi_uldivmod.o)
 .debug_info    0x0001a0f2      0x6f5 /usr/lib/gcc/arm-none-eabi/13.2.1/thumb/v8-m.main+fp/softfp/libgcc.a(_udivmoddi4.o)
 .debug_info    0x0001a7e7       0x3c /usr/lib/gcc/arm-none-eabi/13.2.1/thumb/v8-m.main+fp/softfp/libgcc.a(_dvmd_tls.o)
 .debug_info    0x0001a823       0x33 /usr/lib/gcc/arm-none-eabi/13.2.1/../../../arm-none-eabi/lib/thumb/v8-m.main+fp/softfp/libg.a(libc_a-memcpy.o)
 .debug_info    0x0001a856      0x11e /usr/lib/gcc/arm-none-eabi/13.2.1/../../../arm-none-eabi/lib/thumb/v8-m.main+fp/softfp/libg.a(libc_a-atexit.o)
 .debug_info    0x0001a974       0xbd /usr/lib/gcc/arm-none-eabi/13.2.1/../../../arm-none-eabi/lib/thumb/v8-m.main+fp/softfp/libg.a(libc_a-strlen-stub.o)
 .debug_info    0x0001aa31       0xf7 /usr/lib/gcc/arm-none-eabi/13.2.1/../../../arm-none-eabi/lib/thumb/v8-m.main+fp/softfp/libg.a(libc_a-fini.o)
 .debug_info    0x0001ab28      0x1fd /usr/lib/gcc/arm-none-eabi/13.2.1/../../../arm-none-eabi/lib/thumb/v8-m.main+fp/softfp/libg.a(libc_a-__atexit.o)
 .debug_info    0x0001ad25      0x284 /usr/lib/gcc/arm-none-eabi/13.2.1/../../../arm-none-eabi/lib/thumb/v8-m.main+fp/softfp/libg.a(libc_a-__call_atexit.o)

.debug_abbrev   0x00000000     0x5788
 .debug_abbrev  0x00000000      0x170 CMakeFiles/blink.dir/blink.c.o
 .debug_abbrev  0x00000170      0x487 CMakeFiles/blink.dir/home/pico2/pico-sdk/src/rp2_common/hardware_gpio/gpio.c.o
 .debug_abbrev  0x000005f7      0x12d CMakeFiles/blink.dir/home/pico2/pico-sdk/src/rp2_common/pico_platform_panic/panic.c.o
 .debug_abbrev  0x00000724      0x2c8 CMakeFiles/blink.dir/home/pico2/pico-sdk/src/common/hardware_claim/claim.c.o
 .debug_abbrev  0x000009ec      0x1f8 CMakeFiles/blink.dir/home/pico2/pico-sdk/src/rp2_common/hardware_sync/sync.c.o
 .debug_abbrev  0x00000be4      0x2a1 CMakeFiles/blink.dir/home/pico2/pico-sdk/src/rp2_common/hardware_sync_spin_lock/sync_spin_lock.c.o
 .debug_abbrev  0x00000e85      0x5c1 CMakeFiles/blink.dir/home/pico2/pico-sdk/src/rp2_common/hardware_irq/irq.c.o
 .debug_abbrev  0x00001446      0x130 CMakeFiles/blink.dir/home/pico2/pico-sdk/src/common/pico_sync/lock_core.c.o
 .debug_abbrev  0x00001576      0x437 CMakeFiles/blink.dir/home/pico2/pico-sdk/src/common/pico_sync/mutex.c.o
 .debug_abbrev  0x000019ad      0x632 CMakeFiles/blink.dir/home/pico2/pico-sdk/src/common/pico_time/time.c.o
 .debug_abbrev  0x00001fdf      0x4b4 CMakeFiles/blink.dir/home/pico2/pico-sdk/src/rp2_common/hardware_timer/timer.c.o
 .debug_abbrev  0x00002493      0x335 CMakeFiles/blink.dir/home/pico2/pico-sdk/src/rp2_common/hardware_uart/uart.c.o
 .debug_abbrev  0x000027c8      0x45c CMakeFiles/blink.dir/home/pico2/pico-sdk/src/rp2_common/hardware_clocks/clocks.c.o
 .debug_abbrev  0x00002c24      0x1f8 CMakeFiles/blink.dir/home/pico2/pico-sdk/src/rp2_common/hardware_pll/pll.c.o
 .debug_abbrev  0x00002e1c      0x153 CMakeFiles/blink.dir/home/pico2/pico-sdk/src/rp2_common/hardware_ticks/ticks.c.o
 .debug_abbrev  0x00002f6f      0x480 CMakeFiles/blink.dir/home/pico2/pico-sdk/src/rp2_common/pico_bootrom/bootrom.c.o
 .debug_abbrev  0x000033ef      0x12b CMakeFiles/blink.dir/home/pico2/pico-sdk/src/rp2_common/pico_bootrom/bootrom_lock.c.o
 .debug_abbrev  0x0000351a      0x200 CMakeFiles/blink.dir/home/pico2/pico-sdk/src/rp2_common/hardware_boot_lock/boot_lock.c.o
 .debug_abbrev  0x0000371a      0x10b CMakeFiles/blink.dir/home/pico2/pico-sdk/src/rp2_common/hardware_xosc/xosc.c.o
 .debug_abbrev  0x00003825      0x149 CMakeFiles/blink.dir/home/pico2/pico-sdk/src/rp2_common/pico_runtime/runtime.c.o
 .debug_abbrev  0x0000396e      0x2f9 CMakeFiles/blink.dir/home/pico2/pico-sdk/src/rp2_common/pico_runtime_init/runtime_init.c.o
 .debug_abbrev  0x00003c67      0x2a8 CMakeFiles/blink.dir/home/pico2/pico-sdk/src/rp2_common/pico_runtime_init/runtime_init_clocks.c.o
 .debug_abbrev  0x00003f0f       0x12 CMakeFiles/blink.dir/home/pico2/pico-sdk/src/rp2_common/pico_double/double_aeabi_dcp.S.o
 .debug_abbrev  0x00003f21       0xb8 CMakeFiles/blink.dir/home/pico2/pico-sdk/src/rp2_common/pico_standard_binary_info/standard_binary_info.c.o
 .debug_abbrev  0x00003fd9      0x38e CMakeFiles/blink.dir/home/pico2/pico-sdk/src/rp2_common/pico_printf/printf.c.o
 .debug_abbrev  0x00004367       0x12 CMakeFiles/blink.dir/home/pico2/pico-sdk/src/rp2_common/pico_crt0/crt0.S.o
 .debug_abbrev  0x00004379      0x35f CMakeFiles/blink.dir/home/pico2/pico-sdk/src/rp2_common/pico_clib_interface/newlib_interface.c.o
 .debug_abbrev  0x000046d8      0x527 CMakeFiles/blink.dir/home/pico2/pico-sdk/src/rp2_common/pico_stdio/stdio.c.o
 .debug_abbrev  0x00004bff      0x484 CMakeFiles/blink.dir/home/pico2/pico-sdk/src/rp2_common/pico_stdio_uart/stdio_uart.c.o
 .debug_abbrev  0x00005083       0x14 /usr/lib/gcc/arm-none-eabi/13.2.1/thumb/v8-m.main+fp/softfp/libgcc.a(_aeabi_uldivmod.o)
 .debug_abbrev  0x00005097      0x16a /usr/lib/gcc/arm-none-eabi/13.2.1/thumb/v8-m.main+fp/softfp/libgcc.a(_udivmoddi4.o)
 .debug_abbrev  0x00005201       0x26 /usr/lib/gcc/arm-none-eabi/13.2.1/thumb/v8-m.main+fp/softfp/libgcc.a(_dvmd_tls.o)
 .debug_abbrev  0x00005227       0x28 /usr/lib/gcc/arm-none-eabi/13.2.1/../../../arm-none-eabi/lib/thumb/v8-m.main+fp/softfp/libg.a(libc_a-memcpy.o)
 .debug_abbrev  0x0000524f       0xc1 /usr/lib/gcc/arm-none-eabi/13.2.1/../../../arm-none-eabi/lib/thumb/v8-m.main+fp/softfp/libg.a(libc_a-atexit.o)
 .debug_abbrev  0x00005310       0x78 /usr/lib/gcc/arm-none-eabi/13.2.1/../../../arm-none-eabi/lib/thumb/v8-m.main+fp/softfp/libg.a(libc_a-strlen-stub.o)
 .debug_abbrev  0x00005388       0xcc /usr/lib/gcc/arm-none-eabi/13.2.1/../../../arm-none-eabi/lib/thumb/v8-m.main+fp/softfp/libg.a(libc_a-fini.o)
 .debug_abbrev  0x00005454      0x157 /usr/lib/gcc/arm-none-eabi/13.2.1/../../../arm-none-eabi/lib/thumb/v8-m.main+fp/softfp/libg.a(libc_a-__atexit.o)
 .debug_abbrev  0x000055ab      0x1dd /usr/lib/gcc/arm-none-eabi/13.2.1/../../../arm-none-eabi/lib/thumb/v8-m.main+fp/softfp/libg.a(libc_a-__call_atexit.o)

.debug_loclists
                0x00000000     0x9ca3
 .debug_loclists
                0x00000000      0x12c CMakeFiles/blink.dir/blink.c.o
 .debug_loclists
                0x0000012c      0xc50 CMakeFiles/blink.dir/home/pico2/pico-sdk/src/rp2_common/hardware_gpio/gpio.c.o
 .debug_loclists
                0x00000d7c      0x268 CMakeFiles/blink.dir/home/pico2/pico-sdk/src/common/hardware_claim/claim.c.o
 .debug_loclists
                0x00000fe4       0xe6 CMakeFiles/blink.dir/home/pico2/pico-sdk/src/rp2_common/hardware_sync/sync.c.o
 .debug_loclists
                0x000010ca       0xa3 CMakeFiles/blink.dir/home/pico2/pico-sdk/src/rp2_common/hardware_sync_spin_lock/sync_spin_lock.c.o
 .debug_loclists
                0x0000116d      0xd9f CMakeFiles/blink.dir/home/pico2/pico-sdk/src/rp2_common/hardware_irq/irq.c.o
 .debug_loclists
                0x00001f0c       0x17 CMakeFiles/blink.dir/home/pico2/pico-sdk/src/common/pico_sync/lock_core.c.o
 .debug_loclists
                0x00001f23      0xae1 CMakeFiles/blink.dir/home/pico2/pico-sdk/src/common/pico_sync/mutex.c.o
 .debug_loclists
                0x00002a04     0x1a01 CMakeFiles/blink.dir/home/pico2/pico-sdk/src/common/pico_time/time.c.o
 .debug_loclists
                0x00004405      0xaf6 CMakeFiles/blink.dir/home/pico2/pico-sdk/src/rp2_common/hardware_timer/timer.c.o
 .debug_loclists
                0x00004efb      0x61b CMakeFiles/blink.dir/home/pico2/pico-sdk/src/rp2_common/hardware_uart/uart.c.o
 .debug_loclists
                0x00005516      0x886 CMakeFiles/blink.dir/home/pico2/pico-sdk/src/rp2_common/hardware_clocks/clocks.c.o
 .debug_loclists
                0x00005d9c      0x3d0 CMakeFiles/blink.dir/home/pico2/pico-sdk/src/rp2_common/hardware_pll/pll.c.o
 .debug_loclists
                0x0000616c       0x80 CMakeFiles/blink.dir/home/pico2/pico-sdk/src/rp2_common/hardware_ticks/ticks.c.o
 .debug_loclists
                0x000061ec      0x79d CMakeFiles/blink.dir/home/pico2/pico-sdk/src/rp2_common/pico_bootrom/bootrom.c.o
 .debug_loclists
                0x00006989       0x8c CMakeFiles/blink.dir/home/pico2/pico-sdk/src/rp2_common/hardware_boot_lock/boot_lock.c.o
 .debug_loclists
                0x00006a15       0x48 CMakeFiles/blink.dir/home/pico2/pico-sdk/src/rp2_common/hardware_xosc/xosc.c.o
 .debug_loclists
                0x00006a5d       0x58 CMakeFiles/blink.dir/home/pico2/pico-sdk/src/rp2_common/pico_runtime/runtime.c.o
 .debug_loclists
                0x00006ab5      0x129 CMakeFiles/blink.dir/home/pico2/pico-sdk/src/rp2_common/pico_runtime_init/runtime_init.c.o
 .debug_loclists
                0x00006bde       0x64 CMakeFiles/blink.dir/home/pico2/pico-sdk/src/rp2_common/pico_runtime_init/runtime_init_clocks.c.o
 .debug_loclists
                0x00006c42     0x1356 CMakeFiles/blink.dir/home/pico2/pico-sdk/src/rp2_common/pico_printf/printf.c.o
 .debug_loclists
                0x00007f98      0x452 CMakeFiles/blink.dir/home/pico2/pico-sdk/src/rp2_common/pico_clib_interface/newlib_interface.c.o
 .debug_loclists
                0x000083ea      0x687 CMakeFiles/blink.dir/home/pico2/pico-sdk/src/rp2_common/pico_stdio/stdio.c.o
 .debug_loclists
                0x00008a71      0x675 CMakeFiles/blink.dir/home/pico2/pico-sdk/src/rp2_common/pico_stdio_uart/stdio_uart.c.o
 .debug_loclists
                0x000090e6      0x93f /usr/lib/gcc/arm-none-eabi/13.2.1/thumb/v8-m.main+fp/softfp/libgcc.a(_udivmoddi4.o)
 .debug_loclists
                0x00009a25       0x2b /usr/lib/gcc/arm-none-eabi/13.2.1/../../../arm-none-eabi/lib/thumb/v8-m.main+fp/softfp/libg.a(libc_a-atexit.o)
 .debug_loclists
                0x00009a50       0x29 /usr/lib/gcc/arm-none-eabi/13.2.1/../../../arm-none-eabi/lib/thumb/v8-m.main+fp/softfp/libg.a(libc_a-strlen-stub.o)
 .debug_loclists
                0x00009a79       0x42 /usr/lib/gcc/arm-none-eabi/13.2.1/../../../arm-none-eabi/lib/thumb/v8-m.main+fp/softfp/libg.a(libc_a-fini.o)
 .debug_loclists
                0x00009abb       0xe6 /usr/lib/gcc/arm-none-eabi/13.2.1/../../../arm-none-eabi/lib/thumb/v8-m.main+fp/softfp/libg.a(libc_a-__atexit.o)
 .debug_loclists
                0x00009ba1      0x102 /usr/lib/gcc/arm-none-eabi/13.2.1/../../../arm-none-eabi/lib/thumb/v8-m.main+fp/softfp/libg.a(libc_a-__call_atexit.o)

.debug_aranges  0x00000000      0xe00
 .debug_aranges
                0x00000000       0x20 CMakeFiles/blink.dir/blink.c.o
 .debug_aranges
                0x00000020      0x120 CMakeFiles/blink.dir/home/pico2/pico-sdk/src/rp2_common/hardware_gpio/gpio.c.o
 .debug_aranges
                0x00000140       0x28 CMakeFiles/blink.dir/home/pico2/pico-sdk/src/rp2_common/pico_platform_panic/panic.c.o
 .debug_aranges
                0x00000168       0x48 CMakeFiles/blink.dir/home/pico2/pico-sdk/src/common/hardware_claim/claim.c.o
 .debug_aranges
                0x000001b0       0x48 CMakeFiles/blink.dir/home/pico2/pico-sdk/src/rp2_common/hardware_sync/sync.c.o
 .debug_aranges
                0x000001f8       0x30 CMakeFiles/blink.dir/home/pico2/pico-sdk/src/rp2_common/hardware_sync_spin_lock/sync_spin_lock.c.o
 .debug_aranges
                0x00000228       0xe8 CMakeFiles/blink.dir/home/pico2/pico-sdk/src/rp2_common/hardware_irq/irq.c.o
 .debug_aranges
                0x00000310       0x20 CMakeFiles/blink.dir/home/pico2/pico-sdk/src/common/pico_sync/lock_core.c.o
 .debug_aranges
                0x00000330       0x98 CMakeFiles/blink.dir/home/pico2/pico-sdk/src/common/pico_sync/mutex.c.o
 .debug_aranges
                0x000003c8      0x120 CMakeFiles/blink.dir/home/pico2/pico-sdk/src/common/pico_time/time.c.o
 .debug_aranges
                0x000004e8       0xf0 CMakeFiles/blink.dir/home/pico2/pico-sdk/src/rp2_common/hardware_timer/timer.c.o
 .debug_aranges
                0x000005d8       0x70 CMakeFiles/blink.dir/home/pico2/pico-sdk/src/rp2_common/hardware_uart/uart.c.o
 .debug_aranges
                0x00000648       0xa8 CMakeFiles/blink.dir/home/pico2/pico-sdk/src/rp2_common/hardware_clocks/clocks.c.o
 .debug_aranges
                0x000006f0       0x28 CMakeFiles/blink.dir/home/pico2/pico-sdk/src/rp2_common/hardware_pll/pll.c.o
 .debug_aranges
                0x00000718       0x30 CMakeFiles/blink.dir/home/pico2/pico-sdk/src/rp2_common/hardware_ticks/ticks.c.o
 .debug_aranges
                0x00000748       0x80 CMakeFiles/blink.dir/home/pico2/pico-sdk/src/rp2_common/pico_bootrom/bootrom.c.o
 .debug_aranges
                0x000007c8       0x20 CMakeFiles/blink.dir/home/pico2/pico-sdk/src/rp2_common/pico_bootrom/bootrom_lock.c.o
 .debug_aranges
                0x000007e8       0x30 CMakeFiles/blink.dir/home/pico2/pico-sdk/src/rp2_common/hardware_boot_lock/boot_lock.c.o
 .debug_aranges
                0x00000818       0x30 CMakeFiles/blink.dir/home/pico2/pico-sdk/src/rp2_common/hardware_xosc/xosc.c.o
 .debug_aranges
                0x00000848       0x40 CMakeFiles/blink.dir/home/pico2/pico-sdk/src/rp2_common/pico_runtime/runtime.c.o
 .debug_aranges
                0x00000888       0x58 CMakeFiles/blink.dir/home/pico2/pico-sdk/src/rp2_common/pico_runtime_init/runtime_init.c.o
 .debug_aranges
                0x000008e0       0x28 CMakeFiles/blink.dir/home/pico2/pico-sdk/src/rp2_common/pico_runtime_init/runtime_init_clocks.c.o
 .debug_aranges
                0x00000908       0xf8 CMakeFiles/blink.dir/home/pico2/pico-sdk/src/rp2_common/pico_double/double_aeabi_dcp.S.o
 .debug_aranges
                0x00000a00       0x18 CMakeFiles/blink.dir/home/pico2/pico-sdk/src/rp2_common/pico_standard_binary_info/standard_binary_info.c.o
 .debug_aranges
                0x00000a18       0x90 CMakeFiles/blink.dir/home/pico2/pico-sdk/src/rp2_common/pico_printf/printf.c.o
 .debug_aranges
                0x00000aa8       0x28 CMakeFiles/blink.dir/home/pico2/pico-sdk/src/rp2_common/pico_crt0/crt0.S.o
 .debug_aranges
                0x00000ad0       0xa8 CMakeFiles/blink.dir/home/pico2/pico-sdk/src/rp2_common/pico_clib_interface/newlib_interface.c.o
 .debug_aranges
                0x00000b78       0xd0 CMakeFiles/blink.dir/home/pico2/pico-sdk/src/rp2_common/pico_stdio/stdio.c.o
 .debug_aranges
                0x00000c48       0x90 CMakeFiles/blink.dir/home/pico2/pico-sdk/src/rp2_common/pico_stdio_uart/stdio_uart.c.o
 .debug_aranges
                0x00000cd8       0x20 /usr/lib/gcc/arm-none-eabi/13.2.1/thumb/v8-m.main+fp/softfp/libgcc.a(_aeabi_uldivmod.o)
 .debug_aranges
                0x00000cf8       0x20 /usr/lib/gcc/arm-none-eabi/13.2.1/thumb/v8-m.main+fp/softfp/libgcc.a(_udivmoddi4.o)
 .debug_aranges
                0x00000d18       0x20 /usr/lib/gcc/arm-none-eabi/13.2.1/thumb/v8-m.main+fp/softfp/libgcc.a(_dvmd_tls.o)
 .debug_aranges