Archive member included to satisfy reference by file (symbol)

/usr/lib/gcc/arm-none-eabi/13.2.1/../../../arm-none-eabi/lib/thumb/v8-m.main+fp/softfp/libm.a(libm_a-wf_sqrt.o)
                              CMakeFiles/DiskSat.dir/home/pico2/pico-sdk/src/rp2_common/pico_float/float_math.c.o (sqrtf)
/usr/lib/gcc/arm-none-eabi/13.2.1/../../../arm-none-eabi/lib/thumb/v8-m.main+fp/softfp/libm.a(libm_a-ef_sqrt.o)
                              /usr/lib/gcc/arm-none-eabi/13.2.1/../../../arm-none-eabi/lib/thumb/v8-m.main+fp/softfp/libm.a(libm_a-wf_sqrt.o) (__ieee754_sqrtf)
/usr/lib/gcc/arm-none-eabi/13.2.1/thumb/v8-m.main+fp/softfp/libgcc.a(_arm_addsubdf3.o)
                              CMakeFiles/DiskSat.dir/home/pico2/pico-sdk/src/rp2_common/pico_float/float_math.c.o (__aeabi_f2d)
/usr/lib/gcc/arm-none-eabi/13.2.1/thumb/v8-m.main+fp/softfp/libgcc.a(_aeabi_ldivmod.o)
                              CMakeFiles/DiskSat.dir/home/pico2/pico-sdk/src/common/pico_time/time.c.o (__aeabi_ldivmod)
/usr/lib/gcc/arm-none-eabi/13.2.1/thumb/v8-m.main+fp/softfp/libgcc.a(_aeabi_uldivmod.o)
                              CMakeFiles/DiskSat.dir/home/pico2/pico-sdk/src/rp2_common/hardware_clocks/clocks.c.o (__aeabi_uldivmod)
/usr/lib/gcc/arm-none-eabi/13.2.1/thumb/v8-m.main+fp/softfp/libgcc.a(_udivmoddi4.o)
                              /usr/lib/gcc/arm-none-eabi/13.2.1/thumb/v8-m.main+fp/softfp/libgcc.a(_aeabi_ldivmod.o) (__udivmoddi4)
/usr/lib/gcc/arm-none-eabi/13.2.1/thumb/v8-m.main+fp/softfp/libgcc.a(_dvmd_tls.o)
                              /usr/lib/gcc/arm-none-eabi/13.2.1/thumb/v8-m.main+fp/softfp/libgcc.a(_aeabi_ldivmod.o) (__aeabi_ldiv0)
/usr/lib/gcc/arm-none-eabi/13.2.1/../../../arm-none-eabi/lib/thumb/v8-m.main+fp/softfp/libg.a(libc_a-memset.o)
                              /usr/lib/gcc/arm-none-eabi/13.2.1/../../../arm-none-eabi/lib/thumb/v8-m.main+fp/softfp/crt0.o (memset)
/usr/lib/gcc/arm-none-eabi/13.2.1/../../../arm-none-eabi/lib/thumb/v8-m.main+fp/softfp/libg.a(libc_a-calloc.o)
                              CMakeFiles/DiskSat.dir/home/pico2/pico-sdk/src/rp2_common/pico_malloc/malloc.c.o (calloc)
/usr/lib/gcc/arm-none-eabi/13.2.1/../../../arm-none-eabi/lib/thumb/v8-m.main+fp/softfp/libg.a(libc_a-errno.o)
                              /usr/lib/gcc/arm-none-eabi/13.2.1/../../../arm-none-eabi/lib/thumb/v8-m.main+fp/softfp/libm.a(libm_a-wf_sqrt.o) (__errno)
/usr/lib/gcc/arm-none-eabi/13.2.1/../../../arm-none-eabi/lib/thumb/v8-m.main+fp/softfp/libg.a(libc_a-impure.o)
                              /usr/lib/gcc/arm-none-eabi/13.2.1/../../../arm-none-eabi/lib/thumb/v8-m.main+fp/softfp/libg.a(libc_a-calloc.o) (_impure_ptr)
/usr/lib/gcc/arm-none-eabi/13.2.1/../../../arm-none-eabi/lib/thumb/v8-m.main+fp/softfp/libg.a(libc_a-callocr.o)
                              /usr/lib/gcc/arm-none-eabi/13.2.1/../../../arm-none-eabi/lib/thumb/v8-m.main+fp/softfp/libg.a(libc_a-calloc.o) (_calloc_r)
/usr/lib/gcc/arm-none-eabi/13.2.1/../../../arm-none-eabi/lib/thumb/v8-m.main+fp/softfp/libg.a(libc_a-realloc.o)
                              CMakeFiles/DiskSat.dir/home/pico2/pico-sdk/src/rp2_common/pico_malloc/malloc.c.o (realloc)
/usr/lib/gcc/arm-none-eabi/13.2.1/../../../arm-none-eabi/lib/thumb/v8-m.main+fp/softfp/libg.a(libc_a-mallocr.o)
                              /usr/lib/gcc/arm-none-eabi/13.2.1/../../../arm-none-eabi/lib/thumb/v8-m.main+fp/softfp/libg.a(libc_a-callocr.o) (_malloc_r)
/usr/lib/gcc/arm-none-eabi/13.2.1/../../../arm-none-eabi/lib/thumb/v8-m.main+fp/softfp/libg.a(libc_a-freer.o)
                              /usr/lib/gcc/arm-none-eabi/13.2.1/../../../arm-none-eabi/lib/thumb/v8-m.main+fp/softfp/libg.a(libc_a-mallocr.o) (_free_r)
/usr/lib/gcc/arm-none-eabi/13.2.1/../../../arm-none-eabi/lib/thumb/v8-m.main+fp/softfp/libg.a(libc_a-memcmp.o)
                              CMakeFiles/DiskSat.dir/home/pico2/pico-sdk/src/rp2_common/pico_atomic/atomic.c.o (memcmp)
/usr/lib/gcc/arm-none-eabi/13.2.1/../../../arm-none-eabi/lib/thumb/v8-m.main+fp/softfp/libg.a(libc_a-malloc.o)
                              CMakeFiles/DiskSat.dir/home/pico2/pico-sdk/src/rp2_common/pico_malloc/malloc.c.o (malloc)
/usr/lib/gcc/arm-none-eabi/13.2.1/../../../arm-none-eabi/lib/thumb/v8-m.main+fp/softfp/libg.a(libc_a-memcpy.o)
                              CMakeFiles/DiskSat.dir/home/pico2/pico-sdk/src/common/pico_util/queue.c.o (memcpy)
/usr/lib/gcc/arm-none-eabi/13.2.1/../../../arm-none-eabi/lib/thumb/v8-m.main+fp/softfp/libg.a(libc_a-sysconf.o)
                              /usr/lib/gcc/arm-none-eabi/13.2.1/../../../arm-none-eabi/lib/thumb/v8-m.main+fp/softfp/libg.a(libc_a-mallocr.o) (sysconf)
/usr/lib/gcc/arm-none-eabi/13.2.1/../../../arm-none-eabi/lib/thumb/v8-m.main+fp/softfp/libg.a(libc_a-init.o)
                              /usr/lib/gcc/arm-none-eabi/13.2.1/../../../arm-none-eabi/lib/thumb/v8-m.main+fp/softfp/crt0.o (__libc_init_array)
/usr/lib/gcc/arm-none-eabi/13.2.1/../../../arm-none-eabi/lib/thumb/v8-m.main+fp/softfp/libg.a(libc_a-reallocr.o)
[...]
Memory Configuration

Name             Origin             Length             Attributes
FLASH            0x10000000         0x00400000         xr
RAM              0x20000000         0x00080000         xrw
SCRATCH_X        0x20080000         0x00001000         xrw
SCRATCH_Y        0x20081000         0x00001000         xrw
*default*        0x00000000         0xffffffff

Linker script and memory map

LOAD /usr/lib/gcc/arm-none-eabi/13.2.1/thumb/v8-m.main+fp/softfp/crti.o
LOAD /usr/lib/gcc/arm-none-eabi/13.2.1/thumb/v8-m.main+fp/softfp/crtbegin.o
LOAD /usr/lib/gcc/arm-none-eabi/13.2.1/../../../arm-none-eabi/lib/thumb/v8-m.main+fp/softfp/crt0.o

.flash_begin    0x10000000        0x0
                0x10000000                        __flash_binary_start = .

.text           0x10000000     0x3240
                0x10000000                        __logical_binary_start = .
 *(.vectors)
 .vectors       0x10000000      0x124 CMakeFiles/DiskSat.dir/home/pico2/pico-sdk/src/rp2_common/pico_crt0/crt0.S.o
                0x10000000                __vectors
                0x10000000                __VECTOR_TABLE
                0x10000110                isr_securefault
                0x10000110                isr_irq30
                0x10000110                __unhandled_user_irq
                0x10000110                isr_irq49
                0x10000110                isr_irq13
                0x10000110                isr_irq43
                0x10000110                isr_irq45
                0x10000110                isr_irq27
                0x10000110                isr_irq32
                0x10000110                isr_irq31
                0x10000110                isr_irq5
                0x10000110                isr_irq11
                0x10000110                isr_irq23
                0x10000110                isr_usagefault
                0x10000110                isr_irq48
                0x10000110                isr_irq35
                0x10000110                isr_irq18
                0x10000110                isr_irq50
                0x10000110                isr_irq40
                0x10000110                isr_irq28
                0x10000110                isr_irq19
                0x10000110                isr_irq36
                0x10000110                isr_irq41
                0x10000110                isr_irq0
                0x10000110                isr_irq6
                0x10000110                isr_memmanage
                0x10000110                isr_irq37
                0x10000110                isr_irq42
                0x10000110                isr_irq22
                0x10000110                isr_irq17
                0x10000110                isr_irq38
                0x10000110                isr_irq14
                0x10000110                __vectors_end
                0x10000110                __default_isrs_start
                0x10000110                isr_irq2
                0x10000110                isr_irq10
                0x10000110                isr_irq8
                0x10000110                isr_debugmonitor
                0x10000110                isr_irq24
                0x10000110                isr_irq46
                0x10000110                isr_irq1
                0x10000110                isr_irq47
                0x10000110                isr_irq51
                0x10000110                isr_irq7
                0x10000110                isr_irq21
                0x10000110                isr_irq39
                0x10000110                isr_irq20
                0x10000110                isr_irq15
                0x10000110                isr_irq25
                0x10000110                isr_irq34
                0x10000110                isr_irq4
                0x10000110                isr_busfault
                0x10000110                isr_irq16
                0x10000110                isr_irq44
                0x10000110                isr_irq29
                0x10000110                isr_irq26
                0x10000110                isr_irq33
                0x10000110                isr_irq3
                0x10000110                isr_irq12
                0x10000110                isr_irq9
                0x10000116                unhandled_user_irq_num_in_r0
                0x10000118                isr_invalid
                0x1000011a                isr_nmi
                0x1000011c                isr_hardfault
                0x1000011e                isr_svcall
                0x10000120                isr_pendsv
                0x10000122                isr_systick
                0x10000124                __default_isrs_end
 *(.binary_info_header)
 .binary_info_header
                0x10000124       0x14 CMakeFiles/DiskSat.dir/home/pico2/pico-sdk/src/rp2_common/pico_crt0/crt0.S.o
                0x10000138                        __binary_info_header_end = .
 *(.embedded_block)
 .embedded_block
                0x10000138       0x14 CMakeFiles/DiskSat.dir/home/pico2/pico-sdk/src/rp2_common/pico_crt0/crt0.S.o
                0x1000014c                        __embedded_block_end = .
 *(.reset)
 .reset         0x1000014c       0x98 CMakeFiles/DiskSat.dir/home/pico2/pico-sdk/src/rp2_common/pico_crt0/crt0.S.o
                0x1000014c                _entry_point
 *(.init)
 .init          0x100001e4        0x4 /usr/lib/gcc/arm-none-eabi/13.2.1/thumb/v8-m.main+fp/softfp/crti.o
                0x100001e4                _init
 *libgcc.a:cmse_nonsecure_call.o()
 *(EXCLUDE_FILE(*libm.a: *libc.a:*lib_a-mem*.o *libgcc.a:) .text*)
 .text          0x100001e8       0x8c /usr/lib/gcc/arm-none-eabi/13.2.1/thumb/v8-m.main+fp/softfp/crtbegin.o
 .text.uart_putc
                0x10000274       0x70 CMakeFiles/DiskSat.dir/main.c.o
 .text.uart_puts
                0x100002e4       0x54 CMakeFiles/DiskSat.dir/main.c.o
 .text.reserved_addr
                0x10000338       0x16 CMakeFiles/DiskSat.dir/main.c.o
                0x10000338                reserved_addr
 *fill*         0x1000034e        0x2 
 .text.main     0x10000350      0x128 CMakeFiles/DiskSat.dir/main.c.o
                0x10000350                main
 .text.gpio_set_function
                0x10000478       0x38 CMakeFiles/DiskSat.dir/home/pico2/pico-sdk/src/rp2_common/hardware_gpio/gpio.c.o
                0x10000478                gpio_set_function
 .text.gpio_set_pulls
                0x100004b0       0x38 CMakeFiles/DiskSat.dir/home/pico2/pico-sdk/src/rp2_common/hardware_gpio/gpio.c.o
                0x100004b0                gpio_set_pulls
 .text.panic    0x100004e8       0x30 CMakeFiles/DiskSat.dir/home/pico2/pico-sdk/src/rp2_common/pico_platform_panic/panic.c.o
                0x100004e8                panic
 .text.hw_claim_lock
                0x10000518       0x24 CMakeFiles/DiskSat.dir/home/pico2/pico-sdk/src/common/hardware_claim/claim.c.o
                0x10000518                hw_claim_lock
 .text.hw_claim_unlock
                0x1000053c       0x14 CMakeFiles/DiskSat.dir/home/pico2/pico-sdk/src/common/hardware_claim/claim.c.o
                0x1000053c                hw_claim_unlock
 .text.hw_claim_or_assert
                0x10000550       0x32 CMakeFiles/DiskSat.dir/home/pico2/pico-sdk/src/common/hardware_claim/claim.c.o
                0x10000550                hw_claim_or_assert
 *fill*         0x10000582        0x2 
 .text.next_striped_spin_lock_num
                0x10000584       0x1c CMakeFiles/DiskSat.dir/home/pico2/pico-sdk/src/rp2_common/hardware_sync/sync.c.o
                0x10000584                next_striped_spin_lock_num
 .text.spinlock_set_extexclall
                0x100005a0        0xe CMakeFiles/DiskSat.dir/home/pico2/pico-sdk/src/rp2_common/hardware_sync_spin_lock/sync_spin_lock.c.o
 *fill*         0x100005ae        0x2 
 .text.spin_locks_reset
                0x100005b0       0x1c CMakeFiles/DiskSat.dir/home/pico2/pico-sdk/src/rp2_common/hardware_sync_spin_lock/sync_spin_lock.c.o
                0x100005b0                spin_locks_reset
 .text.set_raw_irq_handler_and_unlock
                0x100005cc       0x24 CMakeFiles/DiskSat.dir/home/pico2/pico-sdk/src/rp2_common/hardware_irq/irq.c.o
 .text.nvic_ipr0
                0x100005f0        0x8 CMakeFiles/DiskSat.dir/home/pico2/pico-sdk/src/rp2_common/hardware_irq/irq.c.o
 .text.runtime_init_per_core_irq_priorities
                0x100005f8       0x1c CMakeFiles/DiskSat.dir/home/pico2/pico-sdk/src/rp2_common/hardware_irq/irq.c.o
                0x100005f8                runtime_init_per_core_irq_priorities
 .text.irq_set_mask_n_enabled
                0x10000614       0x20 CMakeFiles/DiskSat.dir/home/pico2/pico-sdk/src/rp2_common/hardware_irq/irq.c.o
                0x10000614                irq_set_mask_n_enabled
 .text.irq_set_enabled
                0x10000634       0x14 CMakeFiles/DiskSat.dir/home/pico2/pico-sdk/src/rp2_common/hardware_irq/irq.c.o
                0x10000634                irq_set_enabled
 .text.irq_get_vtable_handler
                0x10000648       0x10 CMakeFiles/DiskSat.dir/home/pico2/pico-sdk/src/rp2_common/hardware_irq/irq.c.o
                0x10000648                irq_get_vtable_handler
 .text.irq_set_exclusive_handler
                0x10000658       0x60 CMakeFiles/DiskSat.dir/home/pico2/pico-sdk/src/rp2_common/hardware_irq/irq.c.o
                0x10000658                irq_set_exclusive_handler
 .text.lock_init
                0x100006b8        0xc CMakeFiles/DiskSat.dir/home/pico2/pico-sdk/src/common/pico_sync/lock_core.c.o
                0x100006b8                lock_init
 .text.mutex_init
                0x100006c4       0x1a CMakeFiles/DiskSat.dir/home/pico2/pico-sdk/src/common/pico_sync/mutex.c.o
                0x100006c4                mutex_init
 .text.recursive_mutex_init
                0x100006de       0x1e CMakeFiles/DiskSat.dir/home/pico2/pico-sdk/src/common/pico_sync/mutex.c.o
                0x100006de                recursive_mutex_init
 .text.runtime_init_mutex
                0x100006fc       0x4c CMakeFiles/DiskSat.dir/home/pico2/pico-sdk/src/common/pico_sync/mutex.c.o
                0x100006fc                runtime_init_mutex
 .text.ta_from_current_irq
                0x10000748       0x24 CMakeFiles/DiskSat.dir/home/pico2/pico-sdk/src/common/pico_time/time.c.o
 .text.ta_set_timeout
                0x1000076c       0x2a CMakeFiles/DiskSat.dir/home/pico2/pico-sdk/src/common/pico_time/time.c.o
 .text.make_alarm_id
                0x10000796        0x6 CMakeFiles/DiskSat.dir/home/pico2/pico-sdk/src/common/pico_time/time.c.o
 .text.sleep_until_callback
                0x1000079c       0x3c CMakeFiles/DiskSat.dir/home/pico2/pico-sdk/src/common/pico_time/time.c.o
 .text.alarm_pool_irq_handler
                0x100007d8      0x2d4 CMakeFiles/DiskSat.dir/home/pico2/pico-sdk/src/common/pico_time/time.c.o
 .text.ta_enable_irq_handler
                0x10000aac       0x38 CMakeFiles/DiskSat.dir/home/pico2/pico-sdk/src/common/pico_time/time.c.o
 .text.alarm_pool_post_alloc_init
                0x10000ae4       0x7c CMakeFiles/DiskSat.dir/home/pico2/pico-sdk/src/common/pico_time/time.c.o
 .text.alarm_pool_get_default
                0x10000b60       0x28 CMakeFiles/DiskSat.dir/home/pico2/pico-sdk/src/common/pico_time/time.c.o
                0x10000b60                alarm_pool_get_default
 .text.alarm_pool_add_alarm_at_force_in_context
                0x10000b88       0xc0 CMakeFiles/DiskSat.dir/home/pico2/pico-sdk/src/common/pico_time/time.c.o
                0x10000b88                alarm_pool_add_alarm_at_force_in_context
 .text.alarm_pool_add_alarm_at
                0x10000c48       0x38 CMakeFiles/DiskSat.dir/home/pico2/pico-sdk/src/common/pico_time/time.c.o
                0x10000c48                alarm_pool_add_alarm_at
 .text.add_alarm_at
                0x10000c80       0x26 CMakeFiles/DiskSat.dir/home/pico2/pico-sdk/src/common/pico_time/time.c.o
 .text.alarm_pool_cancel_alarm
                0x10000ca6       0x72 CMakeFiles/DiskSat.dir/home/pico2/pico-sdk/src/common/pico_time/time.c.o
                0x10000ca6                alarm_pool_cancel_alarm
 .text.cancel_alarm
                0x10000d18       0x10 CMakeFiles/DiskSat.dir/home/pico2/pico-sdk/src/common/pico_time/time.c.o
 .text.sleep_until
                0x10000d28       0xc4 CMakeFiles/DiskSat.dir/home/pico2/pico-sdk/src/common/pico_time/time.c.o
                0x10000d28                sleep_until
 .text.sleep_us
                0x10000dec       0x24 CMakeFiles/DiskSat.dir/home/pico2/pico-sdk/src/common/pico_time/time.c.o
                0x10000dec                sleep_us
 .text.sleep_ms
                0x10000e10       0x28 CMakeFiles/DiskSat.dir/home/pico2/pico-sdk/src/common/pico_time/time.c.o
                0x10000e10                sleep_ms
 .text.best_effort_wfe_or_timeout
                0x10000e38      0x10c CMakeFiles/DiskSat.dir/home/pico2/pico-sdk/src/common/pico_time/time.c.o
                0x10000e38                best_effort_wfe_or_timeout
 .text.alarm_pool_get_default_timer
                0x10000f44        0x8 CMakeFiles/DiskSat.dir/home/pico2/pico-sdk/src/common/pico_time/time.c.o
                0x10000f44                alarm_pool_get_default_timer
 .text.runtime_init_default_alarm_pool
                0x10000f4c       0x34 CMakeFiles/DiskSat.dir/home/pico2/pico-sdk/src/common/pico_time/time.c.o
                0x10000f4c                runtime_init_default_alarm_pool
 .text.timer_hardware_alarm_claim
                0x10000f80       0x24 CMakeFiles/DiskSat.dir/home/pico2/pico-sdk/src/rp2_common/hardware_timer/timer.c.o
                0x10000f80                timer_hardware_alarm_claim
 .text.timer_time_us_64
                0x10000fa4       0x10 CMakeFiles/DiskSat.dir/home/pico2/pico-sdk/src/rp2_common/hardware_timer/timer.c.o
                0x10000fa4                timer_time_us_64
 .text.timer_busy_wait_until
                0x10000fb4       0x1a CMakeFiles/DiskSat.dir/home/pico2/pico-sdk/src/rp2_common/hardware_timer/timer.c.o
                0x10000fb4                timer_busy_wait_until
 .text.timer_busy_wait_us
                0x10000fce       0x28 CMakeFiles/DiskSat.dir/home/pico2/pico-sdk/src/rp2_common/hardware_timer/timer.c.o
                0x10000fce                timer_busy_wait_us
 *fill*         0x10000ff6        0x2 
 .text.time_us_64
                0x10000ff8       0x10 CMakeFiles/DiskSat.dir/home/pico2/pico-sdk/src/rp2_common/hardware_timer/timer.c.o
                0x10000ff8                time_us_64
 .text.busy_wait_us
                0x10001008       0x14 CMakeFiles/DiskSat.dir/home/pico2/pico-sdk/src/rp2_common/hardware_timer/timer.c.o
                0x10001008                busy_wait_us
 .text.busy_wait_until
                0x1000101c       0x14 CMakeFiles/DiskSat.dir/home/pico2/pico-sdk/src/rp2_common/hardware_timer/timer.c.o
                0x1000101c                busy_wait_until
 .text.uart_unreset
                0x10001030       0x2c CMakeFiles/DiskSat.dir/home/pico2/pico-sdk/src/rp2_common/hardware_uart/uart.c.o
 .text.uart_disable_before_lcr_write
                0x1000105c       0x40 CMakeFiles/DiskSat.dir/home/pico2/pico-sdk/src/rp2_common/hardware_uart/uart.c.o
 .text.uart_write_lcr_bits_masked
                0x1000109c       0x1c CMakeFiles/DiskSat.dir/home/pico2/pico-sdk/src/rp2_common/hardware_uart/uart.c.o
 .text.uart_set_baudrate
                0x100010b8       0x52 CMakeFiles/DiskSat.dir/home/pico2/pico-sdk/src/rp2_common/hardware_uart/uart.c.o
                0x100010b8                uart_set_baudrate
 *fill*         0x1000110a        0x2 
 .text.uart_set_translate_crlf
                0x1000110c       0x24 CMakeFiles/DiskSat.dir/home/pico2/pico-sdk/src/rp2_common/hardware_uart/uart.c.o
                0x1000110c                uart_set_translate_crlf
 .text.uart_init
                0x10001130       0x5c CMakeFiles/DiskSat.dir/home/pico2/pico-sdk/src/rp2_common/hardware_uart/uart.c.o
                0x10001130                uart_init
 .text.clock_configure_internal
                0x1000118c       0xb8 CMakeFiles/DiskSat.dir/home/pico2/pico-sdk/src/rp2_common/hardware_clocks/clocks.c.o
 .text.clock_configure_undivided
                0x10001244       0x12 CMakeFiles/DiskSat.dir/home/pico2/pico-sdk/src/rp2_common/hardware_clocks/clocks.c.o
                0x10001244                clock_configure_undivided
 *fill*         0x10001256        0x2 
 .text.clock_get_hz
                0x10001258        0xc CMakeFiles/DiskSat.dir/home/pico2/pico-sdk/src/rp2_common/hardware_clocks/clocks.c.o
                0x10001258                clock_get_hz
 .text.pll_init
                0x10001264      0x108 CMakeFiles/DiskSat.dir/home/pico2/pico-sdk/src/rp2_common/hardware_pll/pll.c.o
                0x10001264                pll_init
 .text.tick_start
                0x1000136c       0x1c CMakeFiles/DiskSat.dir/home/pico2/pico-sdk/src/rp2_common/hardware_ticks/ticks.c.o
                0x1000136c                tick_start
 .text.rom_func_lookup
                0x10001388       0x1e CMakeFiles/DiskSat.dir/home/pico2/pico-sdk/src/rp2_common/pico_bootrom/bootrom.c.o
                0x10001388                rom_func_lookup
 *fill*         0x100013a6        0x2 
 .text.runtime_init_bootrom_locking_enable
                0x100013a8       0x14 CMakeFiles/DiskSat.dir/home/pico2/pico-sdk/src/rp2_common/pico_bootrom/bootrom_lock.c.o
                0x100013a8                runtime_init_bootrom_locking_enable
 .text.boot_locks_reset
                0x100013bc       0x20 CMakeFiles/DiskSat.dir/home/pico2/pico-sdk/src/rp2_common/hardware_boot_lock/boot_lock.c.o
                0x100013bc                boot_locks_reset
 .text.runtime_init_boot_locks_reset
                0x100013dc        0x8 CMakeFiles/DiskSat.dir/home/pico2/pico-sdk/src/rp2_common/hardware_boot_lock/boot_lock.c.o
                0x100013dc                runtime_init_boot_locks_reset
 .text.xosc_init
                0x100013e4       0x28 CMakeFiles/DiskSat.dir/home/pico2/pico-sdk/src/rp2_common/hardware_xosc/xosc.c.o
                0x100013e4                xosc_init
 .text.runtime_run_initializers_from
                0x1000140c       0x18 CMakeFiles/DiskSat.dir/home/pico2/pico-sdk/src/rp2_common/pico_runtime/runtime.c.o
 .text.first_per_core_initializer
                0x10001424        0x2 CMakeFiles/DiskSat.dir/home/pico2/pico-sdk/src/rp2_common/pico_runtime/runtime.c.o
 *fill*         0x10001426        0x2 
 .text.runtime_run_initializers
                0x10001428       0x10 CMakeFiles/DiskSat.dir/home/pico2/pico-sdk/src/rp2_common/pico_runtime/runtime.c.o
                0x10001428                runtime_run_initializers
 .text.runtime_init_early_resets
                0x10001438       0x2c CMakeFiles/DiskSat.dir/home/pico2/pico-sdk/src/rp2_common/pico_runtime_init/runtime_init.c.o
                0x10001438                runtime_init_early_resets
 .text.runtime_init_usb_power_down
                0x10001464       0x20 CMakeFiles/DiskSat.dir/home/pico2/pico-sdk/src/rp2_common/pico_runtime_init/runtime_init.c.o
                0x10001464                runtime_init_usb_power_down
 .text.runtime_init_per_core_enable_coprocessors
                0x10001484       0x1c CMakeFiles/DiskSat.dir/home/pico2/pico-sdk/src/rp2_common/pico_runtime_init/runtime_init.c.o
                0x10001484                runtime_init_per_core_enable_coprocessors
 .text.runtime_init_post_clock_resets
                0x100014a0       0x20 CMakeFiles/DiskSat.dir/home/pico2/pico-sdk/src/rp2_common/pico_runtime_init/runtime_init.c.o
                0x100014a0                runtime_init_post_clock_resets
 .text.runtime_init_bootrom_reset
                0x100014c0       0x12 CMakeFiles/DiskSat.dir/home/pico2/pico-sdk/src/rp2_common/pico_runtime_init/runtime_init.c.o
                0x100014c0                runtime_init_bootrom_reset
 .text.runtime_init_per_core_bootrom_reset
                0x100014d2       0x12 CMakeFiles/DiskSat.dir/home/pico2/pico-sdk/src/rp2_common/pico_runtime_init/runtime_init.c.o
                0x100014d2                runtime_init_per_core_bootrom_reset
 .text.runtime_init_spin_locks_reset
                0x100014e4        0x8 CMakeFiles/DiskSat.dir/home/pico2/pico-sdk/src/rp2_common/pico_runtime_init/runtime_init.c.o
                0x100014e4                runtime_init_spin_locks_reset
 .text.runtime_init_install_ram_vector_table
                0x100014ec       0x48 CMakeFiles/DiskSat.dir/home/pico2/pico-sdk/src/rp2_common/pico_runtime_init/runtime_init.c.o
                0x100014ec                runtime_init_install_ram_vector_table
 .text.start_all_ticks
                0x10001534       0x28 CMakeFiles/DiskSat.dir/home/pico2/pico-sdk/src/rp2_common/pico_runtime_init/runtime_init_clocks.c.o
 .text.runtime_init_clocks
                0x1000155c       0xc4 CMakeFiles/DiskSat.dir/home/pico2/pico-sdk/src/rp2_common/pico_runtime_init/runtime_init_clocks.c.o
                0x1000155c                runtime_init_clocks
 .text.__rp2350_dcp_engaged_state_save_restore
                0x10001620       0x3a CMakeFiles/DiskSat.dir/home/pico2/pico-sdk/src/rp2_common/pico_double/double_aeabi_dcp.S.o
 *fill*         0x1000165a        0x2 
 .text.__wrap___aeabi_dadd
                0x1000165c       0x28 CMakeFiles/DiskSat.dir/home/pico2/pico-sdk/src/rp2_common/pico_double/double_aeabi_dcp.S.o
                0x10001664                __wrap___aeabi_dadd
 .text.__wrap___aeabi_dsub
                0x10001684       0x28 CMakeFiles/DiskSat.dir/home/pico2/pico-sdk/src/rp2_common/pico_double/double_aeabi_dcp.S.o
                0x1000168c                __wrap___aeabi_dsub
 .text.__wrap___aeabi_dmul
                0x100016ac       0x4c CMakeFiles/DiskSat.dir/home/pico2/pico-sdk/src/rp2_common/pico_double/double_aeabi_dcp.S.o
                0x100016b4                __wrap___aeabi_dmul
 .text.__wrap___aeabi_ddiv
                0x100016f8       0x9c CMakeFiles/DiskSat.dir/home/pico2/pico-sdk/src/rp2_common/pico_double/double_aeabi_dcp.S.o
                0x10001700                __wrap___aeabi_ddiv
 .text.__wrap___aeabi_i2d
                0x10001794       0x24 CMakeFiles/DiskSat.dir/home/pico2/pico-sdk/src/rp2_common/pico_double/double_aeabi_dcp.S.o
                0x1000179c                __wrap___aeabi_i2d
                0x1000179c                int2double
 .text.__wrap___aeabi_ui2d
                0x100017b8       0x24 CMakeFiles/DiskSat.dir/home/pico2/pico-sdk/src/rp2_common/pico_double/double_aeabi_dcp.S.o
                0x100017c0                __wrap___aeabi_ui2d
                0x100017c0                uint2double
 .text.__wrap___aeabi_d2iz
                0x100017dc       0x24 CMakeFiles/DiskSat.dir/home/pico2/pico-sdk/src/rp2_common/pico_double/double_aeabi_dcp.S.o
                0x100017e4                __wrap___aeabi_d2iz
                0x100017e4                double2int_z
 .text.__wrap___aeabi_d2uiz
                0x10001800       0x24 CMakeFiles/DiskSat.dir/home/pico2/pico-sdk/src/rp2_common/pico_double/double_aeabi_dcp.S.o
                0x10001808                double2uint_z
                0x10001808                double2uint
                0x10001808                __wrap___aeabi_d2uiz
 .text.__wrap___aeabi_dcmpun
                0x10001824       0x24 CMakeFiles/DiskSat.dir/home/pico2/pico-sdk/src/rp2_common/pico_double/double_aeabi_dcp.S.o
                0x1000182c                __wrap___aeabi_dcmpun
 .text.__wrap___aeabi_dcmplt
                0x10001848       0x28 CMakeFiles/DiskSat.dir/home/pico2/pico-sdk/src/rp2_common/pico_double/double_aeabi_dcp.S.o
                0x10001850                __wrap___aeabi_dcmplt
 .text.__wrap___aeabi_dcmple
                0x10001870       0x28 CMakeFiles/DiskSat.dir/home/pico2/pico-sdk/src/rp2_common/pico_double/double_aeabi_dcp.S.o
                0x10001878                __wrap___aeabi_dcmple
 .text.__wrap___aeabi_dcmpge
                0x10001898       0x28 CMakeFiles/DiskSat.dir/home/pico2/pico-sdk/src/rp2_common/pico_double/double_aeabi_dcp.S.o
                0x100018a0                __wrap___aeabi_dcmpge
 .text.__wrap___aeabi_dcmpgt
                0x100018c0       0x28 CMakeFiles/DiskSat.dir/home/pico2/pico-sdk/src/rp2_common/pico_double/double_aeabi_dcp.S.o
                0x100018c8                __wrap___aeabi_dcmpgt
 .text._out_buffer
                0x100018e8        0x8 CMakeFiles/DiskSat.dir/home/pico2/pico-sdk/src/rp2_common/pico_printf/printf.c.o
 .text._out_null
                0x100018f0        0x2 CMakeFiles/DiskSat.dir/home/pico2/pico-sdk/src/rp2_common/pico_printf/printf.c.o
 .text._out_fct
                0x100018f2        0xe CMakeFiles/DiskSat.dir/home/pico2/pico-sdk/src/rp2_common/pico_printf/printf.c.o
 .text._atoi    0x10001900       0x26 CMakeFiles/DiskSat.dir/home/pico2/pico-sdk/src/rp2_common/pico_printf/printf.c.o
 .text._out_rev
                0x10001926       0x7e CMakeFiles/DiskSat.dir/home/pico2/pico-sdk/src/rp2_common/pico_printf/printf.c.o
 .text._ntoa_format
                0x100019a4      0x136 CMakeFiles/DiskSat.dir/home/pico2/pico-sdk/src/rp2_common/pico_printf/printf.c.o
 .text._ntoa_long
                0x10001ada       0x94 CMakeFiles/DiskSat.dir/home/pico2/pico-sdk/src/rp2_common/pico_printf/printf.c.o
 .text._ntoa_long_long
                0x10001b6e       0xc2 CMakeFiles/DiskSat.dir/home/pico2/pico-sdk/src/rp2_common/pico_printf/printf.c.o
 .text._etoa    0x10001c30      0x41c CMakeFiles/DiskSat.dir/home/pico2/pico-sdk/src/rp2_common/pico_printf/printf.c.o
 *fill*         0x1000204c        0x4 
 .text._ftoa    0x10002050      0x398 CMakeFiles/DiskSat.dir/home/pico2/pico-sdk/src/rp2_common/pico_printf/printf.c.o
 .text._vsnprintf
                0x100023e8      0x6d0 CMakeFiles/DiskSat.dir/home/pico2/pico-sdk/src/rp2_common/pico_printf/printf.c.o
 .text.__wrap_snprintf
                0x10002ab8       0x28 CMakeFiles/DiskSat.dir/home/pico2/pico-sdk/src/rp2_common/pico_printf/printf.c.o
                0x10002ab8                __wrap_snprintf
 .text.vfctprintf
                0x10002ae0       0x24 CMakeFiles/DiskSat.dir/home/pico2/pico-sdk/src/rp2_common/pico_printf/printf.c.o
                0x10002ae0                vfctprintf
 .text._exit    0x10002b04        0x4 CMakeFiles/DiskSat.dir/home/pico2/pico-sdk/src/rp2_common/pico_clib_interface/newlib_interface.c.o
                0x10002b04                _exit
 .text.exit     0x10002b08        0x6 CMakeFiles/DiskSat.dir/home/pico2/pico-sdk/src/rp2_common/pico_clib_interface/newlib_interface.c.o
                0x10002b08                exit
 *fill*         0x10002b0e        0x2 
 .text.__assert_func
                0x10002b10       0x34 CMakeFiles/DiskSat.dir/home/pico2/pico-sdk/src/rp2_common/pico_clib_interface/newlib_interface.c.o
                0x10002b10                __assert_func
 .text.runtime_init
                0x10002b44       0x2c CMakeFiles/DiskSat.dir/home/pico2/pico-sdk/src/rp2_common/pico_clib_interface/newlib_interface.c.o
                0x10002b44                runtime_init
 .text.stdio_out_chars_no_crlf
                0x10002b70        0xe CMakeFiles/DiskSat.dir/home/pico2/pico-sdk/src/rp2_common/pico_stdio/stdio.c.o
 *fill*         0x10002b7e        0x2 
 .text.stdio_out_chars_crlf
                0x10002b80       0x80 CMakeFiles/DiskSat.dir/home/pico2/pico-sdk/src/rp2_common/pico_stdio/stdio.c.o
 .text.stdio_stack_buffer_flush
                0x10002c00       0x40 CMakeFiles/DiskSat.dir/home/pico2/pico-sdk/src/rp2_common/pico_stdio/stdio.c.o
 .text.stdio_buffered_printer
                0x10002c40       0x20 CMakeFiles/DiskSat.dir/home/pico2/pico-sdk/src/rp2_common/pico_stdio/stdio.c.o
 .text.stdout_serialize_begin
                0x10002c60       0x2c CMakeFiles/DiskSat.dir/home/pico2/pico-sdk/src/rp2_common/pico_stdio/stdio.c.o
                0x10002c60                stdout_serialize_begin
 .text.stdout_serialize_end
                0x10002c8c       0x10 CMakeFiles/DiskSat.dir/home/pico2/pico-sdk/src/rp2_common/pico_stdio/stdio.c.o
                0x10002c8c                stdout_serialize_end
 .text.stdio_put_string
                0x10002c9c       0x8c CMakeFiles/DiskSat.dir/home/pico2/pico-sdk/src/rp2_common/pico_stdio/stdio.c.o
                0x10002c9c                stdio_put_string
 .text.stdio_flush
                0x10002d28       0x1c CMakeFiles/DiskSat.dir/home/pico2/pico-sdk/src/rp2_common/pico_stdio/stdio.c.o
                0x10002d28                stdio_flush
 .text.__wrap_puts
                0x10002d44       0x1e CMakeFiles/DiskSat.dir/home/pico2/pico-sdk/src/rp2_common/pico_stdio/stdio.c.o
                0x10002d44                __wrap_puts
                0x10002d44                stdio_puts
 *fill*         0x10002d62        0x2 
 .text.__wrap_vprintf
                0x10002d64       0x3c CMakeFiles/DiskSat.dir/home/pico2/pico-sdk/src/rp2_common/pico_stdio/stdio.c.o
                0x10002d64                __wrap_vprintf
                0x10002d64                stdio_vprintf
 .text.__wrap_printf
                0x10002da0       0x1c CMakeFiles/DiskSat.dir/home/pico2/pico-sdk/src/rp2_common/pico_stdio/stdio.c.o
                0x10002da0                stdio_printf
                0x10002da0                __wrap_printf
 .text.i2c_unreset
                0x10002dbc       0x2c CMakeFiles/DiskSat.dir/home/pico2/pico-sdk/src/rp2_common/hardware_i2c/i2c.c.o
 .text.i2c_read_blocking_internal
                0x10002de8       0xca CMakeFiles/DiskSat.dir/home/pico2/pico-sdk/src/rp2_common/hardware_i2c/i2c.c.o
 *fill*         0x10002eb2        0x2 
 .text.i2c_set_baudrate
                0x10002eb4       0xc8 CMakeFiles/DiskSat.dir/home/pico2/pico-sdk/src/rp2_common/hardware_i2c/i2c.c.o
                0x10002eb4                i2c_set_baudrate
 .text.i2c_init
                0x10002f7c       0x54 CMakeFiles/DiskSat.dir/home/pico2/pico-sdk/src/rp2_common/hardware_i2c/i2c.c.o
                0x10002f7c                i2c_init
 .text.i2c_read_blocking
                0x10002fd0       0x18 CMakeFiles/DiskSat.dir/home/pico2/pico-sdk/src/rp2_common/hardware_i2c/i2c.c.o
                0x10002fd0                i2c_read_blocking
 .text          0x10002fe8       0xec /usr/lib/gcc/arm-none-eabi/13.2.1/../../../arm-none-eabi/lib/thumb/v8-m.main+fp/softfp/libg.a(libc_a-memcpy.o)
                0x10002fe8                memcpy
 .text          0x100030d4        0xc /usr/lib/gcc/arm-none-eabi/13.2.1/../../../arm-none-eabi/lib/thumb/v8-m.main+fp/softfp/libg.a(libc_a-atexit.o)
                0x100030d4                atexit
 .text          0x100030e0       0x5c /usr/lib/gcc/arm-none-eabi/13.2.1/../../../arm-none-eabi/lib/thumb/v8-m.main+fp/softfp/libg.a(libc_a-strlen-stub.o)
                0x100030e0                strlen
 .text          0x1000313c       0x28 /usr/lib/gcc/arm-none-eabi/13.2.1/../../../arm-none-eabi/lib/thumb/v8-m.main+fp/softfp/libg.a(libc_a-fini.o)
                0x1000313c                __libc_fini_array
 .text          0x10003164       0x64 /usr/lib/gcc/arm-none-eabi/13.2.1/../../../arm-none-eabi/lib/thumb/v8-m.main+fp/softfp/libg.a(libc_a-__atexit.o)
                0x10003164                __register_exitproc
 .text.startup  0x100031c8       0x14 /usr/lib/gcc/arm-none-eabi/13.2.1/../../../arm-none-eabi/lib/thumb/v8-m.main+fp/softfp/libg.a(libc_a-__call_atexit.o)
 *(.fini)
 .fini          0x100031dc        0x4 /usr/lib/gcc/arm-none-eabi/13.2.1/thumb/v8-m.main+fp/softfp/crti.o
                0x100031dc                _fini
 .fini.__stub   0x100031e0       0x18 linker stubs
 *crtbegin.o(.ctors)
 *crtbegin?.o(.ctors)
 *(EXCLUDE_FILE(*crtend.o *crtend?.o) .ctors)
 *(SORT_BY_NAME(.ctors.*))
 *(.ctors)
 *crtbegin.o(.dtors)
 *crtbegin?.o(.dtors)
 *(EXCLUDE_FILE(*crtend.o *crtend?.o) .dtors)
 *(SORT_BY_NAME(.dtors.*))
 *(.dtors)
                0x100031f8                        . = ALIGN (0x4)
                0x100031f8                        PROVIDE (__preinit_array_start = .)
 *(SORT_BY_NAME(.preinit_array.*))
 .preinit_array.00050
                0x100031f8        0x4 CMakeFiles/DiskSat.dir/home/pico2/pico-sdk/src/rp2_common/pico_runtime_init/runtime_init.c.o
                0x100031f8                __pre_init_runtime_init_bootrom_reset
 .preinit_array.00100
                0x100031fc        0x4 CMakeFiles/DiskSat.dir/home/pico2/pico-sdk/src/rp2_common/pico_runtime_init/runtime_init.c.o
                0x100031fc                __pre_init_runtime_init_early_resets
 .preinit_array.00101
                0x10003200        0x4 CMakeFiles/DiskSat.dir/home/pico2/pico-sdk/src/rp2_common/pico_runtime_init/runtime_init.c.o
                0x10003200                __pre_init_runtime_init_usb_power_down
 .preinit_array.00500
                0x10003204        0x4 CMakeFiles/DiskSat.dir/home/pico2/pico-sdk/src/rp2_common/pico_runtime_init/runtime_init.c.o
                0x10003204                __pre_init_runtime_init_clocks
 .preinit_array.00600
                0x10003208        0x4 CMakeFiles/DiskSat.dir/home/pico2/pico-sdk/src/rp2_common/pico_runtime_init/runtime_init.c.o
                0x10003208                __pre_init_runtime_init_post_clock_resets
 .preinit_array.01000
                0x1000320c        0x4 CMakeFiles/DiskSat.dir/home/pico2/pico-sdk/src/rp2_common/hardware_boot_lock/boot_lock.c.o
                0x1000320c                __pre_init_runtime_init_boot_locks_reset
 .preinit_array.01000
                0x10003210        0x4 CMakeFiles/DiskSat.dir/home/pico2/pico-sdk/src/rp2_common/pico_runtime_init/runtime_init.c.o
                0x10003210                __pre_init_runtime_init_spin_locks_reset
 .preinit_array.01010
                0x10003214        0x4 CMakeFiles/DiskSat.dir/home/pico2/pico-sdk/src/rp2_common/pico_bootrom/bootrom_lock.c.o
                0x10003214                __pre_init_runtime_init_bootrom_locking_enable
 .preinit_array.01100
                0x10003218        0x4 CMakeFiles/DiskSat.dir/home/pico2/pico-sdk/src/common/pico_sync/mutex.c.o
                0x10003218                __pre_init_runtime_init_mutex
 .preinit_array.10080
                0x1000321c        0x4 CMakeFiles/DiskSat.dir/home/pico2/pico-sdk/src/rp2_common/pico_runtime_init/runtime_init.c.o
                0x1000321c                __pre_init_runtime_init_install_ram_vector_table
 .preinit_array.11000
                0x10003220        0x4 CMakeFiles/DiskSat.dir/home/pico2/pico-sdk/src/common/pico_time/time.c.o
                0x10003220                __pre_init_runtime_init_default_alarm_pool
 .preinit_array.YYYYY
                0x10003224        0x4 CMakeFiles/DiskSat.dir/home/pico2/pico-sdk/src/rp2_common/pico_runtime/runtime.c.o
                0x10003224                __pre_init_first_per_core_initializer
 .preinit_array.ZZZZZ.00051
                0x10003228        0x4 CMakeFiles/DiskSat.dir/home/pico2/pico-sdk/src/rp2_common/pico_runtime_init/runtime_init.c.o
                0x10003228                __pre_init_runtime_init_per_core_bootrom_reset
 .preinit_array.ZZZZZ.00200
                0x1000322c        0x4 CMakeFiles/DiskSat.dir/home/pico2/pico-sdk/src/rp2_common/pico_runtime_init/runtime_init.c.o
                0x1000322c                __pre_init_runtime_init_per_core_enable_coprocessors
 .preinit_array.ZZZZZ.01000
                0x10003230        0x4 CMakeFiles/DiskSat.dir/home/pico2/pico-sdk/src/rp2_common/hardware_sync_spin_lock/sync_spin_lock.c.o
                0x10003230                __pre_init_spinlock_set_extexclall
 .preinit_array.ZZZZZ.01200
                0x10003234        0x4 CMakeFiles/DiskSat.dir/home/pico2/pico-sdk/src/rp2_common/hardware_irq/irq.c.o
                0x10003234                __pre_init_runtime_init_per_core_irq_priorities
 *(.preinit_array)
                0x10003238                        PROVIDE (__preinit_array_end = .)
                0x10003238                        . = ALIGN (0x4)
                0x10003238                        PROVIDE (__init_array_start = .)
 *(SORT_BY_NAME(.init_array.*))
 .init_array.00000
                0x10003238        0x4 /usr/lib/gcc/arm-none-eabi/13.2.1/../../../arm-none-eabi/lib/thumb/v8-m.main+fp/softfp/libg.a(libc_a-__call_atexit.o)
 *(.init_array)
 .init_array    0x1000323c        0x4 /usr/lib/gcc/arm-none-eabi/13.2.1/thumb/v8-m.main+fp/softfp/crtbegin.o
                0x10003240                        PROVIDE (__init_array_end = .)
                0x10003240                        . = ALIGN (0x4)
                0x10003240                        PROVIDE (__fini_array_start = .)
 *(SORT_BY_NAME(.fini_array.*))
 *(.fini_array)
                0x10003240                        PROVIDE (__fini_array_end = .)
 *(.eh_frame*)
 .eh_frame      0x10003240        0x0 /usr/lib/gcc/arm-none-eabi/13.2.1/thumb/v8-m.main+fp/softfp/crtbegin.o
                0x10003240                        . = ALIGN (0x4)

.glue_7         0x10003240        0x0
 .glue_7        0x10003240        0x0 linker stubs

.glue_7t        0x10003240        0x0
 .glue_7t       0x10003240        0x0 linker stubs

.vfp11_veneer   0x10003240        0x0
 .vfp11_veneer  0x10003240        0x0 linker stubs

.v4_bx          0x10003240        0x0
 .v4_bx         0x10003240        0x0 linker stubs

.iplt           0x10003240        0x0
 .iplt          0x10003240        0x0 /usr/lib/gcc/arm-none-eabi/13.2.1/thumb/v8-m.main+fp/softfp/crtbegin.o

.boot2          0x10003240        0x0
                0x10003240                        __boot2_start__ = .
 *(.boot2)
                0x10003240                        __boot2_end__ = .
                0x00000001                        ASSERT (((__boot2_end__ - __boot2_start__) <= 0x100), ERROR: Pico second stage bootloader must be no more than 256 bytes in size)

.rodata         0x10003240      0x608
 *(EXCLUDE_FILE(*libm.a: *libc.a:*lib_a-mem*.o *libgcc.a:) .rodata*)
 .rodata.main.str1.4
                0x10003240      0x4bb CMakeFiles/DiskSat.dir/main.c.o
                                 0x85 (size before relaxing)
 .rodata.panic.str1.4
                0x100036fb       0x12 CMakeFiles/DiskSat.dir/home/pico2/pico-sdk/src/rp2_common/pico_platform_panic/panic.c.o
 .rodata.resolve_j_16.str1.4
                0x100036fb       0x4f CMakeFiles/DiskSat.dir/home/pico2/pico-sdk/src/rp2_common/hardware_irq/irq.c.o
 .rodata.irq_set_exclusive_handler.str1.4
                0x100036fb       0x36 CMakeFiles/DiskSat.dir/home/pico2/pico-sdk/src/rp2_common/hardware_irq/irq.c.o
 *fill*         0x100036fb        0x1 
 .rodata.__func__.6
                0x100036fc       0x1a CMakeFiles/DiskSat.dir/home/pico2/pico-sdk/src/rp2_common/hardware_irq/irq.c.o
 .rodata.runtime_init_mutex.str1.4
                0x10003716       0x52 CMakeFiles/DiskSat.dir/home/pico2/pico-sdk/src/common/pico_sync/mutex.c.o
 .rodata.str1.4
                0x10003716       0x51 CMakeFiles/DiskSat.dir/home/pico2/pico-sdk/src/common/pico_sync/mutex.c.o
 *fill*         0x10003716        0x2 
 .rodata.__func__.1
                0x10003718        0xb CMakeFiles/DiskSat.dir/home/pico2/pico-sdk/src/common/pico_sync/mutex.c.o
 *fill*         0x10003723        0x1 
 .rodata.__func__.3
                0x10003724       0x18 CMakeFiles/DiskSat.dir/home/pico2/pico-sdk/src/common/pico_sync/mutex.c.o
 .rodata.__func__.6
                0x1000373c       0x13 CMakeFiles/DiskSat.dir/home/pico2/pico-sdk/src/common/pico_sync/mutex.c.o
 .rodata.alarm_pool_irq_handler.str1.4
                0x1000374f       0x5d CMakeFiles/DiskSat.dir/home/pico2/pico-sdk/src/common/pico_time/time.c.o
 .rodata.alarm_pool_get_default.str1.4
                0x1000374f       0x21 CMakeFiles/DiskSat.dir/home/pico2/pico-sdk/src/common/pico_time/time.c.o
 .rodata.sleep_until.str1.4
                0x1000374f       0x4d CMakeFiles/DiskSat.dir/home/pico2/pico-sdk/src/common/pico_time/time.c.o
 *fill*         0x1000374f        0x1 
 .rodata.__func__.1
                0x10003750       0x17 CMakeFiles/DiskSat.dir/home/pico2/pico-sdk/src/common/pico_time/time.c.o
 *fill*         0x10003767        0x1 
 .rodata.__func__.2
                0x10003768       0x17 CMakeFiles/DiskSat.dir/home/pico2/pico-sdk/src/common/pico_time/time.c.o
 .rodata.timer_hardware_alarm_claim.str1.4
                0x1000377f       0x22 CMakeFiles/DiskSat.dir/home/pico2/pico-sdk/src/rp2_common/hardware_timer/timer.c.o
 .rodata.pll_init.str1.4
                0x1000377f      0x10c CMakeFiles/DiskSat.dir/home/pico2/pico-sdk/src/rp2_common/hardware_pll/pll.c.o
 *fill*         0x1000377f        0x1 
 .rodata.__func__.0
                0x10003780        0x9 CMakeFiles/DiskSat.dir/home/pico2/pico-sdk/src/rp2_common/hardware_pll/pll.c.o
 .rodata.str1.4
                0x10003789       0x3c CMakeFiles/DiskSat.dir/home/pico2/pico-sdk/src/rp2_common/pico_standard_binary_info/standard_binary_info.c.o
 *fill*         0x10003789        0x3 
 .rodata.__bi_84
                0x1000378c        0xc CMakeFiles/DiskSat.dir/home/pico2/pico-sdk/src/rp2_common/pico_standard_binary_info/standard_binary_info.c.o
 .rodata.__bi_78
                0x10003798        0xc CMakeFiles/DiskSat.dir/home/pico2/pico-sdk/src/rp2_common/pico_standard_binary_info/standard_binary_info.c.o
 .rodata.__bi_54
                0x100037a4        0xc CMakeFiles/DiskSat.dir/home/pico2/pico-sdk/src/rp2_common/pico_standard_binary_info/standard_binary_info.c.o
 .rodata.__bi_48
                0x100037b0        0xc CMakeFiles/DiskSat.dir/home/pico2/pico-sdk/src/rp2_common/pico_standard_binary_info/standard_binary_info.c.o
 .rodata.__bi_42
                0x100037bc        0xc CMakeFiles/DiskSat.dir/home/pico2/pico-sdk/src/rp2_common/pico_standard_binary_info/standard_binary_info.c.o
 .rodata.__bi_34
                0x100037c8        0xc CMakeFiles/DiskSat.dir/home/pico2/pico-sdk/src/rp2_common/pico_standard_binary_info/standard_binary_info.c.o
 .rodata.__bi_26
                0x100037d4        0xc CMakeFiles/DiskSat.dir/home/pico2/pico-sdk/src/rp2_common/pico_standard_binary_info/standard_binary_info.c.o
 .rodata._ftoa.str1.4
                0x100037e0       0x15 CMakeFiles/DiskSat.dir/home/pico2/pico-sdk/src/rp2_common/pico_printf/printf.c.o
 .rodata.pow10.0
                0x100037e0       0x50 CMakeFiles/DiskSat.dir/home/pico2/pico-sdk/src/rp2_common/pico_printf/printf.c.o
 .rodata.__assert_func.str1.4
                0x10003830       0x43 CMakeFiles/DiskSat.dir/home/pico2/pico-sdk/src/rp2_common/pico_clib_interface/newlib_interface.c.o
 .rodata.crlf_str.0
                0x10003830        0x2 CMakeFiles/DiskSat.dir/home/pico2/pico-sdk/src/rp2_common/pico_stdio/stdio.c.o
 .rodata.i2c_set_baudrate.str1.4
                0x10003832       0x57 CMakeFiles/DiskSat.dir/home/pico2/pico-sdk/src/rp2_common/hardware_i2c/i2c.c.o
 *fill*         0x10003832        0x2 
 .rodata.__func__.0
                0x10003834       0x11 CMakeFiles/DiskSat.dir/home/pico2/pico-sdk/src/rp2_common/hardware_i2c/i2c.c.o
 *(.srodata*)
                0x10003848                        . = ALIGN (0x4)
 *fill*         0x10003845        0x3 
 *(SORT_BY_ALIGNMENT(SORT_BY_NAME(.flashdata*)))
                0x10003848                        . = ALIGN (0x4)

.ARM.extab
 *(.ARM.extab* .gnu.linkonce.armextab.*)
                0x10003848                        __exidx_start = .

.ARM.exidx      0x10003848        0x8
 *(.ARM.exidx* .gnu.linkonce.armexidx.*)
 .ARM.exidx     0x10003848        0x8 /usr/lib/gcc/arm-none-eabi/13.2.1/../../../arm-none-eabi/lib/thumb/v8-m.main+fp/softfp/libg.a(libc_a-memcpy.o)
 .ARM.exidx     0x10003850        0x0 /usr/lib/gcc/arm-none-eabi/13.2.1/thumb/v8-m.main+fp/softfp/libgcc.a(_udivmoddi4.o)
                                  0x8 (size before relaxing)
                0x10003850                        __exidx_end = .
                0x10003850                        . = ALIGN (0x4)
                0x10003850                        __binary_info_start = .

.binary_info    0x10003850       0x1c
 *(.binary_info.keep.*)
 .binary_info.keep.__bi_ptr84
                0x10003850        0x4 CMakeFiles/DiskSat.dir/home/pico2/pico-sdk/src/rp2_common/pico_standard_binary_info/standard_binary_info.c.o
 .binary_info.keep.__bi_ptr78
                0x10003854        0x4 CMakeFiles/DiskSat.dir/home/pico2/pico-sdk/src/rp2_common/pico_standard_binary_info/standard_binary_info.c.o
 .binary_info.keep.__bi_ptr54
                0x10003858        0x4 CMakeFiles/DiskSat.dir/home/pico2/pico-sdk/src/rp2_common/pico_standard_binary_info/standard_binary_info.c.o
 .binary_info.keep.__bi_ptr48
                0x1000385c        0x4 CMakeFiles/DiskSat.dir/home/pico2/pico-sdk/src/rp2_common/pico_standard_binary_info/standard_binary_info.c.o
 .binary_info.keep.__bi_ptr42
                0x10003860        0x4 CMakeFiles/DiskSat.dir/home/pico2/pico-sdk/src/rp2_common/pico_standard_binary_info/standard_binary_info.c.o
 .binary_info.keep.__bi_ptr34
                0x10003864        0x4 CMakeFiles/DiskSat.dir/home/pico2/pico-sdk/src/rp2_common/pico_standard_binary_info/standard_binary_info.c.o
 .binary_info.keep.__bi_ptr26
                0x10003868        0x4 CMakeFiles/DiskSat.dir/home/pico2/pico-sdk/src/rp2_common/pico_standard_binary_info/standard_binary_info.c.o
 *(.binary_info.*)
                0x1000386c                        __binary_info_end = .
                0x1000386c                        . = ALIGN (0x4)

.ram_vector_table
                0x20000000      0x110
 *(.ram_vector_table)
 .ram_vector_table
                0x20000000      0x110 CMakeFiles/DiskSat.dir/home/pico2/pico-sdk/src/rp2_common/pico_runtime_init/runtime_init.c.o
                0x20000000                ram_vector_table

.uninitialized_data
                0x20000110        0x0
                0x20000110                        . = ALIGN (0x4)
 *(.uninitialized_data*)

.data           0x20000110      0x4dc load address 0x1000386c
                0x20000110                        __data_start__ = .
 *(vtable)
 *(.time_critical*)
 .time_critical.mutex_try_enter
                0x20000110       0x58 CMakeFiles/DiskSat.dir/home/pico2/pico-sdk/src/common/pico_sync/mutex.c.o
                0x20000110                mutex_try_enter
 .time_critical.mutex_enter_block_until
                0x20000168       0x84 CMakeFiles/DiskSat.dir/home/pico2/pico-sdk/src/common/pico_sync/mutex.c.o
                0x20000168                mutex_enter_block_until
 .time_critical.mutex_try_enter_block_until
                0x200001ec       0x32 CMakeFiles/DiskSat.dir/home/pico2/pico-sdk/src/common/pico_sync/mutex.c.o
                0x200001ec                mutex_try_enter_block_until
 *fill*         0x2000021e        0x2 
 .time_critical.mutex_exit
                0x20000220       0x58 CMakeFiles/DiskSat.dir/home/pico2/pico-sdk/src/common/pico_sync/mutex.c.o
                0x20000220                mutex_exit
 *(.text*)
 .text          0x20000278       0x30 /usr/lib/gcc/arm-none-eabi/13.2.1/thumb/v8-m.main+fp/softfp/libgcc.a(_aeabi_uldivmod.o)
                0x20000278                __aeabi_uldivmod
 .text          0x200002a8      0x300 /usr/lib/gcc/arm-none-eabi/13.2.1/thumb/v8-m.main+fp/softfp/libgcc.a(_udivmoddi4.o)
                0x200002a8                __udivmoddi4
 .text          0x200005a8        0x4 /usr/lib/gcc/arm-none-eabi/13.2.1/thumb/v8-m.main+fp/softfp/libgcc.a(_dvmd_tls.o)
                0x200005a8                __aeabi_ldiv0
                0x200005a8                __aeabi_idiv0
 *fill*         0x200005ac        0x4 
 .text.__stub   0x200005b0       0x10 linker stubs
                0x200005c0                        . = ALIGN (0x4)
 *(.rodata*)
                0x200005c0                        . = ALIGN (0x4)
 *(.data*)
 .data.striped_spin_lock_num
                0x200005c0        0x1 CMakeFiles/DiskSat.dir/home/pico2/pico-sdk/src/rp2_common/hardware_sync/sync.c.o
 *fill*         0x200005c1        0x3 
 .data.default_alarm_pool
                0x200005c4       0x18 CMakeFiles/DiskSat.dir/home/pico2/pico-sdk/src/common/pico_time/time.c.o
 .data.i2c0_inst
                0x200005dc        0x8 CMakeFiles/DiskSat.dir/home/pico2/pico-sdk/src/rp2_common/hardware_i2c/i2c.c.o
                0x200005dc                i2c0_inst
 *(.sdata*)
                0x200005e4                        . = ALIGN (0x4)
 *(.after_data.*)
                0x200005e4                        . = ALIGN (0x4)
                0x200005e4                        PROVIDE (__mutex_array_start = .)
 *(SORT_BY_NAME(.mutex_array.*))
 *(.mutex_array)
 .mutex_array   0x200005e4        0x8 CMakeFiles/DiskSat.dir/home/pico2/pico-sdk/src/rp2_common/pico_stdio/stdio.c.o
                0x200005ec                        PROVIDE (__mutex_array_end = .)
 *(.jcr)
                0x200005ec                        . = ALIGN (0x4)

.tm_clone_table
                0x200005ec        0x0 load address 0x10003d48
 .tm_clone_table
                0x200005ec        0x0 /usr/lib/gcc/arm-none-eabi/13.2.1/thumb/v8-m.main+fp/softfp/crtbegin.o
 .tm_clone_table
                0x200005ec        0x0 /usr/lib/gcc/arm-none-eabi/13.2.1/thumb/v8-m.main+fp/softfp/crtend.o

.igot.plt       0x200005ec        0x0 load address 0x10003d48
 .igot.plt      0x200005ec        0x0 /usr/lib/gcc/arm-none-eabi/13.2.1/thumb/v8-m.main+fp/softfp/crtbegin.o

.tdata          0x200005ec        0x0 load address 0x10003d48
                0x200005ec                        . = ALIGN (0x4)
 *(.tdata .tdata.* .gnu.linkonce.td.*)
                0x200005ec                        __tdata_end = .
                0x200005ec                        PROVIDE (__data_end__ = .)
                0x1000386c                        __etext = LOADADDR (.data)

.tbss           0x200005ec        0x0 load address 0x10003d48
                0x200005ec                        . = ALIGN (0x4)
                0x200005ec                        __bss_start__ = .
                0x200005ec                        __tls_base = .
 *(.tbss .tbss.* .gnu.linkonce.tb.*)
 *(.tcommon)
                0x200005ec                        __tls_end = .

.bss            0x200005f0      0x42c load address 0x10003d48
                0x200005f0                        . = ALIGN (0x4)
                0x200005f0                        __tbss_end = .
 *(SORT_BY_ALIGNMENT(SORT_BY_NAME(.bss*)))
 .bss.default_alarm_pool_entries
                0x200005f0      0x180 CMakeFiles/DiskSat.dir/home/pico2/pico-sdk/src/common/pico_time/time.c.o
 .bss           0x20000770       0x1c /usr/lib/gcc/arm-none-eabi/13.2.1/thumb/v8-m.main+fp/softfp/crtbegin.o
 .bss           0x2000078c      0x190 /usr/lib/gcc/arm-none-eabi/13.2.1/../../../arm-none-eabi/lib/thumb/v8-m.main+fp/softfp/libg.a(libc_a-__atexit.o)
                0x2000078c                __atexit0
 .bss           0x2000091c        0x4 /usr/lib/gcc/arm-none-eabi/13.2.1/../../../arm-none-eabi/lib/thumb/v8-m.main+fp/softfp/libg.a(libc_a-__call_atexit.o)
                0x2000091c                __atexit
 .bss._sw_spin_locks
                0x20000920       0x20 CMakeFiles/DiskSat.dir/home/pico2/pico-sdk/src/rp2_common/hardware_sync_spin_lock/sync_spin_lock.c.o
                0x20000920                _sw_spin_locks
 .bss.claimed   0x20000940        0x2 CMakeFiles/DiskSat.dir/home/pico2/pico-sdk/src/rp2_common/hardware_timer/timer.c.o
 *fill*         0x20000942        0x2 
 .bss.configured_freq
                0x20000944       0x28 CMakeFiles/DiskSat.dir/home/pico2/pico-sdk/src/rp2_common/hardware_clocks/clocks.c.o
 .bss.drivers   0x2000096c        0x4 CMakeFiles/DiskSat.dir/home/pico2/pico-sdk/src/rp2_common/pico_stdio/stdio.c.o
 .bss.filter    0x20000970        0x4 CMakeFiles/DiskSat.dir/home/pico2/pico-sdk/src/rp2_common/pico_stdio/stdio.c.o
 .bss.pools     0x20000974       0x20 CMakeFiles/DiskSat.dir/home/pico2/pico-sdk/src/common/pico_time/time.c.o
 .bss.sleep_notifier
                0x20000994        0x4 CMakeFiles/DiskSat.dir/home/pico2/pico-sdk/src/common/pico_time/time.c.o
 .bss.tx_msg    0x20000998       0x80 CMakeFiles/DiskSat.dir/main.c.o
                0x20000998                tx_msg
 .bss.uart_char_to_line_feed
                0x20000a18        0x4 CMakeFiles/DiskSat.dir/home/pico2/pico-sdk/src/rp2_common/hardware_uart/uart.c.o
                0x20000a18                uart_char_to_line_feed
 *(COMMON)
                [!provide]                        PROVIDE (__global_pointer$ = (. + 0x800))
 *(.sbss*)
                0x20000a1c                        . = ALIGN (0x4)
                0x20000a1c                        __bss_end__ = .

.heap           0x20000a1c      0x800 load address 0x10003d48
                0x20000a1c                        __end__ = .
                0x20000a1c                        end = __end__
 *(.heap*)
 .heap          0x20000a1c      0x800 CMakeFiles/DiskSat.dir/home/pico2/pico-sdk/src/rp2_common/pico_crt0/crt0.S.o
                0x20080000                        __HeapLimit = (ORIGIN (RAM) + LENGTH (RAM))

.scratch_x      0x20080000        0x0 load address 0x10003d48
                0x20080000                        __scratch_x_start__ = .
 *(.scratch_x.*)
                0x20080000                        . = ALIGN (0x4)
                0x20080000                        __scratch_x_end__ = .
                0x10003d48                        __scratch_x_source__ = LOADADDR (.scratch_x)

.scratch_y      0x20081000        0x0 load address 0x10003d48
                0x20081000                        __scratch_y_start__ = .
 *(.scratch_y.*)
                0x20081000                        . = ALIGN (0x4)
                0x20081000                        __scratch_y_end__ = .
                0x10003d48                        __scratch_y_source__ = LOADADDR (.scratch_y)

.stack1_dummy
 *(.stack1*)

.stack_dummy    0x20081000      0x800
 *(.stack*)
 .stack         0x20081000      0x800 CMakeFiles/DiskSat.dir/home/pico2/pico-sdk/src/rp2_common/pico_crt0/crt0.S.o

.flash_end      0x10003d48       0x14
 *(.embedded_end_block*)
 .embedded_end_block
                0x10003d48       0x14 CMakeFiles/DiskSat.dir/home/pico2/pico-sdk/src/rp2_common/pico_crt0/crt0.S.o
                0x10003d5c                        PROVIDE (__flash_binary_end = .)
                0x20080000                        __StackLimit = (ORIGIN (RAM) + LENGTH (RAM))
                0x20081000                        __StackOneTop = (ORIGIN (SCRATCH_X) + LENGTH (SCRATCH_X))
                0x20082000                        __StackTop = (ORIGIN (SCRATCH_Y) + LENGTH (SCRATCH_Y))
                0x20081000                        __StackOneBottom = (__StackOneTop - SIZEOF (.stack1_dummy))
                0x20081800                        __StackBottom = (__StackTop - SIZEOF (.stack_dummy))
                0x20082000                        PROVIDE (__stack = __StackTop)
                [!provide]                        PROVIDE (__heap_start = __end__)
                [!provide]                        PROVIDE (__heap_end = __HeapLimit)
                [!provide]                        PROVIDE (__tls_align = MAX (ALIGNOF (.tdata), ALIGNOF (.tbss)))
                [!provide]                        PROVIDE (__tls_size_align = (((__tls_size + __tls_align) - 0x1) & ~ ((__tls_align - 0x1))))
                [!provide]                        PROVIDE (__arm32_tls_tcb_offset = MAX (0x8, __tls_align))
                [!provide]                        PROVIDE (_end = __end__)
                [!provide]                        PROVIDE (__llvm_libc_heap_limit = __HeapLimit)
                0x00000001                        ASSERT ((__StackLimit >= __HeapLimit), region RAM overflowed)
                0x00000001                        ASSERT (((__binary_info_header_end - __logical_binary_start) <= 0x400), Binary info must be in first 1024 bytes of the binary)
                0x00000001                        ASSERT (((__embedded_block_end - __logical_binary_start) <= 0x1000), Embedded block must be in first 4096 bytes of the binary)
LOAD CMakeFiles/DiskSat.dir/main.c.o
LOAD CMakeFiles/DiskSat.dir/home/pico2/pico-sdk/src/rp2_common/pico_stdlib/stdlib.c.o
LOAD CMakeFiles/DiskSat.dir/home/pico2/pico-sdk/src/rp2_common/hardware_gpio/gpio.c.o
LOAD CMakeFiles/DiskSat.dir/home/pico2/pico-sdk/src/rp2350/pico_platform/platform.c.o
LOAD CMakeFiles/DiskSat.dir/home/pico2/pico-sdk/src/rp2_common/pico_platform_common/common.c.o
LOAD CMakeFiles/DiskSat.dir/home/pico2/pico-sdk/src/rp2_common/pico_platform_panic/panic.c.o
LOAD CMakeFiles/DiskSat.dir/home/pico2/pico-sdk/src/common/hardware_claim/claim.c.o
LOAD CMakeFiles/DiskSat.dir/home/pico2/pico-sdk/src/rp2_common/hardware_sync/sync.c.o
LOAD CMakeFiles/DiskSat.dir/home/pico2/pico-sdk/src/rp2_common/hardware_sync_spin_lock/sync_spin_lock.c.o
LOAD CMakeFiles/DiskSat.dir/home/pico2/pico-sdk/src/rp2_common/hardware_irq/irq.c.o
LOAD CMakeFiles/DiskSat.dir/home/pico2/pico-sdk/src/rp2_common/hardware_irq/irq_handler_chain.S.o
LOAD CMakeFiles/DiskSat.dir/home/pico2/pico-sdk/src/common/pico_sync/sem.c.o
LOAD CMakeFiles/DiskSat.dir/home/pico2/pico-sdk/src/common/pico_sync/lock_core.c.o
LOAD CMakeFiles/DiskSat.dir/home/pico2/pico-sdk/src/common/pico_sync/mutex.c.o
LOAD CMakeFiles/DiskSat.dir/home/pico2/pico-sdk/src/common/pico_sync/critical_section.c.o
LOAD CMakeFiles/DiskSat.dir/home/pico2/pico-sdk/src/common/pico_time/time.c.o
LOAD CMakeFiles/DiskSat.dir/home/pico2/pico-sdk/src/common/pico_time/timeout_helper.c.o
LOAD CMakeFiles/DiskSat.dir/home/pico2/pico-sdk/src/rp2_common/hardware_timer/timer.c.o
LOAD CMakeFiles/DiskSat.dir/home/pico2/pico-sdk/src/common/pico_util/datetime.c.o
LOAD CMakeFiles/DiskSat.dir/home/pico2/pico-sdk/src/common/pico_util/pheap.c.o
LOAD CMakeFiles/DiskSat.dir/home/pico2/pico-sdk/src/common/pico_util/queue.c.o
LOAD CMakeFiles/DiskSat.dir/home/pico2/pico-sdk/src/rp2_common/hardware_uart/uart.c.o
LOAD CMakeFiles/DiskSat.dir/home/pico2/pico-sdk/src/rp2_common/hardware_clocks/clocks.c.o
LOAD CMakeFiles/DiskSat.dir/home/pico2/pico-sdk/src/rp2_common/hardware_pll/pll.c.o
LOAD CMakeFiles/DiskSat.dir/home/pico2/pico-sdk/src/rp2_common/hardware_vreg/vreg.c.o
LOAD CMakeFiles/DiskSat.dir/home/pico2/pico-sdk/src/rp2_common/hardware_watchdog/watchdog.c.o
LOAD CMakeFiles/DiskSat.dir/home/pico2/pico-sdk/src/rp2_common/hardware_ticks/ticks.c.o
LOAD CMakeFiles/DiskSat.dir/home/pico2/pico-sdk/src/rp2_common/pico_bootrom/bootrom.c.o
LOAD CMakeFiles/DiskSat.dir/home/pico2/pico-sdk/src/rp2_common/pico_bootrom/bootrom_lock.c.o
LOAD CMakeFiles/DiskSat.dir/home/pico2/pico-sdk/src/rp2_common/hardware_boot_lock/boot_lock.c.o
LOAD CMakeFiles/DiskSat.dir/home/pico2/pico-sdk/src/rp2_common/pico_flash/flash.c.o
LOAD CMakeFiles/DiskSat.dir/home/pico2/pico-sdk/src/rp2_common/hardware_xosc/xosc.c.o
LOAD CMakeFiles/DiskSat.dir/home/pico2/pico-sdk/src/rp2_common/hardware_divider/divider.c.o
LOAD CMakeFiles/DiskSat.dir/home/pico2/pico-sdk/src/rp2_common/pico_runtime/runtime.c.o
LOAD CMakeFiles/DiskSat.dir/home/pico2/pico-sdk/src/rp2_common/pico_runtime_init/runtime_init.c.o
LOAD CMakeFiles/DiskSat.dir/home/pico2/pico-sdk/src/rp2_common/pico_runtime_init/runtime_init_clocks.c.o
LOAD CMakeFiles/DiskSat.dir/home/pico2/pico-sdk/src/rp2_common/pico_runtime_init/runtime_init_stack_guard.c.o
LOAD CMakeFiles/DiskSat.dir/home/pico2/pico-sdk/src/rp2_common/pico_bit_ops/bit_ops_aeabi.S.o
LOAD CMakeFiles/DiskSat.dir/home/pico2/pico-sdk/src/rp2_common/pico_divider/divider_compiler.c.o
LOAD CMakeFiles/DiskSat.dir/home/pico2/pico-sdk/src/rp2_common/pico_double/double_math.c.o
LOAD CMakeFiles/DiskSat.dir/home/pico2/pico-sdk/src/rp2_common/pico_double/double_aeabi_dcp.S.o
LOAD CMakeFiles/DiskSat.dir/home/pico2/pico-sdk/src/rp2_common/pico_double/double_fma_dcp.S.o
LOAD CMakeFiles/DiskSat.dir/home/pico2/pico-sdk/src/rp2_common/pico_double/double_sci_m33.S.o
LOAD CMakeFiles/DiskSat.dir/home/pico2/pico-sdk/src/rp2_common/pico_double/double_conv_m33.S.o
LOAD CMakeFiles/DiskSat.dir/home/pico2/pico-sdk/src/rp2_common/pico_float/float_math.c.o
LOAD CMakeFiles/DiskSat.dir/home/pico2/pico-sdk/src/rp2_common/pico_float/float_conv32_vfp.S.o
LOAD CMakeFiles/DiskSat.dir/home/pico2/pico-sdk/src/rp2_common/pico_float/float_common_m33.S.o
LOAD CMakeFiles/DiskSat.dir/home/pico2/pico-sdk/src/rp2_common/pico_float/float_sci_m33_vfp.S.o
LOAD CMakeFiles/DiskSat.dir/home/pico2/pico-sdk/src/rp2_common/pico_malloc/malloc.c.o
LOAD CMakeFiles/DiskSat.dir/home/pico2/pico-sdk/src/rp2_common/pico_atomic/atomic.c.o
LOAD CMakeFiles/DiskSat.dir/home/pico2/pico-sdk/src/rp2_common/pico_cxx_options/new_delete.cpp.o
LOAD CMakeFiles/DiskSat.dir/home/pico2/pico-sdk/src/rp2_common/pico_standard_binary_info/standard_binary_info.c.o
LOAD CMakeFiles/DiskSat.dir/home/pico2/pico-sdk/src/rp2_common/pico_printf/printf.c.o
LOAD CMakeFiles/DiskSat.dir/home/pico2/pico-sdk/src/rp2_common/pico_crt0/crt0.S.o
LOAD CMakeFiles/DiskSat.dir/home/pico2/pico-sdk/src/rp2_common/pico_clib_interface/newlib_interface.c.o
LOAD CMakeFiles/DiskSat.dir/home/pico2/pico-sdk/src/rp2_common/pico_stdio/stdio.c.o
LOAD CMakeFiles/DiskSat.dir/home/pico2/pico-sdk/src/rp2_common/pico_stdio_uart/stdio_uart.c.o
LOAD CMakeFiles/DiskSat.dir/home/pico2/pico-sdk/src/rp2_common/hardware_i2c/i2c.c.o
LOAD pico-sdk/src/rp2350/boot_stage2/CMakeFiles/bs2_default_library.dir/bs2_default_padded_checksummed.S.o
LOAD /usr/lib/gcc/arm-none-eabi/13.2.1/../../../arm-none-eabi/lib/thumb/v8-m.main+fp/softfp/libstdc++.a
LOAD /usr/lib/gcc/arm-none-eabi/13.2.1/../../../arm-none-eabi/lib/thumb/v8-m.main+fp/softfp/libm.a
START GROUP
LOAD /usr/lib/gcc/arm-none-eabi/13.2.1/thumb/v8-m.main+fp/softfp/libgcc.a
LOAD /usr/lib/gcc/arm-none-eabi/13.2.1/../../../arm-none-eabi/lib/thumb/v8-m.main+fp/softfp/libg.a
LOAD /usr/lib/gcc/arm-none-eabi/13.2.1/../../../arm-none-eabi/lib/thumb/v8-m.main+fp/softfp/libc.a
END GROUP
START GROUP
LOAD /usr/lib/gcc/arm-none-eabi/13.2.1/thumb/v8-m.main+fp/softfp/libgcc.a
LOAD /usr/lib/gcc/arm-none-eabi/13.2.1/../../../arm-none-eabi/lib/thumb/v8-m.main+fp/softfp/libc.a
LOAD /usr/lib/gcc/arm-none-eabi/13.2.1/../../../arm-none-eabi/lib/thumb/v8-m.main+fp/softfp/libnosys.a
END GROUP
LOAD /usr/lib/gcc/arm-none-eabi/13.2.1/thumb/v8-m.main+fp/softfp/crtend.o
LOAD /usr/lib/gcc/arm-none-eabi/13.2.1/thumb/v8-m.main+fp/softfp/crtn.o
OUTPUT(DiskSat.elf elf32-littlearm)
LOAD linker stubs

.rel.dyn        0x10003d5c        0x0
 .rel.iplt      0x10003d5c        0x0 /usr/lib/gcc/arm-none-eabi/13.2.1/thumb/v8-m.main+fp/softfp/crtbegin.o

.ARM.attributes
                0x00000000       0x34
 .ARM.attributes
                0x00000000       0x26 /usr/lib/gcc/arm-none-eabi/13.2.1/thumb/v8-m.main+fp/softfp/crti.o
 .ARM.attributes
                0x00000026       0x36 /usr/lib/gcc/arm-none-eabi/13.2.1/thumb/v8-m.main+fp/softfp/crtbegin.o
 .ARM.attributes
                0x0000005c       0x38 CMakeFiles/DiskSat.dir/main.c.o
 .ARM.attributes
                0x00000094       0x38 CMakeFiles/DiskSat.dir/home/pico2/pico-sdk/src/rp2_common/hardware_gpio/gpio.c.o
 .ARM.attributes
                0x000000cc       0x38 CMakeFiles/DiskSat.dir/home/pico2/pico-sdk/src/rp2_common/pico_platform_panic/panic.c.o
 .ARM.attributes
                0x00000104       0x38 CMakeFiles/DiskSat.dir/home/pico2/pico-sdk/src/common/hardware_claim/claim.c.o
 .ARM.attributes
                0x0000013c       0x38 CMakeFiles/DiskSat.dir/home/pico2/pico-sdk/src/rp2_common/hardware_sync/sync.c.o
 .ARM.attributes
                0x00000174       0x38 CMakeFiles/DiskSat.dir/home/pico2/pico-sdk/src/rp2_common/hardware_sync_spin_lock/sync_spin_lock.c.o
 .ARM.attributes
                0x000001ac       0x38 CMakeFiles/DiskSat.dir/home/pico2/pico-sdk/src/rp2_common/hardware_irq/irq.c.o
 .ARM.attributes
                0x000001e4       0x38 CMakeFiles/DiskSat.dir/home/pico2/pico-sdk/src/common/pico_sync/lock_core.c.o
 .ARM.attributes
                0x0000021c       0x38 CMakeFiles/DiskSat.dir/home/pico2/pico-sdk/src/common/pico_sync/mutex.c.o
 .ARM.attributes
                0x00000254       0x38 CMakeFiles/DiskSat.dir/home/pico2/pico-sdk/src/common/pico_time/time.c.o
 .ARM.attributes
                0x0000028c       0x38 CMakeFiles/DiskSat.dir/home/pico2/pico-sdk/src/rp2_common/hardware_timer/timer.c.o
 .ARM.attributes
                0x000002c4       0x38 CMakeFiles/DiskSat.dir/home/pico2/pico-sdk/src/rp2_common/hardware_uart/uart.c.o
 .ARM.attributes
                0x000002fc       0x38 CMakeFiles/DiskSat.dir/home/pico2/pico-sdk/src/rp2_common/hardware_clocks/clocks.c.o
 .ARM.attributes
                0x00000334       0x38 CMakeFiles/DiskSat.dir/home/pico2/pico-sdk/src/rp2_common/hardware_pll/pll.c.o
 .ARM.attributes
                0x0000036c       0x38 CMakeFiles/DiskSat.dir/home/pico2/pico-sdk/src/rp2_common/hardware_ticks/ticks.c.o
 .ARM.attributes
                0x000003a4       0x38 CMakeFiles/DiskSat.dir/home/pico2/pico-sdk/src/rp2_common/pico_bootrom/bootrom.c.o
 .ARM.attributes
                0x000003dc       0x38 CMakeFiles/DiskSat.dir/home/pico2/pico-sdk/src/rp2_common/pico_bootrom/bootrom_lock.c.o
 .ARM.attributes
                0x00000414       0x38 CMakeFiles/DiskSat.dir/home/pico2/pico-sdk/src/rp2_common/hardware_boot_lock/boot_lock.c.o
 .ARM.attributes
                0x0000044c       0x38 CMakeFiles/DiskSat.dir/home/pico2/pico-sdk/src/rp2_common/hardware_xosc/xosc.c.o
 .ARM.attributes
                0x00000484       0x38 CMakeFiles/DiskSat.dir/home/pico2/pico-sdk/src/rp2_common/pico_runtime/runtime.c.o
 .ARM.attributes
                0x000004bc       0x38 CMakeFiles/DiskSat.dir/home/pico2/pico-sdk/src/rp2_common/pico_runtime_init/runtime_init.c.o
 .ARM.attributes
                0x000004f4       0x38 CMakeFiles/DiskSat.dir/home/pico2/pico-sdk/src/rp2_common/pico_runtime_init/runtime_init_clocks.c.o
 .ARM.attributes
                0x0000052c       0x28 CMakeFiles/DiskSat.dir/home/pico2/pico-sdk/src/rp2_common/pico_double/double_aeabi_dcp.S.o
 .ARM.attributes
                0x00000554       0x38 CMakeFiles/DiskSat.dir/home/pico2/pico-sdk/src/rp2_common/pico_standard_binary_info/standard_binary_info.c.o
 .ARM.attributes
                0x0000058c       0x38 CMakeFiles/DiskSat.dir/home/pico2/pico-sdk/src/rp2_common/pico_printf/printf.c.o
 .ARM.attributes
                0x000005c4       0x28 CMakeFiles/DiskSat.dir/home/pico2/pico-sdk/src/rp2_common/pico_crt0/crt0.S.o
 .ARM.attributes
                0x000005ec       0x38 CMakeFiles/DiskSat.dir/home/pico2/pico-sdk/src/rp2_common/pico_clib_interface/newlib_interface.c.o
 .ARM.attributes
                0x00000624       0x38 CMakeFiles/DiskSat.dir/home/pico2/pico-sdk/src/rp2_common/pico_stdio/stdio.c.o
 .ARM.attributes
                0x0000065c       0x38 CMakeFiles/DiskSat.dir/home/pico2/pico-sdk/src/rp2_common/hardware_i2c/i2c.c.o
 .ARM.attributes
                0x00000694       0x26 /usr/lib/gcc/arm-none-eabi/13.2.1/thumb/v8-m.main+fp/softfp/libgcc.a(_aeabi_uldivmod.o)
 .ARM.attributes
                0x000006ba       0x36 /usr/lib/gcc/arm-none-eabi/13.2.1/thumb/v8-m.main+fp/softfp/libgcc.a(_udivmoddi4.o)
 .ARM.attributes
                0x000006f0       0x26 /usr/lib/gcc/arm-none-eabi/13.2.1/thumb/v8-m.main+fp/softfp/libgcc.a(_dvmd_tls.o)
 .ARM.attributes
                0x00000716       0x24 /usr/lib/gcc/arm-none-eabi/13.2.1/../../../arm-none-eabi/lib/thumb/v8-m.main+fp/softfp/libg.a(libc_a-memcpy.o)
 .ARM.attributes
                0x0000073a       0x36 /usr/lib/gcc/arm-none-eabi/13.2.1/../../../arm-none-eabi/lib/thumb/v8-m.main+fp/softfp/libg.a(libc_a-atexit.o)
 .ARM.attributes
                0x00000770       0x36 /usr/lib/gcc/arm-none-eabi/13.2.1/../../../arm-none-eabi/lib/thumb/v8-m.main+fp/softfp/libg.a(libc_a-strlen-stub.o)
 .ARM.attributes
                0x000007a6       0x36 /usr/lib/gcc/arm-none-eabi/13.2.1/../../../arm-none-eabi/lib/thumb/v8-m.main+fp/softfp/libg.a(libc_a-fini.o)
 .ARM.attributes
                0x000007dc       0x36 /usr/lib/gcc/arm-none-eabi/13.2.1/../../../arm-none-eabi/lib/thumb/v8-m.main+fp/softfp/libg.a(libc_a-__atexit.o)
 .ARM.attributes
                0x00000812       0x36 /usr/lib/gcc/arm-none-eabi/13.2.1/../../../arm-none-eabi/lib/thumb/v8-m.main+fp/softfp/libg.a(libc_a-__call_atexit.o)
 .ARM.attributes
                0x00000848       0x36 /usr/lib/gcc/arm-none-eabi/13.2.1/thumb/v8-m.main+fp/softfp/crtend.o

.comment        0x00000000       0x26
 .comment       0x00000000       0x26 /usr/lib/gcc/arm-none-eabi/13.2.1/thumb/v8-m.main+fp/softfp/crtbegin.o
                                 0x27 (size before relaxing)
 .comment       0x00000026       0x27 CMakeFiles/DiskSat.dir/main.c.o
 .comment       0x00000026       0x27 CMakeFiles/DiskSat.dir/home/pico2/pico-sdk/src/rp2_common/hardware_gpio/gpio.c.o
 .comment       0x00000026       0x27 CMakeFiles/DiskSat.dir/home/pico2/pico-sdk/src/rp2_common/pico_platform_panic/panic.c.o
 .comment       0x00000026       0x27 CMakeFiles/DiskSat.dir/home/pico2/pico-sdk/src/common/hardware_claim/claim.c.o
 .comment       0x00000026       0x27 CMakeFiles/DiskSat.dir/home/pico2/pico-sdk/src/rp2_common/hardware_sync/sync.c.o
 .comment       0x00000026       0x27 CMakeFiles/DiskSat.dir/home/pico2/pico-sdk/src/rp2_common/hardware_sync_spin_lock/sync_spin_lock.c.o
 .comment       0x00000026       0x27 CMakeFiles/DiskSat.dir/home/pico2/pico-sdk/src/rp2_common/hardware_irq/irq.c.o
 .comment       0x00000026       0x27 CMakeFiles/DiskSat.dir/home/pico2/pico-sdk/src/common/pico_sync/lock_core.c.o
 .comment       0x00000026       0x27 CMakeFiles/DiskSat.dir/home/pico2/pico-sdk/src/common/pico_sync/mutex.c.o
 .comment       0x00000026       0x27 CMakeFiles/DiskSat.dir/home/pico2/pico-sdk/src/common/pico_time/time.c.o
 .comment       0x00000026       0x27 CMakeFiles/DiskSat.dir/home/pico2/pico-sdk/src/rp2_common/hardware_timer/timer.c.o
 .comment       0x00000026       0x27 CMakeFiles/DiskSat.dir/home/pico2/pico-sdk/src/rp2_common/hardware_uart/uart.c.o
 .comment       0x00000026       0x27 CMakeFiles/DiskSat.dir/home/pico2/pico-sdk/src/rp2_common/hardware_clocks/clocks.c.o
 .comment       0x00000026       0x27 CMakeFiles/DiskSat.dir/home/pico2/pico-sdk/src/rp2_common/hardware_pll/pll.c.o
 .comment       0x00000026       0x27 CMakeFiles/DiskSat.dir/home/pico2/pico-sdk/src/rp2_common/hardware_ticks/ticks.c.o
 .comment       0x00000026       0x27 CMakeFiles/DiskSat.dir/home/pico2/pico-sdk/src/rp2_common/pico_bootrom/bootrom.c.o
 .comment       0x00000026       0x27 CMakeFiles/DiskSat.dir/home/pico2/pico-sdk/src/rp2_common/pico_bootrom/bootrom_lock.c.o
 .comment       0x00000026       0x27 CMakeFiles/DiskSat.dir/home/pico2/pico-sdk/src/rp2_common/hardware_boot_lock/boot_lock.c.o
 .comment       0x00000026       0x27 CMakeFiles/DiskSat.dir/home/pico2/pico-sdk/src/rp2_common/hardware_xosc/xosc.c.o
 .comment       0x00000026       0x27 CMakeFiles/DiskSat.dir/home/pico2/pico-sdk/src/rp2_common/pico_runtime/runtime.c.o
 .comment       0x00000026       0x27 CMakeFiles/DiskSat.dir/home/pico2/pico-sdk/src/rp2_common/pico_runtime_init/runtime_init.c.o
 .comment       0x00000026       0x27 CMakeFiles/DiskSat.dir/home/pico2/pico-sdk/src/rp2_common/pico_runtime_init/runtime_init_clocks.c.o
 .comment       0x00000026       0x27 CMakeFiles/DiskSat.dir/home/pico2/pico-sdk/src/rp2_common/pico_standard_binary_info/standard_binary_info.c.o
 .comment       0x00000026       0x27 CMakeFiles/DiskSat.dir/home/pico2/pico-sdk/src/rp2_common/pico_printf/printf.c.o
 .comment       0x00000026       0x27 CMakeFiles/DiskSat.dir/home/pico2/pico-sdk/src/rp2_common/pico_clib_interface/newlib_interface.c.o
 .comment       0x00000026       0x27 CMakeFiles/DiskSat.dir/home/pico2/pico-sdk/src/rp2_common/pico_stdio/stdio.c.o
 .comment       0x00000026       0x27 CMakeFiles/DiskSat.dir/home/pico2/pico-sdk/src/rp2_common/hardware_i2c/i2c.c.o
 .comment       0x00000026       0x27 /usr/lib/gcc/arm-none-eabi/13.2.1/thumb/v8-m.main+fp/softfp/libgcc.a(_udivmoddi4.o)
 .comment       0x00000026       0x27 /usr/lib/gcc/arm-none-eabi/13.2.1/../../../arm-none-eabi/lib/thumb/v8-m.main+fp/softfp/libg.a(libc_a-atexit.o)
 .comment       0x00000026       0x27 /usr/lib/gcc/arm-none-eabi/13.2.1/../../../arm-none-eabi/lib/thumb/v8-m.main+fp/softfp/libg.a(libc_a-strlen-stub.o)
 .comment       0x00000026       0x27 /usr/lib/gcc/arm-none-eabi/13.2.1/../../../arm-none-eabi/lib/thumb/v8-m.main+fp/softfp/libg.a(libc_a-fini.o)
 .comment       0x00000026       0x27 /usr/lib/gcc/arm-none-eabi/13.2.1/../../../arm-none-eabi/lib/thumb/v8-m.main+fp/softfp/libg.a(libc_a-__atexit.o)
 .comment       0x00000026       0x27 /usr/lib/gcc/arm-none-eabi/13.2.1/../../../arm-none-eabi/lib/thumb/v8-m.main+fp/softfp/libg.a(libc_a-__call_atexit.o)
 .comment       0x00000026       0x27 /usr/lib/gcc/arm-none-eabi/13.2.1/thumb/v8-m.main+fp/softfp/crtend.o

.debug_info     0x00000000    0x1c2a0
 .debug_info    0x00000000     0x108c CMakeFiles/DiskSat.dir/main.c.o
 .debug_info    0x0000108c     0x1c2b CMakeFiles/DiskSat.dir/home/pico2/pico-sdk/src/rp2_common/hardware_gpio/gpio.c.o
 .debug_info    0x00002cb7      0x1b3 CMakeFiles/DiskSat.dir/home/pico2/pico-sdk/src/rp2_common/pico_platform_panic/panic.c.o
 .debug_info    0x00002e6a      0x72d CMakeFiles/DiskSat.dir/home/pico2/pico-sdk/src/common/hardware_claim/claim.c.o
 .debug_info    0x00003597      0x465 CMakeFiles/DiskSat.dir/home/pico2/pico-sdk/src/rp2_common/hardware_sync/sync.c.o
 .debug_info    0x000039fc     0x1506 CMakeFiles/DiskSat.dir/home/pico2/pico-sdk/src/rp2_common/hardware_sync_spin_lock/sync_spin_lock.c.o
 .debug_info    0x00004f02     0x23dd CMakeFiles/DiskSat.dir/home/pico2/pico-sdk/src/rp2_common/hardware_irq/irq.c.o
 .debug_info    0x000072df      0x1c3 CMakeFiles/DiskSat.dir/home/pico2/pico-sdk/src/common/pico_sync/lock_core.c.o
 .debug_info    0x000074a2     0x1ecf CMakeFiles/DiskSat.dir/home/pico2/pico-sdk/src/common/pico_sync/mutex.c.o
 .debug_info    0x00009371     0x381f CMakeFiles/DiskSat.dir/home/pico2/pico-sdk/src/common/pico_time/time.c.o
 .debug_info    0x0000cb90     0x1e69 CMakeFiles/DiskSat.dir/home/pico2/pico-sdk/src/rp2_common/hardware_timer/timer.c.o
 .debug_info    0x0000e9f9     0x13b6 CMakeFiles/DiskSat.dir/home/pico2/pico-sdk/src/rp2_common/hardware_uart/uart.c.o
 .debug_info    0x0000fdaf     0x163f CMakeFiles/DiskSat.dir/home/pico2/pico-sdk/src/rp2_common/hardware_clocks/clocks.c.o
 .debug_info    0x000113ee      0x664 CMakeFiles/DiskSat.dir/home/pico2/pico-sdk/src/rp2_common/hardware_pll/pll.c.o
 .debug_info    0x00011a52      0x2be CMakeFiles/DiskSat.dir/home/pico2/pico-sdk/src/rp2_common/hardware_ticks/ticks.c.o
 .debug_info    0x00011d10      0xfff CMakeFiles/DiskSat.dir/home/pico2/pico-sdk/src/rp2_common/pico_bootrom/bootrom.c.o
 .debug_info    0x00012d0f      0x1bd CMakeFiles/DiskSat.dir/home/pico2/pico-sdk/src/rp2_common/pico_bootrom/bootrom_lock.c.o
 .debug_info    0x00012ecc      0x31c CMakeFiles/DiskSat.dir/home/pico2/pico-sdk/src/rp2_common/hardware_boot_lock/boot_lock.c.o
 .debug_info    0x000131e8      0x19d CMakeFiles/DiskSat.dir/home/pico2/pico-sdk/src/rp2_common/hardware_xosc/xosc.c.o
 .debug_info    0x00013385      0x1b0 CMakeFiles/DiskSat.dir/home/pico2/pico-sdk/src/rp2_common/pico_runtime/runtime.c.o
 .debug_info    0x00013535     0x1c45 CMakeFiles/DiskSat.dir/home/pico2/pico-sdk/src/rp2_common/pico_runtime_init/runtime_init.c.o
 .debug_info    0x0001517a      0x797 CMakeFiles/DiskSat.dir/home/pico2/pico-sdk/src/rp2_common/pico_runtime_init/runtime_init_clocks.c.o
 .debug_info    0x00015911       0x23 CMakeFiles/DiskSat.dir/home/pico2/pico-sdk/src/rp2_common/pico_double/double_aeabi_dcp.S.o
 .debug_info    0x00015934      0x288 CMakeFiles/DiskSat.dir/home/pico2/pico-sdk/src/rp2_common/pico_standard_binary_info/standard_binary_info.c.o
 .debug_info    0x00015bbc     0x1936 CMakeFiles/DiskSat.dir/home/pico2/pico-sdk/src/rp2_common/pico_printf/printf.c.o
 .debug_info    0x000174f2       0x23 CMakeFiles/DiskSat.dir/home/pico2/pico-sdk/src/rp2_common/pico_crt0/crt0.S.o
 .debug_info    0x00017515      0xcab CMakeFiles/DiskSat.dir/home/pico2/pico-sdk/src/rp2_common/pico_clib_interface/newlib_interface.c.o
 .debug_info    0x000181c0     0x15e4 CMakeFiles/DiskSat.dir/home/pico2/pico-sdk/src/rp2_common/pico_stdio/stdio.c.o
 .debug_info    0x000197a4     0x1c21 CMakeFiles/DiskSat.dir/home/pico2/pico-sdk/src/rp2_common/hardware_i2c/i2c.c.o
 .debug_info    0x0001b3c5       0x24 /usr/lib/gcc/arm-none-eabi/13.2.1/thumb/v8-m.main+fp/softfp/libgcc.a(_aeabi_uldivmod.o)
 .debug_info    0x0001b3e9      0x6f5 /usr/lib/gcc/arm-none-eabi/13.2.1/thumb/v8-m.main+fp/softfp/libgcc.a(_udivmoddi4.o)
 .debug_info    0x0001bade       0x3c /usr/lib/gcc/arm-none-eabi/13.2.1/thumb/v8-m.main+fp/softfp/libgcc.a(_dvmd_tls.o)
 .debug_info    0x0001bb1a       0x33 /usr/lib/gcc/arm-none-eabi/13.2.1/../../../arm-none-eabi/lib/thumb/v8-m.main+fp/softfp/libg.a(libc_a-memcpy.o)
 .debug_info    0x0001bb4d      0x11e /usr/lib/gcc/arm-none-eabi/13.2.1/../../../arm-none-eabi/lib/thumb/v8-m.main+fp/softfp/libg.a(libc_a-atexit.o)
 .debug_info    0x0001bc6b       0xbd /usr/lib/gcc/arm-none-eabi/13.2.1/../../../arm-none-eabi/lib/thumb/v8-m.main+fp/softfp/libg.a(libc_a-strlen-stub.o)
 .debug_info    0x0001bd28       0xf7 /usr/lib/gcc/arm-none-eabi/13.2.1/../../../arm-none-eabi/lib/thumb/v8-m.main+fp/softfp/libg.a(libc_a-fini.o)
 .debug_info    0x0001be1f      0x1fd /usr/lib/gcc/arm-none-eabi/13.2.1/../../../arm-none-eabi/lib/thumb/v8-m.main+fp/softfp/libg.a(libc_a-__atexit.o)
 .debug_info    0x0001c01c      0x284 /usr/lib/gcc/arm-none-eabi/13.2.1/../../../arm-none-eabi/lib/thumb/v8-m.main+fp/softfp/libg.a(libc_a-__call_atexit.o)

.debug_abbrev   0x00000000     0x5a3f
 .debug_abbrev  0x00000000      0x3ed CMakeFiles/DiskSat.dir/main.c.o
 .debug_abbrev  0x000003ed      0x487 CMakeFiles/DiskSat.dir/home/pico2/pico-sdk/src/rp2_common/hardware_gpio/gpio.c.o
 .debug_abbrev  0x00000874      0x12d CMakeFiles/DiskSat.dir/home/pico2/pico-sdk/src/rp2_common/pico_platform_panic/panic.c.o
 .debug_abbrev  0x000009a1      0x2c8 CMakeFiles/DiskSat.dir/home/pico2/pico-sdk/src/common/hardware_claim/claim.c.o
 .debug_abbrev  0x00000c69      0x1f8 CMakeFiles/DiskSat.dir/home/pico2/pico-sdk/src/rp2_common/hardware_sync/sync.c.o
 .debug_abbrev  0x00000e61      0x2a1 CMakeFiles/DiskSat.dir/home/pico2/pico-sdk/src/rp2_common/hardware_sync_spin_lock/sync_spin_lock.c.o
 .debug_abbrev  0x00001102      0x5c1 CMakeFiles/DiskSat.dir/home/pico2/pico-sdk/src/rp2_common/hardware_irq/irq.c.o
 .debug_abbrev  0x000016c3      0x130 CMakeFiles/DiskSat.dir/home/pico2/pico-sdk/src/common/pico_sync/lock_core.c.o
 .debug_abbrev  0x000017f3      0x437 CMakeFiles/DiskSat.dir/home/pico2/pico-sdk/src/common/pico_sync/mutex.c.o
 .debug_abbrev  0x00001c2a      0x632 CMakeFiles/DiskSat.dir/home/pico2/pico-sdk/src/common/pico_time/time.c.o
 .debug_abbrev  0x0000225c      0x4b4 CMakeFiles/DiskSat.dir/home/pico2/pico-sdk/src/rp2_common/hardware_timer/timer.c.o
 .debug_abbrev  0x00002710      0x335 CMakeFiles/DiskSat.dir/home/pico2/pico-sdk/src/rp2_common/hardware_uart/uart.c.o
 .debug_abbrev  0x00002a45      0x45c CMakeFiles/DiskSat.dir/home/pico2/pico-sdk/src/rp2_common/hardware_clocks/clocks.c.o
 .debug_abbrev  0x00002ea1      0x1f8 CMakeFiles/DiskSat.dir/home/pico2/pico-sdk/src/rp2_common/hardware_pll/pll.c.o
 .debug_abbrev  0x00003099      0x153 CMakeFiles/DiskSat.dir/home/pico2/pico-sdk/src/rp2_common/hardware_ticks/ticks.c.o
 .debug_abbrev  0x000031ec      0x480 CMakeFiles/DiskSat.dir/home/pico2/pico-sdk/src/rp2_common/pico_bootrom/bootrom.c.o
 .debug_abbrev  0x0000366c      0x12b CMakeFiles/DiskSat.dir/home/pico2/pico-sdk/src/rp2_common/pico_bootrom/bootrom_lock.c.o
 .debug_abbrev  0x00003797      0x200 CMakeFiles/DiskSat.dir/home/pico2/pico-sdk/src/rp2_common/hardware_boot_lock/boot_lock.c.o
 .debug_abbrev  0x00003997      0x10b CMakeFiles/DiskSat.dir/home/pico2/pico-sdk/src/rp2_common/hardware_xosc/xosc.c.o
 .debug_abbrev  0x00003aa2      0x149 CMakeFiles/DiskSat.dir/home/pico2/pico-sdk/src/rp2_common/pico_runtime/runtime.c.o
 .debug_abbrev  0x00003beb      0x2f9 CMakeFiles/DiskSat.dir/home/pico2/pico-sdk/src/rp2_common/pico_runtime_init/runtime_init.c.o
 .debug_abbrev  0x00003ee4      0x2a8 CMakeFiles/DiskSat.dir/home/pico2/pico-sdk/src/rp2_common/pico_runtime_init/runtime_init_clocks.c.o
 .debug_abbrev  0x0000418c       0x12 CMakeFiles/DiskSat.dir/home/pico2/pico-sdk/src/rp2_common/pico_double/double_aeabi_dcp.S.o
 .debug_abbrev  0x0000419e       0xb8 CMakeFiles/DiskSat.dir/home/pico2/pico-sdk/src/rp2_common/pico_standard_binary_info/standard_binary_info.c.o
 .debug_abbrev  0x00004256      0x38e CMakeFiles/DiskSat.dir/home/pico2/pico-sdk/src/rp2_common/pico_printf/printf.c.o
 .debug_abbrev  0x000045e4       0x12 CMakeFiles/DiskSat.dir/home/pico2/pico-sdk/src/rp2_common/pico_crt0/crt0.S.o
 .debug_abbrev  0x000045f6      0x35f CMakeFiles/DiskSat.dir/home/pico2/pico-sdk/src/rp2_common/pico_clib_interface/newlib_interface.c.o
 .debug_abbrev  0x00004955      0x527 CMakeFiles/DiskSat.dir/home/pico2/pico-sdk/src/rp2_common/pico_stdio/stdio.c.o
 .debug_abbrev  0x00004e7c      0x4be CMakeFiles/DiskSat.dir/home/pico2/pico-sdk/src/rp2_common/hardware_i2c/i2c.c.o
 .debug_abbrev  0x0000533a       0x14 /usr/lib/gcc/arm-none-eabi/13.2.1/thumb/v8-m.main+fp/softfp/libgcc.a(_aeabi_uldivmod.o)
 .debug_abbrev  0x0000534e      0x16a /usr/lib/gcc/arm-none-eabi/13.2.1/thumb/v8-m.main+fp/softfp/libgcc.a(_udivmoddi4.o)
 .debug_abbrev  0x000054b8       0x26 /usr/lib/gcc/arm-none-eabi/13.2.1/thumb/v8-m.main+fp/softfp/libgcc.a(_dvmd_tls.o)
 .debug_abbrev  0x000054de       0x28 /usr/lib/gcc/arm-none-eabi/13.2.1/../../../arm-none-eabi/lib/thumb/v8-m.main+fp/softfp/libg.a(libc_a-memcpy.o)
 .debug_abbrev  0x00005506       0xc1 /usr/lib/gcc/arm-none-eabi/13.2.1/../../../arm-none-eabi/lib/thumb/v8-m.main+fp/softfp/libg.a(libc_a-atexit.o)
 .debug_abbrev  0x000055c7       0x78 /usr/lib/gcc/arm-none-eabi/13.2.1/../../../arm-none-eabi/lib/thumb/v8-m.main+fp/softfp/libg.a(libc_a-strlen-stub.o)
 .debug_abbrev  0x0000563f       0xcc /usr/lib/gcc/arm-none-eabi/13.2.1/../../../arm-none-eabi/lib/thumb/v8-m.main+fp/softfp/libg.a(libc_a-fini.o)
 .debug_abbrev  0x0000570b      0x157 /usr/lib/gcc/arm-none-eabi/13.2.1/../../../arm-none-eabi/lib/thumb/v8-m.main+fp/softfp/libg.a(libc_a-__atexit.o)
 .debug_abbrev  0x00005862      0x1dd /usr/lib/gcc/arm-none-eabi/13.2.1/../../../arm-none-eabi/lib/thumb/v8-m.main+fp/softfp/libg.a(libc_a-__call_atexit.o)

.debug_loclists
                0x00000000     0xa28f
 .debug_loclists
                0x00000000      0x28e CMakeFiles/DiskSat.dir/main.c.o
 .debug_loclists
                0x0000028e      0xc50 CMakeFiles/DiskSat.dir/home/pico2/pico-sdk/src/rp2_common/hardware_gpio/gpio.c.o
 .debug_loclists
                0x00000ede      0x268 CMakeFiles/DiskSat.dir/home/pico2/pico-sdk/src/common/hardware_claim/claim.c.o
 .debug_loclists
                0x00001146       0xe6 CMakeFiles/DiskSat.dir/home/pico2/pico-sdk/src/rp2_common/hardware_sync/sync.c.o
 .debug_loclists
                0x0000122c       0xa3 CMakeFiles/DiskSat.dir/home/pico2/pico-sdk/src/rp2_common/hardware_sync_spin_lock/sync_spin_lock.c.o
 .debug_loclists
                0x000012cf      0xd9f CMakeFiles/DiskSat.dir/home/pico2/pico-sdk/src/rp2_common/hardware_irq/irq.c.o
 .debug_loclists
                0x0000206e       0x17 CMakeFiles/DiskSat.dir/home/pico2/pico-sdk/src/common/pico_sync/lock_core.c.o
 .debug_loclists
                0x00002085      0xae1 CMakeFiles/DiskSat.dir/home/pico2/pico-sdk/src/common/pico_sync/mutex.c.o
 .debug_loclists
                0x00002b66     0x1a01 CMakeFiles/DiskSat.dir/home/pico2/pico-sdk/src/common/pico_time/time.c.o
 .debug_loclists
                0x00004567      0xaf6 CMakeFiles/DiskSat.dir/home/pico2/pico-sdk/src/rp2_common/hardware_timer/timer.c.o
 .debug_loclists
                0x0000505d      0x61b CMakeFiles/DiskSat.dir/home/pico2/pico-sdk/src/rp2_common/hardware_uart/uart.c.o
 .debug_loclists
                0x00005678      0x886 CMakeFiles/DiskSat.dir/home/pico2/pico-sdk/src/rp2_common/hardware_clocks/clocks.c.o
 .debug_loclists
                0x00005efe      0x3d0 CMakeFiles/DiskSat.dir/home/pico2/pico-sdk/src/rp2_common/hardware_pll/pll.c.o
 .debug_loclists
                0x000062ce       0x80 CMakeFiles/DiskSat.dir/home/pico2/pico-sdk/src/rp2_common/hardware_ticks/ticks.c.o
 .debug_loclists
                0x0000634e      0x79d CMakeFiles/DiskSat.dir/home/pico2/pico-sdk/src/rp2_common/pico_bootrom/bootrom.c.o
 .debug_loclists
                0x00006aeb       0x8c CMakeFiles/DiskSat.dir/home/pico2/pico-sdk/src/rp2_common/hardware_boot_lock/boot_lock.c.o
 .debug_loclists
                0x00006b77       0x48 CMakeFiles/DiskSat.dir/home/pico2/pico-sdk/src/rp2_common/hardware_xosc/xosc.c.o
 .debug_loclists
                0x00006bbf       0x58 CMakeFiles/DiskSat.dir/home/pico2/pico-sdk/src/rp2_common/pico_runtime/runtime.c.o
 .debug_loclists
                0x00006c17      0x129 CMakeFiles/DiskSat.dir/home/pico2/pico-sdk/src/rp2_common/pico_runtime_init/runtime_init.c.o
 .debug_loclists
                0x00006d40       0x64 CMakeFiles/DiskSat.dir/home/pico2/pico-sdk/src/rp2_common/pico_runtime_init/runtime_init_clocks.c.o
 .debug_loclists
                0x00006da4     0x1356 CMakeFiles/DiskSat.dir/home/pico2/pico-sdk/src/rp2_common/pico_printf/printf.c.o
 .debug_loclists
                0x000080fa      0x452 CMakeFiles/DiskSat.dir/home/pico2/pico-sdk/src/rp2_common/pico_clib_interface/newlib_interface.c.o
 .debug_loclists
                0x0000854c      0x687 CMakeFiles/DiskSat.dir/home/pico2/pico-sdk/src/rp2_common/pico_stdio/stdio.c.o
 .debug_loclists
                0x00008bd3      0xaff CMakeFiles/DiskSat.dir/home/pico2/pico-sdk/src/rp2_common/hardware_i2c/i2c.c.o
 .debug_loclists
                0x000096d2      0x93f /usr/lib/gcc/arm-none-eabi/13.2.1/thumb/v8-m.main+fp/softfp/libgcc.a(_udivmoddi4.o)
 .debug_loclists
                0x0000a011       0x2b /usr/lib/gcc/arm-none-eabi/13.2.1/../../../arm-none-eabi/lib/thumb/v8-m.main+fp/softfp/libg.a(libc_a-atexit.o)
 .debug_loclists
                0x0000a03c       0x29 /usr/lib/gcc/arm-none-eabi/13.2.1/../../../arm-none-eabi/lib/thumb/v8-m.main+fp/softfp/libg.a(libc_a-strlen-stub.o)
 .debug_loclists
                0x0000a065       0x42 /usr/lib/gcc/arm-none-eabi/13.2.1/../../../arm-none-eabi/lib/thumb/v8-m.main+fp/softfp/libg.a(libc_a-fini.o)
 .debug_loclists
                0x0000a0a7       0xe6 /usr/lib/gcc/arm-none-eabi/13.2.1/../../../arm-none-eabi/lib/thumb/v8-m.main+fp/softfp/libg.a(libc_a-__atexit.o)
 .debug_loclists
                0x0000a18d      0x102 /usr/lib/gcc/arm-none-eabi/13.2.1/../../../arm-none-eabi/lib/thumb/v8-m.main+fp/softfp/libg.a(libc_a-__call_atexit.o)

.debug_aranges  0x00000000      0xe18
 .debug_aranges
                0x00000000       0x38 CMakeFiles/DiskSat.dir/main.c.o
 .debug_aranges
                0x00000038      0x120 CMakeFiles/DiskSat.dir/home/pico2/pico-sdk/src/rp2_common/hardware_gpio/gpio.c.o
 .debug_aranges
                0x00000158       0x28 CMakeFiles/DiskSat.dir/home/pico2/pico-sdk/src/rp2_common/pico_platform_panic/panic.c.o
 .debug_aranges
                0x00000180       0x48 CMakeFiles/DiskSat.dir/home/pico2/pico-sdk/src/common/hardware_claim/claim.c.o
 .debug_aranges
                0x000001c8       0x48 CMakeFiles/DiskSat.dir/home/pico2/pico-sdk/src/rp2_common/hardware_sync/sync.c.o
 .debug_aranges
                0x00000210       0x30 CMakeFiles/DiskSat.dir/home/pico2/pico-sdk/src/rp2_common/hardware_sync_spin_lock/sync_spin_lock.c.o
 .debug_aranges
                0x00000240       0xe8 CMakeFiles/DiskSat.dir/home/pico2/pico-sdk/src/rp2_common/hardware_irq/irq.c.o
 .debug_aranges
                0x00000328       0x20 CMakeFiles/DiskSat.dir/home/pico2/pico-sdk/src/common/pico_sync/lock_core.c.o
 .debug_aranges
                0x00000348       0x98 CMakeFiles/DiskSat.dir/home/pico2/pico-sdk/src/common/pico_sync/mutex.c.o
 .debug_aranges
                0x000003e0      0x120 CMakeFiles/DiskSat.dir/home/pico2/pico-sdk/src/common/pico_time/time.c.o
 .debug_aranges
                0x00000500       0xf0 CMakeFiles/DiskSat.dir/home/pico2/pico-sdk/src/rp2_common/hardware_timer/timer.c.o
 .debug_aranges
                0x000005f0       0x70 CMakeFiles/DiskSat.dir/home/pico2/pico-sdk/src/rp2_common/hardware_uart/uart.c.o
 .debug_aranges
                0x00000660       0xa8 CMakeFiles/DiskSat.dir/home/pico2/pico-sdk/src/rp2_common/hardware_clocks/clocks.c.o
 .debug_aranges
                0x00000708       0x28 CMakeFiles/DiskSat.dir/home/pico2/pico-sdk/src/rp2_common/hardware_pll/pll.c.o
 .debug_aranges
                0x00000730       0x30 CMakeFiles/DiskSat.dir/home/pico2/pico-sdk/src/rp2_common/hardware_ticks/ticks.c.o
 .debug_aranges
                0x00000760       0x80 CMakeFiles/DiskSat.dir/home/pico2/pico-sdk/src/rp2_common/pico_bootrom/bootrom.c.o
 .debug_aranges
                0x000007e0       0x20 CMakeFiles/DiskSat.dir/home/pico2/pico-sdk/src/rp2_common/pico_bootrom/bootrom_lock.c.o
 .debug_aranges
                0x00000800       0x30 CMakeFiles/DiskSat.dir/home/pico2/pico-sdk/src/rp2_common/hardware_boot_lock/boot_lock.c.o
 .debug_aranges
                0x00000830       0x30 CMakeFiles/DiskSat.dir/home/pico2/pico-sdk/src/rp2_common/hardware_xosc/xosc.c.o
 .debug_aranges
                0x00000860       0x40 CMakeFiles/DiskSat.dir/home/pico2/pico-sdk/src/rp2_common/pico_runtime/runtime.c.o
 .debug_aranges
                0x000008a0       0x58 CMakeFiles/DiskSat.dir/home/pico2/pico-sdk/src/rp2_common/pico_runtime_init/runtime_init.c.o
 .debug_aranges
                0x000008f8       0x28 CMakeFiles/DiskSat.dir/home/pico2/pico-sdk/src/rp2_common/pico_runtime_init/runtime_init_clocks.c.o
 .debug_aranges
                0x00000920       0xf8 CMakeFiles/DiskSat.dir/home/pico2/pico-sdk/src/rp2_common/pico_double/double_aeabi_dcp.S.o
 .debug_aranges
                0x00000a18       0x18 CMakeFiles/DiskSat.dir/home/pico2/pico-sdk/src/rp2_common/pico_standard_binary_info/standard_binary_info.c.o
 .debug_aranges
                0x00000a30       0x90 CMakeFiles/DiskSat.dir/home/pico2/pico-sdk/src/rp2_common/pico_printf/printf.c.o
 .debug_aranges
                0x00000ac0       0x28 CMakeFiles/DiskSat.dir/home/pico2/pico-sdk/src/rp2_common/pico_crt0/crt0.S.o
 .debug_aranges
                0x00000ae8       0xa8 CMakeFiles/DiskSat.dir/home/pico2/pico-sdk/src/rp2_common/pico_clib_interface/newlib_interface.c.o
 .debug_aranges
                0x00000b90       0xd0 CMakeFiles/DiskSat.dir/home/pico2/pico-sdk/src/rp2_common/pico_stdio/stdio.c.o
 .debug_aranges
                0x00000c60       0x90 CMakeFiles/DiskSat.dir/home/pico2/pico-sdk/src/rp2_common/hardware_i2c/i2c.c.o
 .debug_aranges
                0x00000cf0       0x20 /usr/lib/gcc/arm-none-eabi/13.2.1/thumb/v8-m.main+fp/softfp/libgcc.a(_aeabi_uldivmod.o)
 .debug_aranges
                0x00000d10       0x20 /usr/lib/gcc/arm-none-eabi/13.2.1/thumb/v8-m.main+fp/softfp/libgcc.a(_udivmoddi4.o)
 .debug_aranges
                0x00000d30       0x20 /usr/lib/gcc/arm-none-eabi/13.2.1/thumb/v8-m.main+fp/softfp/libgcc.a(_dvmd_tls.o)
 .debug_aranges
                0x00000d50       0x20 /usr/lib/gcc/arm-none-eabi/13.2.1/../../../arm-none-eabi/lib/thumb/v8-m.main+fp/softfp/libg.a(libc_a-memcpy.o)
 .debug_aranges
                0x00000d70       0x20 /usr/lib/gcc/arm-none-eabi/13.2.1/../../../arm-none-eabi/lib/thumb/v8-m.main+fp/softfp/libg.a(libc_a-atexit.o)
 .debug_aranges
                0x00000d90       0x20 /usr/lib/gcc/arm-none-eabi/13.2.1/../../../arm-none-eabi/lib/thumb/v8-m.main+fp/softfp/libg.a(libc_a-strlen-stub.o)
 .debug_aranges
                0x00000db0       0x20 /usr/lib/gcc/arm-none-eabi/13.2.1/../../../arm-none-eabi/lib/thumb/v8-m.main+fp/softfp/libg.a(libc_a-fini.o)
 .debug_aranges
                0x00000dd0       0x20 /usr/lib/gcc/arm-none-eabi/13.2.1/../../../arm-none-eabi/lib/thumb/v8-m.main+fp/softfp/libg.a(libc_a-__atexit.o)
 .debug_aranges
                0x00000df0       0x28 /usr/lib/gcc/arm-none-eabi/13.2.1/../../../arm-none-eabi/lib/thumb/v8-m.main+fp/softfp/libg.a(libc_a-__call_atexit.o)

.debug_rnglists
                0x00000000      0xec2
 .debug_rnglists
                0x00000000       0x56 CMakeFiles/DiskSat.dir/main.c.o
 .debug_rnglists
                0x00000056      0x104 CMakeFiles/DiskSat.dir/home/pico2/pico-sdk/src/rp2_common/hardware_gpio/gpio.c.o
 .debug_rnglists
                0x0000015a       0x19 CMakeFiles/DiskSat.dir/home/pico2/pico-sdk/src/rp2_common/pico_platform_panic/panic.c.o
 .debug_rnglists
                0x00000173       0x31 CMakeFiles/DiskSat.dir/home/pico2/pico-sdk/src/common/hardware_claim/claim.c.o
 .debug_rnglists
                0x000001a4       0x31 CMakeFiles/DiskSat.dir/home/pico2/pico-sdk/src/rp2_common/hardware_sync/sync.c.o
 .debug_rnglists
                0x000001d5       0x1f CMakeFiles/DiskSat.dir/home/pico2/pico-sdk/src/rp2_common/hardware_sync_spin_lock/sync_spin_lock.c.o
 .debug_rnglists
                0x000001f4       0xf6 CMakeFiles/DiskSat.dir/home/pico2/pico-sdk/src/rp2_common/hardware_irq/irq.c.o
 .debug_rnglists
                0x000002ea       0x13 CMakeFiles/DiskSat.dir/home/pico2/pico-sdk/src/common/pico_sync/lock_core.c.o
 .debug_rnglists
                0x000002fd      0x12b CMakeFiles/DiskSat.dir/home/pico2/pico-sdk/src/common/pico_sync/mutex.c.o
 .debug_rnglists
                0x00000428      0x20f CMakeFiles/DiskSat.dir/home/pico2/pico-sdk/src/common/pico_time/time.c.o
 .debug_rnglists
                0x00000637       0xca CMakeFiles/DiskSat.dir/home/pico2/pico-sdk/src/rp2_common/hardware_timer/timer.c.o
 .debug_rnglists
                0x00000701       0x8b CMakeFiles/DiskSat.dir/home/pico2/pico-sdk/src/rp2_common/hardware_uart/uart.c.o
 .debug_rnglists
                0x0000078c       0xe7 CMakeFiles/DiskSat.dir/home/pico2/pico-sdk/src/rp2_common/hardware_clocks/clocks.c.o
 .debug_rnglists
                0x00000873       0x1a CMakeFiles/DiskSat.dir/home/pico2/pico-sdk/src/rp2_common/hardware_pll/pll.c.o
 .debug_rnglists
                0x0000088d       0x1f CMakeFiles/DiskSat.dir/home/pico2/pico-sdk/src/rp2_common/hardware_ticks/ticks.c.o
 .debug_rnglists
                0x000008ac       0xbd CMakeFiles/DiskSat.dir/home/pico2/pico-sdk/src/rp2_common/pico_bootrom/bootrom.c.o
 .debug_rnglists
                0x00000969       0x13 CMakeFiles/DiskSat.dir/home/pico2/pico-sdk/src/rp2_common/pico_bootrom/bootrom_lock.c.o
 .debug_rnglists
                0x0000097c       0x1f CMakeFiles/DiskSat.dir/home/pico2/pico-sdk/src/rp2_common/hardware_boot_lock/boot_lock.c.o
 .debug_rnglists
                0x0000099b       0x1f CMakeFiles/DiskSat.dir/home/pico2/pico-sdk/src/rp2_common/hardware_xosc/xosc.c.o
 .debug_rnglists
                0x000009ba       0x2b CMakeFiles/DiskSat.dir/home/pico2/pico-sdk/src/rp2_common/pico_runtime/runtime.c.o